C:/Users/breno/Documents/HeliusAutopilot/Firmware/Core/Src/main.c:62:5:_write	32	static
C:/Users/breno/Documents/HeliusAutopilot/Firmware/Core/Src/main.c:78:13:DWT_CycleCounter_Init	4	static
C:/Users/breno/Documents/HeliusAutopilot/Firmware/Core/Src/main.c:85:17:DWT_CyclesSince	16	static
C:/Users/breno/Documents/HeliusAutopilot/Firmware/Core/Src/main.c:95:5:main	544	static
C:/Users/breno/Documents/HeliusAutopilot/Firmware/Core/Src/main.c:241:6:SystemClock_Config	88	static
C:/Users/breno/Documents/HeliusAutopilot/Firmware/Core/Src/main.c:286:13:MX_I2C1_Init	8	static
C:/Users/breno/Documents/HeliusAutopilot/Firmware/Core/Src/main.c:319:13:MX_GPIO_Init	48	static
C:/Users/breno/Documents/HeliusAutopilot/Firmware/Core/Src/main.c:355:6:Error_Handler	4	static,ignoring_inline_asm
