/home/breno/dev/HeliusAutopilot/Firmware/Core/Src/main.c:58:5:_write	24	static
/home/breno/dev/HeliusAutopilot/Firmware/Core/Src/main.c:74:5:main	168	static
/home/breno/dev/HeliusAutopilot/Firmware/Core/Src/main.c:150:6:SystemClock_Config	88	static
/home/breno/dev/HeliusAutopilot/Firmware/Core/Src/main.c:195:13:MX_I2C1_Init	8	static
/home/breno/dev/HeliusAutopilot/Firmware/Core/Src/main.c:228:13:MX_GPIO_Init	48	static
/home/breno/dev/HeliusAutopilot/Firmware/Core/Src/main.c:264:6:Error_Handler	4	static,ignoring_inline_asm
