C:/Users/breno/Documents/HeliusAutopilot/Firmware/Core/Src/stm32f4xx_it.c:69:6:NMI_Handler	4	static
C:/Users/breno/Documents/HeliusAutopilot/Firmware/Core/Src/stm32f4xx_it.c:84:6:HardFault_Handler	16	static
C:/Users/breno/Documents/HeliusAutopilot/Firmware/Core/Src/stm32f4xx_it.c:104:6:MemManage_Handler	4	static
C:/Users/breno/Documents/HeliusAutopilot/Firmware/Core/Src/stm32f4xx_it.c:119:6:BusFault_Handler	4	static
C:/Users/breno/Documents/HeliusAutopilot/Firmware/Core/Src/stm32f4xx_it.c:134:6:UsageFault_Handler	4	static
C:/Users/breno/Documents/HeliusAutopilot/Firmware/Core/Src/stm32f4xx_it.c:149:6:SVC_Handler	4	static
C:/Users/breno/Documents/HeliusAutopilot/Firmware/Core/Src/stm32f4xx_it.c:162:6:DebugMon_Handler	4	static
C:/Users/breno/Documents/HeliusAutopilot/Firmware/Core/Src/stm32f4xx_it.c:175:6:PendSV_Handler	4	static
C:/Users/breno/Documents/HeliusAutopilot/Firmware/Core/Src/stm32f4xx_it.c:188:6:SysTick_Handler	8	static
C:/Users/breno/Documents/HeliusAutopilot/Firmware/Core/Src/stm32f4xx_it.c:209:6:OTG_FS_IRQHandler	8	static
