The target system is: Generic -  - arm
The host system is: Linux - 6.8.0-136-generic - x86_64
Compiling the C compiler identification source file "CMakeCCompilerId.c" succeeded.
Compiler: /home/breno/.local/share/stm32cube/bundles/gnu-tools-for-stm32/14.3.1+st.2/bin/arm-none-eabi-gcc 
Build flags: ;-mcpu=cortex-m4;-mfpu=fpv4-sp-d16;-mfloat-abi=hard;;-Wall;-fdata-sections;-ffunction-sections;-fstack-usage;-mcpu=cortex-m4;-mfpu=fpv4-sp-d16;-mfloat-abi=hard;;-Wall;-fdata-sections;-ffunction-sections;-fstack-usage
Id flags: -c 

The output was:
0


Compilation of the C compiler identification source "CMakeCCompilerId.c" produced "CMakeCCompilerId.o"

Compilation of the C compiler identification source "CMakeCCompilerId.c" produced "CMakeCCompilerId.su"

The C compiler identification is GNU, found in "/home/breno/dev/HeliusAutopilot/build/Debug/CMakeFiles/3.22.1/CompilerIdC/CMakeCCompilerId.o"

Checking whether the ASM compiler is GNU using "--version" matched "(GNU assembler)|(GCC)|(Free Software Foundation)":
arm-none-eabi-gcc (GNU Tools for STM32 14.3.rel1.20251027-0700) 14.3.1 20250623
Copyright (C) 2024 Free Software Foundation, Inc.
This is free software; see the source for copying conditions.  There is NO
warranty; not even for MERCHANTABILITY or FITNESS FOR A PARTICULAR PURPOSE.

Detecting C compiler ABI info compiled with the following output:
Change Dir: /home/breno/dev/HeliusAutopilot/build/Debug/CMakeFiles/CMakeTmp

Run Build Command(s):/usr/bin/gmake -f Makefile cmTC_5b088/fast && /usr/bin/gmake  -f CMakeFiles/cmTC_5b088.dir/build.make CMakeFiles/cmTC_5b088.dir/build
gmake[1]: Entering directory '/home/breno/dev/HeliusAutopilot/build/Debug/CMakeFiles/CMakeTmp'
Building C object CMakeFiles/cmTC_5b088.dir/CMakeCCompilerABI.c.obj
/home/breno/.local/share/stm32cube/bundles/gnu-tools-for-stm32/14.3.1+st.2/bin/arm-none-eabi-gcc   -mcpu=cortex-m4 -mfpu=fpv4-sp-d16 -mfloat-abi=hard  -Wall -fdata-sections -ffunction-sections -fstack-usage -mcpu=cortex-m4 -mfpu=fpv4-sp-d16 -mfloat-abi=hard  -Wall -fdata-sections -ffunction-sections -fstack-usage    -v -o CMakeFiles/cmTC_5b088.dir/CMakeCCompilerABI.c.obj -c /usr/share/cmake-3.22/Modules/CMakeCCompilerABI.c
Using built-in specs.
COLLECT_GCC=/home/breno/.local/share/stm32cube/bundles/gnu-tools-for-stm32/14.3.1+st.2/bin/arm-none-eabi-gcc
Target: arm-none-eabi
Configured with: /build/gnu-tools-for-stm32_14.3.rel1.20251027-0700/src/gcc/configure --target=arm-none-eabi --prefix=/build/gnu-tools-for-stm32_14.3.rel1.20251027-0700/install-native --libexecdir=/build/gnu-tools-for-stm32_14.3.rel1.20251027-0700/install-native/lib --infodir=/build/gnu-tools-for-stm32_14.3.rel1.20251027-0700/install-native/share/doc/gcc-arm-none-eabi/info --mandir=/build/gnu-tools-for-stm32_14.3.rel1.20251027-0700/install-native/share/doc/gcc-arm-none-eabi/man --htmldir=/build/gnu-tools-for-stm32_14.3.rel1.20251027-0700/install-native/share/doc/gcc-arm-none-eabi/html --pdfdir=/build/gnu-tools-for-stm32_14.3.rel1.20251027-0700/install-native/share/doc/gcc-arm-none-eabi/pdf --enable-checking=release --enable-languages=c,c++ --enable-plugins --disable-decimal-float --disable-libffi --disable-libgomp --disable-libmudflap --disable-libquadmath --disable-libssp --disable-libstdcxx-pch --disable-nls --disable-shared --disable-threads --disable-tls --with-gnu-as --with-gnu-ld --with-newlib --with-headers=yes --with-python-dir=share/gcc-arm-none-eabi --with-sysroot=/build/gnu-tools-for-stm32_14.3.rel1.20251027-0700/install-native/arm-none-eabi --with-zstd=no --build=x86_64-linux-gnu --host=x86_64-linux-gnu --with-gmp=/build/gnu-tools-for-stm32_14.3.rel1.20251027-0700/build-native/host-libs/usr --with-mpfr=/build/gnu-tools-for-stm32_14.3.rel1.20251027-0700/build-native/host-libs/usr --with-mpc=/build/gnu-tools-for-stm32_14.3.rel1.20251027-0700/build-native/host-libs/usr --with-isl=/build/gnu-tools-for-stm32_14.3.rel1.20251027-0700/build-native/host-libs/usr --with-host-libstdcxx='-static-libgcc -Wl,-Bstatic,-lstdc++,-Bdynamic -lm' --with-pkgversion='GNU Tools for STM32 14.3.rel1.20251027-0700' --with-multilib-list=rmprofile,aprofile
Thread model: single
Supported LTO compression algorithms: zlib
gcc version 14.3.1 20250623 (GNU Tools for STM32 14.3.rel1.20251027-0700) 
COLLECT_GCC_OPTIONS='-mfpu=fpv4-sp-d16' '-mfloat-abi=hard' '-fstack-usage' '-mcpu=cortex-m4' '-mfpu=fpv4-sp-d16' '-mfloat-abi=hard' '-Wall' '-fdata-sections' '-ffunction-sections' '-fstack-usage' '-v' '-o' 'CMakeFiles/cmTC_5b088.dir/CMakeCCompilerABI.c.obj' '-c' '-mthumb' '-mlibarch=armv7e-m+fp' '-march=armv7e-m+fp' '-dumpdir' 'CMakeFiles/cmTC_5b088.dir/'
 /home/breno/.local/share/stm32cube/bundles/gnu-tools-for-stm32/14.3.1+st.2/bin/../lib/gcc/arm-none-eabi/14.3.1/cc1 -quiet -v -imultilib thumb/v7e-m+fp/hard -iprefix /home/breno/.local/share/stm32cube/bundles/gnu-tools-for-stm32/14.3.1+st.2/bin/../lib/gcc/arm-none-eabi/14.3.1/ -isysroot /home/breno/.local/share/stm32cube/bundles/gnu-tools-for-stm32/14.3.1+st.2/bin/../arm-none-eabi -D__USES_INITFINI__ /usr/share/cmake-3.22/Modules/CMakeCCompilerABI.c -quiet -dumpdir CMakeFiles/cmTC_5b088.dir/ -dumpbase CMakeCCompilerABI.c.c -dumpbase-ext .c -mfpu=fpv4-sp-d16 -mfloat-abi=hard -mcpu=cortex-m4 -mfpu=fpv4-sp-d16 -mfloat-abi=hard -mthumb -mlibarch=armv7e-m+fp -march=armv7e-m+fp -Wall -version -fstack-usage -fdata-sections -ffunction-sections -fstack-usage -o /tmp/ccbdyvg8.s
GNU C17 (GNU Tools for STM32 14.3.rel1.20251027-0700) version 14.3.1 20250623 (arm-none-eabi)
	compiled by GNU C version 7.5.0, GMP version 6.2.1, MPFR version 3.1.6, MPC version 1.0.3, isl version isl-0.15-1-g835ea3a-GMP

GGC heuristics: --param ggc-min-expand=100 --param ggc-min-heapsize=131072
ignoring duplicate directory "/home/breno/.local/share/stm32cube/bundles/gnu-tools-for-stm32/14.3.1+st.2/bin/../lib/gcc/../../lib/gcc/arm-none-eabi/14.3.1/include"
ignoring nonexistent directory "/home/breno/.local/share/stm32cube/bundles/gnu-tools-for-stm32/14.3.1+st.2/bin/../arm-none-eabi/usr/local/include"
ignoring duplicate directory "/home/breno/.local/share/stm32cube/bundles/gnu-tools-for-stm32/14.3.1+st.2/bin/../lib/gcc/../../lib/gcc/arm-none-eabi/14.3.1/include-fixed"
ignoring duplicate directory "/home/breno/.local/share/stm32cube/bundles/gnu-tools-for-stm32/14.3.1+st.2/bin/../lib/gcc/../../lib/gcc/arm-none-eabi/14.3.1/../../../../arm-none-eabi/include"
ignoring nonexistent directory "/home/breno/.local/share/stm32cube/bundles/gnu-tools-for-stm32/14.3.1+st.2/bin/../arm-none-eabi/usr/include"
#include "..." search starts here:
#include <...> search starts here:
 /home/breno/.local/share/stm32cube/bundles/gnu-tools-for-stm32/14.3.1+st.2/bin/../lib/gcc/arm-none-eabi/14.3.1/include
 /home/breno/.local/share/stm32cube/bundles/gnu-tools-for-stm32/14.3.1+st.2/bin/../lib/gcc/arm-none-eabi/14.3.1/include-fixed
 /home/breno/.local/share/stm32cube/bundles/gnu-tools-for-stm32/14.3.1+st.2/bin/../lib/gcc/arm-none-eabi/14.3.1/../../../../arm-none-eabi/include
End of search list.
Compiler executable checksum: 91583cfdc8b970f823bfd284aa7769b4
COLLECT_GCC_OPTIONS='-mfpu=fpv4-sp-d16' '-mfloat-abi=hard' '-fstack-usage' '-mcpu=cortex-m4' '-mfpu=fpv4-sp-d16' '-mfloat-abi=hard' '-Wall' '-fdata-sections' '-ffunction-sections' '-fstack-usage' '-v' '-o' 'CMakeFiles/cmTC_5b088.dir/CMakeCCompilerABI.c.obj' '-c' '-mthumb' '-mlibarch=armv7e-m+fp' '-march=armv7e-m+fp' '-dumpdir' 'CMakeFiles/cmTC_5b088.dir/'
 /home/breno/.local/share/stm32cube/bundles/gnu-tools-for-stm32/14.3.1+st.2/bin/../lib/gcc/arm-none-eabi/14.3.1/../../../../arm-none-eabi/bin/as -v -march=armv7e-m+fp -mfloat-abi=hard -mfloat-abi=hard -mfpu=fpv4-sp-d16 -mfpu=fpv4-sp-d16 -meabi=5 -o CMakeFiles/cmTC_5b088.dir/CMakeCCompilerABI.c.obj /tmp/ccbdyvg8.s
GNU assembler version 2.44.0 (arm-none-eabi) using BFD version (GNU Tools for STM32 14.3.rel1.20251027-0700) 2.44.0.20250616
COMPILER_PATH=/home/breno/.local/share/stm32cube/bundles/gnu-tools-for-stm32/14.3.1+st.2/bin/../lib/gcc/arm-none-eabi/14.3.1/:/home/breno/.local/share/stm32cube/bundles/gnu-tools-for-stm32/14.3.1+st.2/bin/../lib/gcc/:/home/breno/.local/share/stm32cube/bundles/gnu-tools-for-stm32/14.3.1+st.2/bin/../lib/gcc/arm-none-eabi/14.3.1/../../../../arm-none-eabi/bin/
LIBRARY_PATH=/home/breno/.local/share/stm32cube/bundles/gnu-tools-for-stm32/14.3.1+st.2/bin/../lib/gcc/arm-none-eabi/14.3.1/thumb/v7e-m+fp/hard/:/home/breno/.local/share/stm32cube/bundles/gnu-tools-for-stm32/14.3.1+st.2/bin/../lib/gcc/arm-none-eabi/14.3.1/../../../../arm-none-eabi/lib/thumb/v7e-m+fp/hard/:/home/breno/.local/share/stm32cube/bundles/gnu-tools-for-stm32/14.3.1+st.2/bin/../arm-none-eabi/lib/thumb/v7e-m+fp/hard/:/home/breno/.local/share/stm32cube/bundles/gnu-tools-for-stm32/14.3.1+st.2/bin/../lib/gcc/arm-none-eabi/14.3.1/:/home/breno/.local/share/stm32cube/bundles/gnu-tools-for-stm32/14.3.1+st.2/bin/../lib/gcc/:/home/breno/.local/share/stm32cube/bundles/gnu-tools-for-stm32/14.3.1+st.2/bin/../lib/gcc/arm-none-eabi/14.3.1/../../../../arm-none-eabi/lib/:/home/breno/.local/share/stm32cube/bundles/gnu-tools-for-stm32/14.3.1+st.2/bin/../arm-none-eabi/lib/
COLLECT_GCC_OPTIONS='-mfpu=fpv4-sp-d16' '-mfloat-abi=hard' '-fstack-usage' '-mcpu=cortex-m4' '-mfpu=fpv4-sp-d16' '-mfloat-abi=hard' '-Wall' '-fdata-sections' '-ffunction-sections' '-fstack-usage' '-v' '-o' 'CMakeFiles/cmTC_5b088.dir/CMakeCCompilerABI.c.obj' '-c' '-mthumb' '-mlibarch=armv7e-m+fp' '-march=armv7e-m+fp' '-dumpdir' 'CMakeFiles/cmTC_5b088.dir/CMakeCCompilerABI.c.'
Linking C static library libcmTC_5b088.a
/usr/bin/cmake -P CMakeFiles/cmTC_5b088.dir/cmake_clean_target.cmake
/usr/bin/cmake -E cmake_link_script CMakeFiles/cmTC_5b088.dir/link.txt --verbose=1
/home/breno/.local/share/stm32cube/bundles/gnu-tools-for-stm32/14.3.1+st.2/bin/arm-none-eabi-ar qc libcmTC_5b088.a CMakeFiles/cmTC_5b088.dir/CMakeCCompilerABI.c.obj
/home/breno/.local/share/stm32cube/bundles/gnu-tools-for-stm32/14.3.1+st.2/bin/arm-none-eabi-ranlib libcmTC_5b088.a
gmake[1]: Leaving directory '/home/breno/dev/HeliusAutopilot/build/Debug/CMakeFiles/CMakeTmp'



Parsed C implicit include dir info from above output: rv=done
  found start of include info
  found start of implicit include info
    add: [/home/breno/.local/share/stm32cube/bundles/gnu-tools-for-stm32/14.3.1+st.2/bin/../lib/gcc/arm-none-eabi/14.3.1/include]
    add: [/home/breno/.local/share/stm32cube/bundles/gnu-tools-for-stm32/14.3.1+st.2/bin/../lib/gcc/arm-none-eabi/14.3.1/include-fixed]
    add: [/home/breno/.local/share/stm32cube/bundles/gnu-tools-for-stm32/14.3.1+st.2/bin/../lib/gcc/arm-none-eabi/14.3.1/../../../../arm-none-eabi/include]
  end of search list found
  collapse include dir [/home/breno/.local/share/stm32cube/bundles/gnu-tools-for-stm32/14.3.1+st.2/bin/../lib/gcc/arm-none-eabi/14.3.1/include] ==> [/home/breno/.local/share/stm32cube/bundles/gnu-tools-for-stm32/14.3.1+st.2/lib/gcc/arm-none-eabi/14.3.1/include]
  collapse include dir [/home/breno/.local/share/stm32cube/bundles/gnu-tools-for-stm32/14.3.1+st.2/bin/../lib/gcc/arm-none-eabi/14.3.1/include-fixed] ==> [/home/breno/.local/share/stm32cube/bundles/gnu-tools-for-stm32/14.3.1+st.2/lib/gcc/arm-none-eabi/14.3.1/include-fixed]
  collapse include dir [/home/breno/.local/share/stm32cube/bundles/gnu-tools-for-stm32/14.3.1+st.2/bin/../lib/gcc/arm-none-eabi/14.3.1/../../../../arm-none-eabi/include] ==> [/home/breno/.local/share/stm32cube/bundles/gnu-tools-for-stm32/14.3.1+st.2/arm-none-eabi/include]
  implicit include dirs: [/home/breno/.local/share/stm32cube/bundles/gnu-tools-for-stm32/14.3.1+st.2/lib/gcc/arm-none-eabi/14.3.1/include;/home/breno/.local/share/stm32cube/bundles/gnu-tools-for-stm32/14.3.1+st.2/lib/gcc/arm-none-eabi/14.3.1/include-fixed;/home/breno/.local/share/stm32cube/bundles/gnu-tools-for-stm32/14.3.1+st.2/arm-none-eabi/include]


Parsed C implicit link information from above output:
  link line regex: [^( *|.*[/\])(arm-none-eabi-g\+\+|CMAKE_LINK_STARTFILE-NOTFOUND|([^/\]+-)?ld|collect2)[^/\]*( |$)]
  ignore line: [Change Dir: /home/breno/dev/HeliusAutopilot/build/Debug/CMakeFiles/CMakeTmp]
  ignore line: []
  ignore line: [Run Build Command(s):/usr/bin/gmake -f Makefile cmTC_5b088/fast && /usr/bin/gmake  -f CMakeFiles/cmTC_5b088.dir/build.make CMakeFiles/cmTC_5b088.dir/build]
  ignore line: [gmake[1]: Entering directory '/home/breno/dev/HeliusAutopilot/build/Debug/CMakeFiles/CMakeTmp']
  ignore line: [Building C object CMakeFiles/cmTC_5b088.dir/CMakeCCompilerABI.c.obj]
  ignore line: [/home/breno/.local/share/stm32cube/bundles/gnu-tools-for-stm32/14.3.1+st.2/bin/arm-none-eabi-gcc   -mcpu=cortex-m4 -mfpu=fpv4-sp-d16 -mfloat-abi=hard  -Wall -fdata-sections -ffunction-sections -fstack-usage -mcpu=cortex-m4 -mfpu=fpv4-sp-d16 -mfloat-abi=hard  -Wall -fdata-sections -ffunction-sections -fstack-usage    -v -o CMakeFiles/cmTC_5b088.dir/CMakeCCompilerABI.c.obj -c /usr/share/cmake-3.22/Modules/CMakeCCompilerABI.c]
  ignore line: [Using built-in specs.]
  ignore line: [COLLECT_GCC=/home/breno/.local/share/stm32cube/bundles/gnu-tools-for-stm32/14.3.1+st.2/bin/arm-none-eabi-gcc]
  ignore line: [Target: arm-none-eabi]
  ignore line: [Configured with: /build/gnu-tools-for-stm32_14.3.rel1.20251027-0700/src/gcc/configure --target=arm-none-eabi --prefix=/build/gnu-tools-for-stm32_14.3.rel1.20251027-0700/install-native --libexecdir=/build/gnu-tools-for-stm32_14.3.rel1.20251027-0700/install-native/lib --infodir=/build/gnu-tools-for-stm32_14.3.rel1.20251027-0700/install-native/share/doc/gcc-arm-none-eabi/info --mandir=/build/gnu-tools-for-stm32_14.3.rel1.20251027-0700/install-native/share/doc/gcc-arm-none-eabi/man --htmldir=/build/gnu-tools-for-stm32_14.3.rel1.20251027-0700/install-native/share/doc/gcc-arm-none-eabi/html --pdfdir=/build/gnu-tools-for-stm32_14.3.rel1.20251027-0700/install-native/share/doc/gcc-arm-none-eabi/pdf --enable-checking=release --enable-languages=c,c++ --enable-plugins --disable-decimal-float --disable-libffi --disable-libgomp --disable-libmudflap --disable-libquadmath --disable-libssp --disable-libstdcxx-pch --disable-nls --disable-shared --disable-threads --disable-tls --with-gnu-as --with-gnu-ld --with-newlib --with-headers=yes --with-python-dir=share/gcc-arm-none-eabi --with-sysroot=/build/gnu-tools-for-stm32_14.3.rel1.20251027-0700/install-native/arm-none-eabi --with-zstd=no --build=x86_64-linux-gnu --host=x86_64-linux-gnu --with-gmp=/build/gnu-tools-for-stm32_14.3.rel1.20251027-0700/build-native/host-libs/usr --with-mpfr=/build/gnu-tools-for-stm32_14.3.rel1.20251027-0700/build-native/host-libs/usr --with-mpc=/build/gnu-tools-for-stm32_14.3.rel1.20251027-0700/build-native/host-libs/usr --with-isl=/build/gnu-tools-for-stm32_14.3.rel1.20251027-0700/build-native/host-libs/usr --with-host-libstdcxx='-static-libgcc -Wl,-Bstatic,-lstdc++,-Bdynamic -lm' --with-pkgversion='GNU Tools for STM32 14.3.rel1.20251027-0700' --with-multilib-list=rmprofile,aprofile]
  ignore line: [Thread model: single]
  ignore line: [Supported LTO compression algorithms: zlib]
  ignore line: [gcc version 14.3.1 20250623 (GNU Tools for STM32 14.3.rel1.20251027-0700) ]
  ignore line: [COLLECT_GCC_OPTIONS='-mfpu=fpv4-sp-d16' '-mfloat-abi=hard' '-fstack-usage' '-mcpu=cortex-m4' '-mfpu=fpv4-sp-d16' '-mfloat-abi=hard' '-Wall' '-fdata-sections' '-ffunction-sections' '-fstack-usage' '-v' '-o' 'CMakeFiles/cmTC_5b088.dir/CMakeCCompilerABI.c.obj' '-c' '-mthumb' '-mlibarch=armv7e-m+fp' '-march=armv7e-m+fp' '-dumpdir' 'CMakeFiles/cmTC_5b088.dir/']
  ignore line: [ /home/breno/.local/share/stm32cube/bundles/gnu-tools-for-stm32/14.3.1+st.2/bin/../lib/gcc/arm-none-eabi/14.3.1/cc1 -quiet -v -imultilib thumb/v7e-m+fp/hard -iprefix /home/breno/.local/share/stm32cube/bundles/gnu-tools-for-stm32/14.3.1+st.2/bin/../lib/gcc/arm-none-eabi/14.3.1/ -isysroot /home/breno/.local/share/stm32cube/bundles/gnu-tools-for-stm32/14.3.1+st.2/bin/../arm-none-eabi -D__USES_INITFINI__ /usr/share/cmake-3.22/Modules/CMakeCCompilerABI.c -quiet -dumpdir CMakeFiles/cmTC_5b088.dir/ -dumpbase CMakeCCompilerABI.c.c -dumpbase-ext .c -mfpu=fpv4-sp-d16 -mfloat-abi=hard -mcpu=cortex-m4 -mfpu=fpv4-sp-d16 -mfloat-abi=hard -mthumb -mlibarch=armv7e-m+fp -march=armv7e-m+fp -Wall -version -fstack-usage -fdata-sections -ffunction-sections -fstack-usage -o /tmp/ccbdyvg8.s]
  ignore line: [GNU C17 (GNU Tools for STM32 14.3.rel1.20251027-0700) version 14.3.1 20250623 (arm-none-eabi)]
  ignore line: [	compiled by GNU C version 7.5.0  GMP version 6.2.1  MPFR version 3.1.6  MPC version 1.0.3  isl version isl-0.15-1-g835ea3a-GMP]
  ignore line: []
  ignore line: [GGC heuristics: --param ggc-min-expand=100 --param ggc-min-heapsize=131072]
  ignore line: [ignoring duplicate directory "/home/breno/.local/share/stm32cube/bundles/gnu-tools-for-stm32/14.3.1+st.2/bin/../lib/gcc/../../lib/gcc/arm-none-eabi/14.3.1/include"]
  ignore line: [ignoring nonexistent directory "/home/breno/.local/share/stm32cube/bundles/gnu-tools-for-stm32/14.3.1+st.2/bin/../arm-none-eabi/usr/local/include"]
  ignore line: [ignoring duplicate directory "/home/breno/.local/share/stm32cube/bundles/gnu-tools-for-stm32/14.3.1+st.2/bin/../lib/gcc/../../lib/gcc/arm-none-eabi/14.3.1/include-fixed"]
  ignore line: [ignoring duplicate directory "/home/breno/.local/share/stm32cube/bundles/gnu-tools-for-stm32/14.3.1+st.2/bin/../lib/gcc/../../lib/gcc/arm-none-eabi/14.3.1/../../../../arm-none-eabi/include"]
  ignore line: [ignoring nonexistent directory "/home/breno/.local/share/stm32cube/bundles/gnu-tools-for-stm32/14.3.1+st.2/bin/../arm-none-eabi/usr/include"]
  ignore line: [#include "..." search starts here:]
  ignore line: [#include <...> search starts here:]
  ignore line: [ /home/breno/.local/share/stm32cube/bundles/gnu-tools-for-stm32/14.3.1+st.2/bin/../lib/gcc/arm-none-eabi/14.3.1/include]
  ignore line: [ /home/breno/.local/share/stm32cube/bundles/gnu-tools-for-stm32/14.3.1+st.2/bin/../lib/gcc/arm-none-eabi/14.3.1/include-fixed]
  ignore line: [ /home/breno/.local/share/stm32cube/bundles/gnu-tools-for-stm32/14.3.1+st.2/bin/../lib/gcc/arm-none-eabi/14.3.1/../../../../arm-none-eabi/include]
  ignore line: [End of search list.]
  ignore line: [Compiler executable checksum: 91583cfdc8b970f823bfd284aa7769b4]
  ignore line: [COLLECT_GCC_OPTIONS='-mfpu=fpv4-sp-d16' '-mfloat-abi=hard' '-fstack-usage' '-mcpu=cortex-m4' '-mfpu=fpv4-sp-d16' '-mfloat-abi=hard' '-Wall' '-fdata-sections' '-ffunction-sections' '-fstack-usage' '-v' '-o' 'CMakeFiles/cmTC_5b088.dir/CMakeCCompilerABI.c.obj' '-c' '-mthumb' '-mlibarch=armv7e-m+fp' '-march=armv7e-m+fp' '-dumpdir' 'CMakeFiles/cmTC_5b088.dir/']
  ignore line: [ /home/breno/.local/share/stm32cube/bundles/gnu-tools-for-stm32/14.3.1+st.2/bin/../lib/gcc/arm-none-eabi/14.3.1/../../../../arm-none-eabi/bin/as -v -march=armv7e-m+fp -mfloat-abi=hard -mfloat-abi=hard -mfpu=fpv4-sp-d16 -mfpu=fpv4-sp-d16 -meabi=5 -o CMakeFiles/cmTC_5b088.dir/CMakeCCompilerABI.c.obj /tmp/ccbdyvg8.s]
  ignore line: [GNU assembler version 2.44.0 (arm-none-eabi) using BFD version (GNU Tools for STM32 14.3.rel1.20251027-0700) 2.44.0.20250616]
  ignore line: [COMPILER_PATH=/home/breno/.local/share/stm32cube/bundles/gnu-tools-for-stm32/14.3.1+st.2/bin/../lib/gcc/arm-none-eabi/14.3.1/:/home/breno/.local/share/stm32cube/bundles/gnu-tools-for-stm32/14.3.1+st.2/bin/../lib/gcc/:/home/breno/.local/share/stm32cube/bundles/gnu-tools-for-stm32/14.3.1+st.2/bin/../lib/gcc/arm-none-eabi/14.3.1/../../../../arm-none-eabi/bin/]
  ignore line: [LIBRARY_PATH=/home/breno/.local/share/stm32cube/bundles/gnu-tools-for-stm32/14.3.1+st.2/bin/../lib/gcc/arm-none-eabi/14.3.1/thumb/v7e-m+fp/hard/:/home/breno/.local/share/stm32cube/bundles/gnu-tools-for-stm32/14.3.1+st.2/bin/../lib/gcc/arm-none-eabi/14.3.1/../../../../arm-none-eabi/lib/thumb/v7e-m+fp/hard/:/home/breno/.local/share/stm32cube/bundles/gnu-tools-for-stm32/14.3.1+st.2/bin/../arm-none-eabi/lib/thumb/v7e-m+fp/hard/:/home/breno/.local/share/stm32cube/bundles/gnu-tools-for-stm32/14.3.1+st.2/bin/../lib/gcc/arm-none-eabi/14.3.1/:/home/breno/.local/share/stm32cube/bundles/gnu-tools-for-stm32/14.3.1+st.2/bin/../lib/gcc/:/home/breno/.local/share/stm32cube/bundles/gnu-tools-for-stm32/14.3.1+st.2/bin/../lib/gcc/arm-none-eabi/14.3.1/../../../../arm-none-eabi/lib/:/home/breno/.local/share/stm32cube/bundles/gnu-tools-for-stm32/14.3.1+st.2/bin/../arm-none-eabi/lib/]
  ignore line: [COLLECT_GCC_OPTIONS='-mfpu=fpv4-sp-d16' '-mfloat-abi=hard' '-fstack-usage' '-mcpu=cortex-m4' '-mfpu=fpv4-sp-d16' '-mfloat-abi=hard' '-Wall' '-fdata-sections' '-ffunction-sections' '-fstack-usage' '-v' '-o' 'CMakeFiles/cmTC_5b088.dir/CMakeCCompilerABI.c.obj' '-c' '-mthumb' '-mlibarch=armv7e-m+fp' '-march=armv7e-m+fp' '-dumpdir' 'CMakeFiles/cmTC_5b088.dir/CMakeCCompilerABI.c.']
  ignore line: [Linking C static library libcmTC_5b088.a]
  ignore line: [/usr/bin/cmake -P CMakeFiles/cmTC_5b088.dir/cmake_clean_target.cmake]
  ignore line: [/usr/bin/cmake -E cmake_link_script CMakeFiles/cmTC_5b088.dir/link.txt --verbose=1]
  ignore line: [/home/breno/.local/share/stm32cube/bundles/gnu-tools-for-stm32/14.3.1+st.2/bin/arm-none-eabi-ar qc libcmTC_5b088.a CMakeFiles/cmTC_5b088.dir/CMakeCCompilerABI.c.obj]
  ignore line: [/home/breno/.local/share/stm32cube/bundles/gnu-tools-for-stm32/14.3.1+st.2/bin/arm-none-eabi-ranlib libcmTC_5b088.a]
  ignore line: [gmake[1]: Leaving directory '/home/breno/dev/HeliusAutopilot/build/Debug/CMakeFiles/CMakeTmp']
  ignore line: []
  ignore line: []
  implicit libs: []
  implicit objs: []
  implicit dirs: []
  implicit fwks: []


Compiling the CXX compiler identification source file "CMakeCXXCompilerId.cpp" succeeded.
Compiler: /home/breno/.local/share/stm32cube/bundles/gnu-tools-for-stm32/14.3.1+st.2/bin/arm-none-eabi-g++ 
Build flags: ;-mcpu=cortex-m4;-mfpu=fpv4-sp-d16;-mfloat-abi=hard;;-Wall;-fdata-sections;-ffunction-sections;-fstack-usage;-mcpu=cortex-m4;-mfpu=fpv4-sp-d16;-mfloat-abi=hard;;-Wall;-fdata-sections;-ffunction-sections;-fstack-usage;-fno-rtti;-fno-exceptions;-fno-threadsafe-statics
Id flags: -c 

The output was:
0


Compilation of the CXX compiler identification source "CMakeCXXCompilerId.cpp" produced "CMakeCXXCompilerId.o"

Compilation of the CXX compiler identification source "CMakeCXXCompilerId.cpp" produced "CMakeCXXCompilerId.su"

The CXX compiler identification is GNU, found in "/home/breno/dev/HeliusAutopilot/build/Debug/CMakeFiles/3.22.1/CompilerIdCXX/CMakeCXXCompilerId.o"

Detecting CXX compiler ABI info compiled with the following output:
Change Dir: /home/breno/dev/HeliusAutopilot/build/Debug/CMakeFiles/CMakeTmp

Run Build Command(s):/usr/bin/gmake -f Makefile cmTC_c0f10/fast && /usr/bin/gmake  -f CMakeFiles/cmTC_c0f10.dir/build.make CMakeFiles/cmTC_c0f10.dir/build
gmake[1]: Entering directory '/home/breno/dev/HeliusAutopilot/build/Debug/CMakeFiles/CMakeTmp'
Building CXX object CMakeFiles/cmTC_c0f10.dir/CMakeCXXCompilerABI.cpp.obj
/home/breno/.local/share/stm32cube/bundles/gnu-tools-for-stm32/14.3.1+st.2/bin/arm-none-eabi-g++   -mcpu=cortex-m4 -mfpu=fpv4-sp-d16 -mfloat-abi=hard  -Wall -fdata-sections -ffunction-sections -fstack-usage -mcpu=cortex-m4 -mfpu=fpv4-sp-d16 -mfloat-abi=hard  -Wall -fdata-sections -ffunction-sections -fstack-usage -fno-rtti -fno-exceptions -fno-threadsafe-statics    -v -o CMakeFiles/cmTC_c0f10.dir/CMakeCXXCompilerABI.cpp.obj -c /usr/share/cmake-3.22/Modules/CMakeCXXCompilerABI.cpp
Using built-in specs.
COLLECT_GCC=/home/breno/.local/share/stm32cube/bundles/gnu-tools-for-stm32/14.3.1+st.2/bin/arm-none-eabi-g++
Target: arm-none-eabi
Configured with: /build/gnu-tools-for-stm32_14.3.rel1.20251027-0700/src/gcc/configure --target=arm-none-eabi --prefix=/build/gnu-tools-for-stm32_14.3.rel1.20251027-0700/install-native --libexecdir=/build/gnu-tools-for-stm32_14.3.rel1.20251027-0700/install-native/lib --infodir=/build/gnu-tools-for-stm32_14.3.rel1.20251027-0700/install-native/share/doc/gcc-arm-none-eabi/info --mandir=/build/gnu-tools-for-stm32_14.3.rel1.20251027-0700/install-native/share/doc/gcc-arm-none-eabi/man --htmldir=/build/gnu-tools-for-stm32_14.3.rel1.20251027-0700/install-native/share/doc/gcc-arm-none-eabi/html --pdfdir=/build/gnu-tools-for-stm32_14.3.rel1.20251027-0700/install-native/share/doc/gcc-arm-none-eabi/pdf --enable-checking=release --enable-languages=c,c++ --enable-plugins --disable-decimal-float --disable-libffi --disable-libgomp --disable-libmudflap --disable-libquadmath --disable-libssp --disable-libstdcxx-pch --disable-nls --disable-shared --disable-threads --disable-tls --with-gnu-as --with-gnu-ld --with-newlib --with-headers=yes --with-python-dir=share/gcc-arm-none-eabi --with-sysroot=/build/gnu-tools-for-stm32_14.3.rel1.20251027-0700/install-native/arm-none-eabi --with-zstd=no --build=x86_64-linux-gnu --host=x86_64-linux-gnu --with-gmp=/build/gnu-tools-for-stm32_14.3.rel1.20251027-0700/build-native/host-libs/usr --with-mpfr=/build/gnu-tools-for-stm32_14.3.rel1.20251027-0700/build-native/host-libs/usr --with-mpc=/build/gnu-tools-for-stm32_14.3.rel1.20251027-0700/build-native/host-libs/usr --with-isl=/build/gnu-tools-for-stm32_14.3.rel1.20251027-0700/build-native/host-libs/usr --with-host-libstdcxx='-static-libgcc -Wl,-Bstatic,-lstdc++,-Bdynamic -lm' --with-pkgversion='GNU Tools for STM32 14.3.rel1.20251027-0700' --with-multilib-list=rmprofile,aprofile
Thread model: single
Supported LTO compression algorithms: zlib
gcc version 14.3.1 20250623 (GNU Tools for STM32 14.3.rel1.20251027-0700) 
COLLECT_GCC_OPTIONS='-mfpu=fpv4-sp-d16' '-mfloat-abi=hard' '-fstack-usage' '-mcpu=cortex-m4' '-mfpu=fpv4-sp-d16' '-mfloat-abi=hard' '-Wall' '-fdata-sections' '-ffunction-sections' '-fstack-usage' '-fno-rtti' '-fno-exceptions' '-fno-threadsafe-statics' '-v' '-o' 'CMakeFiles/cmTC_c0f10.dir/CMakeCXXCompilerABI.cpp.obj' '-c' '-mthumb' '-mlibarch=armv7e-m+fp' '-march=armv7e-m+fp' '-dumpdir' 'CMakeFiles/cmTC_c0f10.dir/'
 /home/breno/.local/share/stm32cube/bundles/gnu-tools-for-stm32/14.3.1+st.2/bin/../lib/gcc/arm-none-eabi/14.3.1/cc1plus -quiet -v -imultilib thumb/v7e-m+fp/hard -iprefix /home/breno/.local/share/stm32cube/bundles/gnu-tools-for-stm32/14.3.1+st.2/bin/../lib/gcc/arm-none-eabi/14.3.1/ -isysroot /home/breno/.local/share/stm32cube/bundles/gnu-tools-for-stm32/14.3.1+st.2/bin/../arm-none-eabi -D__USES_INITFINI__ /usr/share/cmake-3.22/Modules/CMakeCXXCompilerABI.cpp -quiet -dumpdir CMakeFiles/cmTC_c0f10.dir/ -dumpbase CMakeCXXCompilerABI.cpp.cpp -dumpbase-ext .cpp -mfpu=fpv4-sp-d16 -mfloat-abi=hard -mcpu=cortex-m4 -mfpu=fpv4-sp-d16 -mfloat-abi=hard -mthumb -mlibarch=armv7e-m+fp -march=armv7e-m+fp -Wall -version -fstack-usage -fdata-sections -ffunction-sections -fstack-usage -fno-rtti -fno-exceptions -fno-threadsafe-statics -o /tmp/cc6Qhlkm.s
GNU C++17 (GNU Tools for STM32 14.3.rel1.20251027-0700) version 14.3.1 20250623 (arm-none-eabi)
	compiled by GNU C version 7.5.0, GMP version 6.2.1, MPFR version 3.1.6, MPC version 1.0.3, isl version isl-0.15-1-g835ea3a-GMP

GGC heuristics: --param ggc-min-expand=100 --param ggc-min-heapsize=131072
ignoring duplicate directory "/home/breno/.local/share/stm32cube/bundles/gnu-tools-for-stm32/14.3.1+st.2/bin/../lib/gcc/../../lib/gcc/arm-none-eabi/14.3.1/../../../../arm-none-eabi/include/c++/14.3.1"
ignoring duplicate directory "/home/breno/.local/share/stm32cube/bundles/gnu-tools-for-stm32/14.3.1+st.2/bin/../lib/gcc/../../lib/gcc/arm-none-eabi/14.3.1/../../../../arm-none-eabi/include/c++/14.3.1/arm-none-eabi/thumb/v7e-m+fp/hard"
ignoring duplicate directory "/home/breno/.local/share/stm32cube/bundles/gnu-tools-for-stm32/14.3.1+st.2/bin/../lib/gcc/../../lib/gcc/arm-none-eabi/14.3.1/../../../../arm-none-eabi/include/c++/14.3.1/backward"
ignoring duplicate directory "/home/breno/.local/share/stm32cube/bundles/gnu-tools-for-stm32/14.3.1+st.2/bin/../lib/gcc/../../lib/gcc/arm-none-eabi/14.3.1/include"
ignoring nonexistent directory "/home/breno/.local/share/stm32cube/bundles/gnu-tools-for-stm32/14.3.1+st.2/bin/../arm-none-eabi/usr/local/include"
ignoring duplicate directory "/home/breno/.local/share/stm32cube/bundles/gnu-tools-for-stm32/14.3.1+st.2/bin/../lib/gcc/../../lib/gcc/arm-none-eabi/14.3.1/include-fixed"
ignoring duplicate directory "/home/breno/.local/share/stm32cube/bundles/gnu-tools-for-stm32/14.3.1+st.2/bin/../lib/gcc/../../lib/gcc/arm-none-eabi/14.3.1/../../../../arm-none-eabi/include"
ignoring nonexistent directory "/home/breno/.local/share/stm32cube/bundles/gnu-tools-for-stm32/14.3.1+st.2/bin/../arm-none-eabi/usr/include"
#include "..." search starts here:
#include <...> search starts here:
 /home/breno/.local/share/stm32cube/bundles/gnu-tools-for-stm32/14.3.1+st.2/bin/../lib/gcc/arm-none-eabi/14.3.1/../../../../arm-none-eabi/include/c++/14.3.1
 /home/breno/.local/share/stm32cube/bundles/gnu-tools-for-stm32/14.3.1+st.2/bin/../lib/gcc/arm-none-eabi/14.3.1/../../../../arm-none-eabi/include/c++/14.3.1/arm-none-eabi/thumb/v7e-m+fp/hard
 /home/breno/.local/share/stm32cube/bundles/gnu-tools-for-stm32/14.3.1+st.2/bin/../lib/gcc/arm-none-eabi/14.3.1/../../../../arm-none-eabi/include/c++/14.3.1/backward
 /home/breno/.local/share/stm32cube/bundles/gnu-tools-for-stm32/14.3.1+st.2/bin/../lib/gcc/arm-none-eabi/14.3.1/include
 /home/breno/.local/share/stm32cube/bundles/gnu-tools-for-stm32/14.3.1+st.2/bin/../lib/gcc/arm-none-eabi/14.3.1/include-fixed
 /home/breno/.local/share/stm32cube/bundles/gnu-tools-for-stm32/14.3.1+st.2/bin/../lib/gcc/arm-none-eabi/14.3.1/../../../../arm-none-eabi/include
End of search list.
Compiler executable checksum: c7a0cbb4c17df2df56ed6be1c1e04844
COLLECT_GCC_OPTIONS='-mfpu=fpv4-sp-d16' '-mfloat-abi=hard' '-fstack-usage' '-mcpu=cortex-m4' '-mfpu=fpv4-sp-d16' '-mfloat-abi=hard' '-Wall' '-fdata-sections' '-ffunction-sections' '-fstack-usage' '-fno-rtti' '-fno-exceptions' '-fno-threadsafe-statics' '-v' '-o' 'CMakeFiles/cmTC_c0f10.dir/CMakeCXXCompilerABI.cpp.obj' '-c' '-mthumb' '-mlibarch=armv7e-m+fp' '-march=armv7e-m+fp' '-dumpdir' 'CMakeFiles/cmTC_c0f10.dir/'
 /home/breno/.local/share/stm32cube/bundles/gnu-tools-for-stm32/14.3.1+st.2/bin/../lib/gcc/arm-none-eabi/14.3.1/../../../../arm-none-eabi/bin/as -v -march=armv7e-m+fp -mfloat-abi=hard -mfloat-abi=hard -mfpu=fpv4-sp-d16 -mfpu=fpv4-sp-d16 -meabi=5 -o CMakeFiles/cmTC_c0f10.dir/CMakeCXXCompilerABI.cpp.obj /tmp/cc6Qhlkm.s
GNU assembler version 2.44.0 (arm-none-eabi) using BFD version (GNU Tools for STM32 14.3.rel1.20251027-0700) 2.44.0.20250616
COMPILER_PATH=/home/breno/.local/share/stm32cube/bundles/gnu-tools-for-stm32/14.3.1+st.2/bin/../lib/gcc/arm-none-eabi/14.3.1/:/home/breno/.local/share/stm32cube/bundles/gnu-tools-for-stm32/14.3.1+st.2/bin/../lib/gcc/:/home/breno/.local/share/stm32cube/bundles/gnu-tools-for-stm32/14.3.1+st.2/bin/../lib/gcc/arm-none-eabi/14.3.1/../../../../arm-none-eabi/bin/
LIBRARY_PATH=/home/breno/.local/share/stm32cube/bundles/gnu-tools-for-stm32/14.3.1+st.2/bin/../lib/gcc/arm-none-eabi/14.3.1/thumb/v7e-m+fp/hard/:/home/breno/.local/share/stm32cube/bundles/gnu-tools-for-stm32/14.3.1+st.2/bin/../lib/gcc/arm-none-eabi/14.3.1/../../../../arm-none-eabi/lib/thumb/v7e-m+fp/hard/:/home/breno/.local/share/stm32cube/bundles/gnu-tools-for-stm32/14.3.1+st.2/bin/../arm-none-eabi/lib/thumb/v7e-m+fp/hard/:/home/breno/.local/share/stm32cube/bundles/gnu-tools-for-stm32/14.3.1+st.2/bin/../lib/gcc/arm-none-eabi/14.3.1/:/home/breno/.local/share/stm32cube/bundles/gnu-tools-for-stm32/14.3.1+st.2/bin/../lib/gcc/:/home/breno/.local/share/stm32cube/bundles/gnu-tools-for-stm32/14.3.1+st.2/bin/../lib/gcc/arm-none-eabi/14.3.1/../../../../arm-none-eabi/lib/:/home/breno/.local/share/stm32cube/bundles/gnu-tools-for-stm32/14.3.1+st.2/bin/../arm-none-eabi/lib/
COLLECT_GCC_OPTIONS='-mfpu=fpv4-sp-d16' '-mfloat-abi=hard' '-fstack-usage' '-mcpu=cortex-m4' '-mfpu=fpv4-sp-d16' '-mfloat-abi=hard' '-Wall' '-fdata-sections' '-ffunction-sections' '-fstack-usage' '-fno-rtti' '-fno-exceptions' '-fno-threadsafe-statics' '-v' '-o' 'CMakeFiles/cmTC_c0f10.dir/CMakeCXXCompilerABI.cpp.obj' '-c' '-mthumb' '-mlibarch=armv7e-m+fp' '-march=armv7e-m+fp' '-dumpdir' 'CMakeFiles/cmTC_c0f10.dir/CMakeCXXCompilerABI.cpp.'
Linking CXX static library libcmTC_c0f10.a
/usr/bin/cmake -P CMakeFiles/cmTC_c0f10.dir/cmake_clean_target.cmake
/usr/bin/cmake -E cmake_link_script CMakeFiles/cmTC_c0f10.dir/link.txt --verbose=1
/home/breno/.local/share/stm32cube/bundles/gnu-tools-for-stm32/14.3.1+st.2/bin/arm-none-eabi-ar qc libcmTC_c0f10.a CMakeFiles/cmTC_c0f10.dir/CMakeCXXCompilerABI.cpp.obj
/home/breno/.local/share/stm32cube/bundles/gnu-tools-for-stm32/14.3.1+st.2/bin/arm-none-eabi-ranlib libcmTC_c0f10.a
gmake[1]: Leaving directory '/home/breno/dev/HeliusAutopilot/build/Debug/CMakeFiles/CMakeTmp'



Parsed CXX implicit include dir info from above output: rv=done
  found start of include info
  found start of implicit include info
    add: [/home/breno/.local/share/stm32cube/bundles/gnu-tools-for-stm32/14.3.1+st.2/bin/../lib/gcc/arm-none-eabi/14.3.1/../../../../arm-none-eabi/include/c++/14.3.1]
    add: [/home/breno/.local/share/stm32cube/bundles/gnu-tools-for-stm32/14.3.1+st.2/bin/../lib/gcc/arm-none-eabi/14.3.1/../../../../arm-none-eabi/include/c++/14.3.1/arm-none-eabi/thumb/v7e-m+fp/hard]
    add: [/home/breno/.local/share/stm32cube/bundles/gnu-tools-for-stm32/14.3.1+st.2/bin/../lib/gcc/arm-none-eabi/14.3.1/../../../../arm-none-eabi/include/c++/14.3.1/backward]
    add: [/home/breno/.local/share/stm32cube/bundles/gnu-tools-for-stm32/14.3.1+st.2/bin/../lib/gcc/arm-none-eabi/14.3.1/include]
    add: [/home/breno/.local/share/stm32cube/bundles/gnu-tools-for-stm32/14.3.1+st.2/bin/../lib/gcc/arm-none-eabi/14.3.1/include-fixed]
    add: [/home/breno/.local/share/stm32cube/bundles/gnu-tools-for-stm32/14.3.1+st.2/bin/../lib/gcc/arm-none-eabi/14.3.1/../../../../arm-none-eabi/include]
  end of search list found
  collapse include dir [/home/breno/.local/share/stm32cube/bundles/gnu-tools-for-stm32/14.3.1+st.2/bin/../lib/gcc/arm-none-eabi/14.3.1/../../../../arm-none-eabi/include/c++/14.3.1] ==> [/home/breno/.local/share/stm32cube/bundles/gnu-tools-for-stm32/14.3.1+st.2/arm-none-eabi/include/c++/14.3.1]
  collapse include dir [/home/breno/.local/share/stm32cube/bundles/gnu-tools-for-stm32/14.3.1+st.2/bin/../lib/gcc/arm-none-eabi/14.3.1/../../../../arm-none-eabi/include/c++/14.3.1/arm-none-eabi/thumb/v7e-m+fp/hard] ==> [/home/breno/.local/share/stm32cube/bundles/gnu-tools-for-stm32/14.3.1+st.2/arm-none-eabi/include/c++/14.3.1/arm-none-eabi/thumb/v7e-m+fp/hard]
  collapse include dir [/home/breno/.local/share/stm32cube/bundles/gnu-tools-for-stm32/14.3.1+st.2/bin/../lib/gcc/arm-none-eabi/14.3.1/../../../../arm-none-eabi/include/c++/14.3.1/backward] ==> [/home/breno/.local/share/stm32cube/bundles/gnu-tools-for-stm32/14.3.1+st.2/arm-none-eabi/include/c++/14.3.1/backward]
  collapse include dir [/home/breno/.local/share/stm32cube/bundles/gnu-tools-for-stm32/14.3.1+st.2/bin/../lib/gcc/arm-none-eabi/14.3.1/include] ==> [/home/breno/.local/share/stm32cube/bundles/gnu-tools-for-stm32/14.3.1+st.2/lib/gcc/arm-none-eabi/14.3.1/include]
  collapse include dir [/home/breno/.local/share/stm32cube/bundles/gnu-tools-for-stm32/14.3.1+st.2/bin/../lib/gcc/arm-none-eabi/14.3.1/include-fixed] ==> [/home/breno/.local/share/stm32cube/bundles/gnu-tools-for-stm32/14.3.1+st.2/lib/gcc/arm-none-eabi/14.3.1/include-fixed]
  collapse include dir [/home/breno/.local/share/stm32cube/bundles/gnu-tools-for-stm32/14.3.1+st.2/bin/../lib/gcc/arm-none-eabi/14.3.1/../../../../arm-none-eabi/include] ==> [/home/breno/.local/share/stm32cube/bundles/gnu-tools-for-stm32/14.3.1+st.2/arm-none-eabi/include]
  implicit include dirs: [/home/breno/.local/share/stm32cube/bundles/gnu-tools-for-stm32/14.3.1+st.2/arm-none-eabi/include/c++/14.3.1;/home/breno/.local/share/stm32cube/bundles/gnu-tools-for-stm32/14.3.1+st.2/arm-none-eabi/include/c++/14.3.1/arm-none-eabi/thumb/v7e-m+fp/hard;/home/breno/.local/share/stm32cube/bundles/gnu-tools-for-stm32/14.3.1+st.2/arm-none-eabi/include/c++/14.3.1/backward;/home/breno/.local/share/stm32cube/bundles/gnu-tools-for-stm32/14.3.1+st.2/lib/gcc/arm-none-eabi/14.3.1/include;/home/breno/.local/share/stm32cube/bundles/gnu-tools-for-stm32/14.3.1+st.2/lib/gcc/arm-none-eabi/14.3.1/include-fixed;/home/breno/.local/share/stm32cube/bundles/gnu-tools-for-stm32/14.3.1+st.2/arm-none-eabi/include]


Parsed CXX implicit link information from above output:
  link line regex: [^( *|.*[/\])(arm-none-eabi-g\+\+|CMAKE_LINK_STARTFILE-NOTFOUND|([^/\]+-)?ld|collect2)[^/\]*( |$)]
  ignore line: [Change Dir: /home/breno/dev/HeliusAutopilot/build/Debug/CMakeFiles/CMakeTmp]
  ignore line: []
  ignore line: [Run Build Command(s):/usr/bin/gmake -f Makefile cmTC_c0f10/fast && /usr/bin/gmake  -f CMakeFiles/cmTC_c0f10.dir/build.make CMakeFiles/cmTC_c0f10.dir/build]
  ignore line: [gmake[1]: Entering directory '/home/breno/dev/HeliusAutopilot/build/Debug/CMakeFiles/CMakeTmp']
  ignore line: [Building CXX object CMakeFiles/cmTC_c0f10.dir/CMakeCXXCompilerABI.cpp.obj]
  link line: [/home/breno/.local/share/stm32cube/bundles/gnu-tools-for-stm32/14.3.1+st.2/bin/arm-none-eabi-g++   -mcpu=cortex-m4 -mfpu=fpv4-sp-d16 -mfloat-abi=hard  -Wall -fdata-sections -ffunction-sections -fstack-usage -mcpu=cortex-m4 -mfpu=fpv4-sp-d16 -mfloat-abi=hard  -Wall -fdata-sections -ffunction-sections -fstack-usage -fno-rtti -fno-exceptions -fno-threadsafe-statics    -v -o CMakeFiles/cmTC_c0f10.dir/CMakeCXXCompilerABI.cpp.obj -c /usr/share/cmake-3.22/Modules/CMakeCXXCompilerABI.cpp]
    arg [/home/breno/.local/share/stm32cube/bundles/gnu-tools-for-stm32/14.3.1+st.2/bin/arm-none-eabi-g++] ==> ignore
    arg [-mcpu=cortex-m4] ==> ignore
    arg [-mfpu=fpv4-sp-d16] ==> ignore
    arg [-mfloat-abi=hard] ==> ignore
    arg [-Wall] ==> ignore
    arg [-fdata-sections] ==> ignore
    arg [-ffunction-sections] ==> ignore
    arg [-fstack-usage] ==> ignore
    arg [-mcpu=cortex-m4] ==> ignore
    arg [-mfpu=fpv4-sp-d16] ==> ignore
    arg [-mfloat-abi=hard] ==> ignore
    arg [-Wall] ==> ignore
    arg [-fdata-sections] ==> ignore
    arg [-ffunction-sections] ==> ignore
    arg [-fstack-usage] ==> ignore
    arg [-fno-rtti] ==> ignore
    arg [-fno-exceptions] ==> ignore
    arg [-fno-threadsafe-statics] ==> ignore
    arg [-v] ==> ignore
    arg [-o] ==> ignore
    arg [CMakeFiles/cmTC_c0f10.dir/CMakeCXXCompilerABI.cpp.obj] ==> ignore
    arg [-c] ==> ignore
    arg [/usr/share/cmake-3.22/Modules/CMakeCXXCompilerABI.cpp] ==> ignore
  implicit libs: []
  implicit objs: []
  implicit dirs: []
  implicit fwks: []


The target system is: Generic -  - arm
The host system is: Linux - 6.8.0-136-generic - x86_64
Compiling the C compiler identification source file "CMakeCCompilerId.c" succeeded.
Compiler: /home/breno/.local/share/stm32cube/bundles/gnu-tools-for-stm32/14.3.1+st.2/bin/arm-none-eabi-gcc 
Build flags: ;-mcpu=cortex-m4;-mfpu=fpv4-sp-d16;-mfloat-abi=hard;;-Wall;-fdata-sections;-ffunction-sections;-fstack-usage;-mcpu=cortex-m4;-mfpu=fpv4-sp-d16;-mfloat-abi=hard;;-Wall;-fdata-sections;-ffunction-sections;-fstack-usage
Id flags: -c 

The output was:
0


Compilation of the C compiler identification source "CMakeCCompilerId.c" produced "CMakeCCompilerId.o"

Compilation of the C compiler identification source "CMakeCCompilerId.c" produced "CMakeCCompilerId.su"

The C compiler identification is GNU, found in "/home/breno/dev/HeliusAutopilot/build/Debug/CMakeFiles/3.22.1/CompilerIdC/CMakeCCompilerId.o"

Checking whether the ASM compiler is GNU using "--version" matched "(GNU assembler)|(GCC)|(Free Software Foundation)":
arm-none-eabi-gcc (GNU Tools for STM32 14.3.rel1.20251027-0700) 14.3.1 20250623
Copyright (C) 2024 Free Software Foundation, Inc.
This is free software; see the source for copying conditions.  There is NO
warranty; not even for MERCHANTABILITY or FITNESS FOR A PARTICULAR PURPOSE.

Detecting C compiler ABI info compiled with the following output:
Change Dir: /home/breno/dev/HeliusAutopilot/build/Debug/CMakeFiles/CMakeTmp

Run Build Command(s):/usr/bin/ninja cmTC_6e27a && [1/2] Building C object CMakeFiles/cmTC_6e27a.dir/CMakeCCompilerABI.c.obj
Using built-in specs.
COLLECT_GCC=/home/breno/.local/share/stm32cube/bundles/gnu-tools-for-stm32/14.3.1+st.2/bin/arm-none-eabi-gcc
Target: arm-none-eabi
Configured with: /build/gnu-tools-for-stm32_14.3.rel1.20251027-0700/src/gcc/configure --target=arm-none-eabi --prefix=/build/gnu-tools-for-stm32_14.3.rel1.20251027-0700/install-native --libexecdir=/build/gnu-tools-for-stm32_14.3.rel1.20251027-0700/install-native/lib --infodir=/build/gnu-tools-for-stm32_14.3.rel1.20251027-0700/install-native/share/doc/gcc-arm-none-eabi/info --mandir=/build/gnu-tools-for-stm32_14.3.rel1.20251027-0700/install-native/share/doc/gcc-arm-none-eabi/man --htmldir=/build/gnu-tools-for-stm32_14.3.rel1.20251027-0700/install-native/share/doc/gcc-arm-none-eabi/html --pdfdir=/build/gnu-tools-for-stm32_14.3.rel1.20251027-0700/install-native/share/doc/gcc-arm-none-eabi/pdf --enable-checking=release --enable-languages=c,c++ --enable-plugins --disable-decimal-float --disable-libffi --disable-libgomp --disable-libmudflap --disable-libquadmath --disable-libssp --disable-libstdcxx-pch --disable-nls --disable-shared --disable-threads --disable-tls --with-gnu-as --with-gnu-ld --with-newlib --with-headers=yes --with-python-dir=share/gcc-arm-none-eabi --with-sysroot=/build/gnu-tools-for-stm32_14.3.rel1.20251027-0700/install-native/arm-none-eabi --with-zstd=no --build=x86_64-linux-gnu --host=x86_64-linux-gnu --with-gmp=/build/gnu-tools-for-stm32_14.3.rel1.20251027-0700/build-native/host-libs/usr --with-mpfr=/build/gnu-tools-for-stm32_14.3.rel1.20251027-0700/build-native/host-libs/usr --with-mpc=/build/gnu-tools-for-stm32_14.3.rel1.20251027-0700/build-native/host-libs/usr --with-isl=/build/gnu-tools-for-stm32_14.3.rel1.20251027-0700/build-native/host-libs/usr --with-host-libstdcxx='-static-libgcc -Wl,-Bstatic,-lstdc++,-Bdynamic -lm' --with-pkgversion='GNU Tools for STM32 14.3.rel1.20251027-0700' --with-multilib-list=rmprofile,aprofile
Thread model: single
Supported LTO compression algorithms: zlib
gcc version 14.3.1 20250623 (GNU Tools for STM32 14.3.rel1.20251027-0700) 
COLLECT_GCC_OPTIONS='-mfpu=fpv4-sp-d16' '-mfloat-abi=hard' '-fstack-usage' '-mcpu=cortex-m4' '-mfpu=fpv4-sp-d16' '-mfloat-abi=hard' '-Wall' '-fdata-sections' '-ffunction-sections' '-fstack-usage' '-v' '-o' 'CMakeFiles/cmTC_6e27a.dir/CMakeCCompilerABI.c.obj' '-c' '-mthumb' '-mlibarch=armv7e-m+fp' '-march=armv7e-m+fp' '-dumpdir' 'CMakeFiles/cmTC_6e27a.dir/'
 /home/breno/.local/share/stm32cube/bundles/gnu-tools-for-stm32/14.3.1+st.2/bin/../lib/gcc/arm-none-eabi/14.3.1/cc1 -quiet -v -imultilib thumb/v7e-m+fp/hard -iprefix /home/breno/.local/share/stm32cube/bundles/gnu-tools-for-stm32/14.3.1+st.2/bin/../lib/gcc/arm-none-eabi/14.3.1/ -isysroot /home/breno/.local/share/stm32cube/bundles/gnu-tools-for-stm32/14.3.1+st.2/bin/../arm-none-eabi -D__USES_INITFINI__ /usr/share/cmake-3.22/Modules/CMakeCCompilerABI.c -quiet -dumpdir CMakeFiles/cmTC_6e27a.dir/ -dumpbase CMakeCCompilerABI.c.c -dumpbase-ext .c -mfpu=fpv4-sp-d16 -mfloat-abi=hard -mcpu=cortex-m4 -mfpu=fpv4-sp-d16 -mfloat-abi=hard -mthumb -mlibarch=armv7e-m+fp -march=armv7e-m+fp -Wall -version -fstack-usage -fdata-sections -ffunction-sections -fstack-usage -o /tmp/ccmKQ2nd.s
GNU C17 (GNU Tools for STM32 14.3.rel1.20251027-0700) version 14.3.1 20250623 (arm-none-eabi)
	compiled by GNU C version 7.5.0, GMP version 6.2.1, MPFR version 3.1.6, MPC version 1.0.3, isl version isl-0.15-1-g835ea3a-GMP

GGC heuristics: --param ggc-min-expand=100 --param ggc-min-heapsize=131072
ignoring duplicate directory "/home/breno/.local/share/stm32cube/bundles/gnu-tools-for-stm32/14.3.1+st.2/bin/../lib/gcc/../../lib/gcc/arm-none-eabi/14.3.1/include"
ignoring nonexistent directory "/home/breno/.local/share/stm32cube/bundles/gnu-tools-for-stm32/14.3.1+st.2/bin/../arm-none-eabi/usr/local/include"
ignoring duplicate directory "/home/breno/.local/share/stm32cube/bundles/gnu-tools-for-stm32/14.3.1+st.2/bin/../lib/gcc/../../lib/gcc/arm-none-eabi/14.3.1/include-fixed"
ignoring duplicate directory "/home/breno/.local/share/stm32cube/bundles/gnu-tools-for-stm32/14.3.1+st.2/bin/../lib/gcc/../../lib/gcc/arm-none-eabi/14.3.1/../../../../arm-none-eabi/include"
ignoring nonexistent directory "/home/breno/.local/share/stm32cube/bundles/gnu-tools-for-stm32/14.3.1+st.2/bin/../arm-none-eabi/usr/include"
#include "..." search starts here:
#include <...> search starts here:
 /home/breno/.local/share/stm32cube/bundles/gnu-tools-for-stm32/14.3.1+st.2/bin/../lib/gcc/arm-none-eabi/14.3.1/include
 /home/breno/.local/share/stm32cube/bundles/gnu-tools-for-stm32/14.3.1+st.2/bin/../lib/gcc/arm-none-eabi/14.3.1/include-fixed
 /home/breno/.local/share/stm32cube/bundles/gnu-tools-for-stm32/14.3.1+st.2/bin/../lib/gcc/arm-none-eabi/14.3.1/../../../../arm-none-eabi/include
End of search list.
Compiler executable checksum: 91583cfdc8b970f823bfd284aa7769b4
COLLECT_GCC_OPTIONS='-mfpu=fpv4-sp-d16' '-mfloat-abi=hard' '-fstack-usage' '-mcpu=cortex-m4' '-mfpu=fpv4-sp-d16' '-mfloat-abi=hard' '-Wall' '-fdata-sections' '-ffunction-sections' '-fstack-usage' '-v' '-o' 'CMakeFiles/cmTC_6e27a.dir/CMakeCCompilerABI.c.obj' '-c' '-mthumb' '-mlibarch=armv7e-m+fp' '-march=armv7e-m+fp' '-dumpdir' 'CMakeFiles/cmTC_6e27a.dir/'
 /home/breno/.local/share/stm32cube/bundles/gnu-tools-for-stm32/14.3.1+st.2/bin/../lib/gcc/arm-none-eabi/14.3.1/../../../../arm-none-eabi/bin/as -v -march=armv7e-m+fp -mfloat-abi=hard -mfloat-abi=hard -mfpu=fpv4-sp-d16 -mfpu=fpv4-sp-d16 -meabi=5 -o CMakeFiles/cmTC_6e27a.dir/CMakeCCompilerABI.c.obj /tmp/ccmKQ2nd.s
GNU assembler version 2.44.0 (arm-none-eabi) using BFD version (GNU Tools for STM32 14.3.rel1.20251027-0700) 2.44.0.20250616
COMPILER_PATH=/home/breno/.local/share/stm32cube/bundles/gnu-tools-for-stm32/14.3.1+st.2/bin/../lib/gcc/arm-none-eabi/14.3.1/:/home/breno/.local/share/stm32cube/bundles/gnu-tools-for-stm32/14.3.1+st.2/bin/../lib/gcc/:/home/breno/.local/share/stm32cube/bundles/gnu-tools-for-stm32/14.3.1+st.2/bin/../lib/gcc/arm-none-eabi/14.3.1/../../../../arm-none-eabi/bin/
LIBRARY_PATH=/home/breno/.local/share/stm32cube/bundles/gnu-tools-for-stm32/14.3.1+st.2/bin/../lib/gcc/arm-none-eabi/14.3.1/thumb/v7e-m+fp/hard/:/home/breno/.local/share/stm32cube/bundles/gnu-tools-for-stm32/14.3.1+st.2/bin/../lib/gcc/arm-none-eabi/14.3.1/../../../../arm-none-eabi/lib/thumb/v7e-m+fp/hard/:/home/breno/.local/share/stm32cube/bundles/gnu-tools-for-stm32/14.3.1+st.2/bin/../arm-none-eabi/lib/thumb/v7e-m+fp/hard/:/home/breno/.local/share/stm32cube/bundles/gnu-tools-for-stm32/14.3.1+st.2/bin/../lib/gcc/arm-none-eabi/14.3.1/:/home/breno/.local/share/stm32cube/bundles/gnu-tools-for-stm32/14.3.1+st.2/bin/../lib/gcc/:/home/breno/.local/share/stm32cube/bundles/gnu-tools-for-stm32/14.3.1+st.2/bin/../lib/gcc/arm-none-eabi/14.3.1/../../../../arm-none-eabi/lib/:/home/breno/.local/share/stm32cube/bundles/gnu-tools-for-stm32/14.3.1+st.2/bin/../arm-none-eabi/lib/
COLLECT_GCC_OPTIONS='-mfpu=fpv4-sp-d16' '-mfloat-abi=hard' '-fstack-usage' '-mcpu=cortex-m4' '-mfpu=fpv4-sp-d16' '-mfloat-abi=hard' '-Wall' '-fdata-sections' '-ffunction-sections' '-fstack-usage' '-v' '-o' 'CMakeFiles/cmTC_6e27a.dir/CMakeCCompilerABI.c.obj' '-c' '-mthumb' '-mlibarch=armv7e-m+fp' '-march=armv7e-m+fp' '-dumpdir' 'CMakeFiles/cmTC_6e27a.dir/CMakeCCompilerABI.c.'
[2/2] Linking C static library libcmTC_6e27a.a



Parsed C implicit include dir info from above output: rv=done
  found start of include info
  found start of implicit include info
    add: [/home/breno/.local/share/stm32cube/bundles/gnu-tools-for-stm32/14.3.1+st.2/bin/../lib/gcc/arm-none-eabi/14.3.1/include]
    add: [/home/breno/.local/share/stm32cube/bundles/gnu-tools-for-stm32/14.3.1+st.2/bin/../lib/gcc/arm-none-eabi/14.3.1/include-fixed]
    add: [/home/breno/.local/share/stm32cube/bundles/gnu-tools-for-stm32/14.3.1+st.2/bin/../lib/gcc/arm-none-eabi/14.3.1/../../../../arm-none-eabi/include]
  end of search list found
  collapse include dir [/home/breno/.local/share/stm32cube/bundles/gnu-tools-for-stm32/14.3.1+st.2/bin/../lib/gcc/arm-none-eabi/14.3.1/include] ==> [/home/breno/.local/share/stm32cube/bundles/gnu-tools-for-stm32/14.3.1+st.2/lib/gcc/arm-none-eabi/14.3.1/include]
  collapse include dir [/home/breno/.local/share/stm32cube/bundles/gnu-tools-for-stm32/14.3.1+st.2/bin/../lib/gcc/arm-none-eabi/14.3.1/include-fixed] ==> [/home/breno/.local/share/stm32cube/bundles/gnu-tools-for-stm32/14.3.1+st.2/lib/gcc/arm-none-eabi/14.3.1/include-fixed]
  collapse include dir [/home/breno/.local/share/stm32cube/bundles/gnu-tools-for-stm32/14.3.1+st.2/bin/../lib/gcc/arm-none-eabi/14.3.1/../../../../arm-none-eabi/include] ==> [/home/breno/.local/share/stm32cube/bundles/gnu-tools-for-stm32/14.3.1+st.2/arm-none-eabi/include]
  implicit include dirs: [/home/breno/.local/share/stm32cube/bundles/gnu-tools-for-stm32/14.3.1+st.2/lib/gcc/arm-none-eabi/14.3.1/include;/home/breno/.local/share/stm32cube/bundles/gnu-tools-for-stm32/14.3.1+st.2/lib/gcc/arm-none-eabi/14.3.1/include-fixed;/home/breno/.local/share/stm32cube/bundles/gnu-tools-for-stm32/14.3.1+st.2/arm-none-eabi/include]


Parsed C implicit link information from above output:
  link line regex: [^( *|.*[/\])(arm-none-eabi-g\+\+|CMAKE_LINK_STARTFILE-NOTFOUND|([^/\]+-)?ld|collect2)[^/\]*( |$)]
  ignore line: [Change Dir: /home/breno/dev/HeliusAutopilot/build/Debug/CMakeFiles/CMakeTmp]
  ignore line: []
  ignore line: [Run Build Command(s):/usr/bin/ninja cmTC_6e27a && [1/2] Building C object CMakeFiles/cmTC_6e27a.dir/CMakeCCompilerABI.c.obj]
  ignore line: [Using built-in specs.]
  ignore line: [COLLECT_GCC=/home/breno/.local/share/stm32cube/bundles/gnu-tools-for-stm32/14.3.1+st.2/bin/arm-none-eabi-gcc]
  ignore line: [Target: arm-none-eabi]
  ignore line: [Configured with: /build/gnu-tools-for-stm32_14.3.rel1.20251027-0700/src/gcc/configure --target=arm-none-eabi --prefix=/build/gnu-tools-for-stm32_14.3.rel1.20251027-0700/install-native --libexecdir=/build/gnu-tools-for-stm32_14.3.rel1.20251027-0700/install-native/lib --infodir=/build/gnu-tools-for-stm32_14.3.rel1.20251027-0700/install-native/share/doc/gcc-arm-none-eabi/info --mandir=/build/gnu-tools-for-stm32_14.3.rel1.20251027-0700/install-native/share/doc/gcc-arm-none-eabi/man --htmldir=/build/gnu-tools-for-stm32_14.3.rel1.20251027-0700/install-native/share/doc/gcc-arm-none-eabi/html --pdfdir=/build/gnu-tools-for-stm32_14.3.rel1.20251027-0700/install-native/share/doc/gcc-arm-none-eabi/pdf --enable-checking=release --enable-languages=c,c++ --enable-plugins --disable-decimal-float --disable-libffi --disable-libgomp --disable-libmudflap --disable-libquadmath --disable-libssp --disable-libstdcxx-pch --disable-nls --disable-shared --disable-threads --disable-tls --with-gnu-as --with-gnu-ld --with-newlib --with-headers=yes --with-python-dir=share/gcc-arm-none-eabi --with-sysroot=/build/gnu-tools-for-stm32_14.3.rel1.20251027-0700/install-native/arm-none-eabi --with-zstd=no --build=x86_64-linux-gnu --host=x86_64-linux-gnu --with-gmp=/build/gnu-tools-for-stm32_14.3.rel1.20251027-0700/build-native/host-libs/usr --with-mpfr=/build/gnu-tools-for-stm32_14.3.rel1.20251027-0700/build-native/host-libs/usr --with-mpc=/build/gnu-tools-for-stm32_14.3.rel1.20251027-0700/build-native/host-libs/usr --with-isl=/build/gnu-tools-for-stm32_14.3.rel1.20251027-0700/build-native/host-libs/usr --with-host-libstdcxx='-static-libgcc -Wl,-Bstatic,-lstdc++,-Bdynamic -lm' --with-pkgversion='GNU Tools for STM32 14.3.rel1.20251027-0700' --with-multilib-list=rmprofile,aprofile]
  ignore line: [Thread model: single]
  ignore line: [Supported LTO compression algorithms: zlib]
  ignore line: [gcc version 14.3.1 20250623 (GNU Tools for STM32 14.3.rel1.20251027-0700) ]
  ignore line: [COLLECT_GCC_OPTIONS='-mfpu=fpv4-sp-d16' '-mfloat-abi=hard' '-fstack-usage' '-mcpu=cortex-m4' '-mfpu=fpv4-sp-d16' '-mfloat-abi=hard' '-Wall' '-fdata-sections' '-ffunction-sections' '-fstack-usage' '-v' '-o' 'CMakeFiles/cmTC_6e27a.dir/CMakeCCompilerABI.c.obj' '-c' '-mthumb' '-mlibarch=armv7e-m+fp' '-march=armv7e-m+fp' '-dumpdir' 'CMakeFiles/cmTC_6e27a.dir/']
  ignore line: [ /home/breno/.local/share/stm32cube/bundles/gnu-tools-for-stm32/14.3.1+st.2/bin/../lib/gcc/arm-none-eabi/14.3.1/cc1 -quiet -v -imultilib thumb/v7e-m+fp/hard -iprefix /home/breno/.local/share/stm32cube/bundles/gnu-tools-for-stm32/14.3.1+st.2/bin/../lib/gcc/arm-none-eabi/14.3.1/ -isysroot /home/breno/.local/share/stm32cube/bundles/gnu-tools-for-stm32/14.3.1+st.2/bin/../arm-none-eabi -D__USES_INITFINI__ /usr/share/cmake-3.22/Modules/CMakeCCompilerABI.c -quiet -dumpdir CMakeFiles/cmTC_6e27a.dir/ -dumpbase CMakeCCompilerABI.c.c -dumpbase-ext .c -mfpu=fpv4-sp-d16 -mfloat-abi=hard -mcpu=cortex-m4 -mfpu=fpv4-sp-d16 -mfloat-abi=hard -mthumb -mlibarch=armv7e-m+fp -march=armv7e-m+fp -Wall -version -fstack-usage -fdata-sections -ffunction-sections -fstack-usage -o /tmp/ccmKQ2nd.s]
  ignore line: [GNU C17 (GNU Tools for STM32 14.3.rel1.20251027-0700) version 14.3.1 20250623 (arm-none-eabi)]
  ignore line: [	compiled by GNU C version 7.5.0  GMP version 6.2.1  MPFR version 3.1.6  MPC version 1.0.3  isl version isl-0.15-1-g835ea3a-GMP]
  ignore line: []
  ignore line: [GGC heuristics: --param ggc-min-expand=100 --param ggc-min-heapsize=131072]
  ignore line: [ignoring duplicate directory "/home/breno/.local/share/stm32cube/bundles/gnu-tools-for-stm32/14.3.1+st.2/bin/../lib/gcc/../../lib/gcc/arm-none-eabi/14.3.1/include"]
  ignore line: [ignoring nonexistent directory "/home/breno/.local/share/stm32cube/bundles/gnu-tools-for-stm32/14.3.1+st.2/bin/../arm-none-eabi/usr/local/include"]
  ignore line: [ignoring duplicate directory "/home/breno/.local/share/stm32cube/bundles/gnu-tools-for-stm32/14.3.1+st.2/bin/../lib/gcc/../../lib/gcc/arm-none-eabi/14.3.1/include-fixed"]
  ignore line: [ignoring duplicate directory "/home/breno/.local/share/stm32cube/bundles/gnu-tools-for-stm32/14.3.1+st.2/bin/../lib/gcc/../../lib/gcc/arm-none-eabi/14.3.1/../../../../arm-none-eabi/include"]
  ignore line: [ignoring nonexistent directory "/home/breno/.local/share/stm32cube/bundles/gnu-tools-for-stm32/14.3.1+st.2/bin/../arm-none-eabi/usr/include"]
  ignore line: [#include "..." search starts here:]
  ignore line: [#include <...> search starts here:]
  ignore line: [ /home/breno/.local/share/stm32cube/bundles/gnu-tools-for-stm32/14.3.1+st.2/bin/../lib/gcc/arm-none-eabi/14.3.1/include]
  ignore line: [ /home/breno/.local/share/stm32cube/bundles/gnu-tools-for-stm32/14.3.1+st.2/bin/../lib/gcc/arm-none-eabi/14.3.1/include-fixed]
  ignore line: [ /home/breno/.local/share/stm32cube/bundles/gnu-tools-for-stm32/14.3.1+st.2/bin/../lib/gcc/arm-none-eabi/14.3.1/../../../../arm-none-eabi/include]
  ignore line: [End of search list.]
  ignore line: [Compiler executable checksum: 91583cfdc8b970f823bfd284aa7769b4]
  ignore line: [COLLECT_GCC_OPTIONS='-mfpu=fpv4-sp-d16' '-mfloat-abi=hard' '-fstack-usage' '-mcpu=cortex-m4' '-mfpu=fpv4-sp-d16' '-mfloat-abi=hard' '-Wall' '-fdata-sections' '-ffunction-sections' '-fstack-usage' '-v' '-o' 'CMakeFiles/cmTC_6e27a.dir/CMakeCCompilerABI.c.obj' '-c' '-mthumb' '-mlibarch=armv7e-m+fp' '-march=armv7e-m+fp' '-dumpdir' 'CMakeFiles/cmTC_6e27a.dir/']
  ignore line: [ /home/breno/.local/share/stm32cube/bundles/gnu-tools-for-stm32/14.3.1+st.2/bin/../lib/gcc/arm-none-eabi/14.3.1/../../../../arm-none-eabi/bin/as -v -march=armv7e-m+fp -mfloat-abi=hard -mfloat-abi=hard -mfpu=fpv4-sp-d16 -mfpu=fpv4-sp-d16 -meabi=5 -o CMakeFiles/cmTC_6e27a.dir/CMakeCCompilerABI.c.obj /tmp/ccmKQ2nd.s]
  ignore line: [GNU assembler version 2.44.0 (arm-none-eabi) using BFD version (GNU Tools for STM32 14.3.rel1.20251027-0700) 2.44.0.20250616]
  ignore line: [COMPILER_PATH=/home/breno/.local/share/stm32cube/bundles/gnu-tools-for-stm32/14.3.1+st.2/bin/../lib/gcc/arm-none-eabi/14.3.1/:/home/breno/.local/share/stm32cube/bundles/gnu-tools-for-stm32/14.3.1+st.2/bin/../lib/gcc/:/home/breno/.local/share/stm32cube/bundles/gnu-tools-for-stm32/14.3.1+st.2/bin/../lib/gcc/arm-none-eabi/14.3.1/../../../../arm-none-eabi/bin/]
  ignore line: [LIBRARY_PATH=/home/breno/.local/share/stm32cube/bundles/gnu-tools-for-stm32/14.3.1+st.2/bin/../lib/gcc/arm-none-eabi/14.3.1/thumb/v7e-m+fp/hard/:/home/breno/.local/share/stm32cube/bundles/gnu-tools-for-stm32/14.3.1+st.2/bin/../lib/gcc/arm-none-eabi/14.3.1/../../../../arm-none-eabi/lib/thumb/v7e-m+fp/hard/:/home/breno/.local/share/stm32cube/bundles/gnu-tools-for-stm32/14.3.1+st.2/bin/../arm-none-eabi/lib/thumb/v7e-m+fp/hard/:/home/breno/.local/share/stm32cube/bundles/gnu-tools-for-stm32/14.3.1+st.2/bin/../lib/gcc/arm-none-eabi/14.3.1/:/home/breno/.local/share/stm32cube/bundles/gnu-tools-for-stm32/14.3.1+st.2/bin/../lib/gcc/:/home/breno/.local/share/stm32cube/bundles/gnu-tools-for-stm32/14.3.1+st.2/bin/../lib/gcc/arm-none-eabi/14.3.1/../../../../arm-none-eabi/lib/:/home/breno/.local/share/stm32cube/bundles/gnu-tools-for-stm32/14.3.1+st.2/bin/../arm-none-eabi/lib/]
  ignore line: [COLLECT_GCC_OPTIONS='-mfpu=fpv4-sp-d16' '-mfloat-abi=hard' '-fstack-usage' '-mcpu=cortex-m4' '-mfpu=fpv4-sp-d16' '-mfloat-abi=hard' '-Wall' '-fdata-sections' '-ffunction-sections' '-fstack-usage' '-v' '-o' 'CMakeFiles/cmTC_6e27a.dir/CMakeCCompilerABI.c.obj' '-c' '-mthumb' '-mlibarch=armv7e-m+fp' '-march=armv7e-m+fp' '-dumpdir' 'CMakeFiles/cmTC_6e27a.dir/CMakeCCompilerABI.c.']
  ignore line: [[2/2] Linking C static library libcmTC_6e27a.a]
  ignore line: []
  ignore line: []
  implicit libs: []
  implicit objs: []
  implicit dirs: []
  implicit fwks: []


Compiling the CXX compiler identification source file "CMakeCXXCompilerId.cpp" succeeded.
Compiler: /home/breno/.local/share/stm32cube/bundles/gnu-tools-for-stm32/14.3.1+st.2/bin/arm-none-eabi-g++ 
Build flags: ;-mcpu=cortex-m4;-mfpu=fpv4-sp-d16;-mfloat-abi=hard;;-Wall;-fdata-sections;-ffunction-sections;-fstack-usage;-mcpu=cortex-m4;-mfpu=fpv4-sp-d16;-mfloat-abi=hard;;-Wall;-fdata-sections;-ffunction-sections;-fstack-usage;-fno-rtti;-fno-exceptions;-fno-threadsafe-statics
Id flags: -c 

The output was:
0


Compilation of the CXX compiler identification source "CMakeCXXCompilerId.cpp" produced "CMakeCXXCompilerId.o"

Compilation of the CXX compiler identification source "CMakeCXXCompilerId.cpp" produced "CMakeCXXCompilerId.su"

The CXX compiler identification is GNU, found in "/home/breno/dev/HeliusAutopilot/build/Debug/CMakeFiles/3.22.1/CompilerIdCXX/CMakeCXXCompilerId.o"

Detecting CXX compiler ABI info compiled with the following output:
Change Dir: /home/breno/dev/HeliusAutopilot/build/Debug/CMakeFiles/CMakeTmp

Run Build Command(s):/usr/bin/ninja cmTC_28f52 && [1/2] Building CXX object CMakeFiles/cmTC_28f52.dir/CMakeCXXCompilerABI.cpp.obj
Using built-in specs.
COLLECT_GCC=/home/breno/.local/share/stm32cube/bundles/gnu-tools-for-stm32/14.3.1+st.2/bin/arm-none-eabi-g++
Target: arm-none-eabi
Configured with: /build/gnu-tools-for-stm32_14.3.rel1.20251027-0700/src/gcc/configure --target=arm-none-eabi --prefix=/build/gnu-tools-for-stm32_14.3.rel1.20251027-0700/install-native --libexecdir=/build/gnu-tools-for-stm32_14.3.rel1.20251027-0700/install-native/lib --infodir=/build/gnu-tools-for-stm32_14.3.rel1.20251027-0700/install-native/share/doc/gcc-arm-none-eabi/info --mandir=/build/gnu-tools-for-stm32_14.3.rel1.20251027-0700/install-native/share/doc/gcc-arm-none-eabi/man --htmldir=/build/gnu-tools-for-stm32_14.3.rel1.20251027-0700/install-native/share/doc/gcc-arm-none-eabi/html --pdfdir=/build/gnu-tools-for-stm32_14.3.rel1.20251027-0700/install-native/share/doc/gcc-arm-none-eabi/pdf --enable-checking=release --enable-languages=c,c++ --enable-plugins --disable-decimal-float --disable-libffi --disable-libgomp --disable-libmudflap --disable-libquadmath --disable-libssp --disable-libstdcxx-pch --disable-nls --disable-shared --disable-threads --disable-tls --with-gnu-as --with-gnu-ld --with-newlib --with-headers=yes --with-python-dir=share/gcc-arm-none-eabi --with-sysroot=/build/gnu-tools-for-stm32_14.3.rel1.20251027-0700/install-native/arm-none-eabi --with-zstd=no --build=x86_64-linux-gnu --host=x86_64-linux-gnu --with-gmp=/build/gnu-tools-for-stm32_14.3.rel1.20251027-0700/build-native/host-libs/usr --with-mpfr=/build/gnu-tools-for-stm32_14.3.rel1.20251027-0700/build-native/host-libs/usr --with-mpc=/build/gnu-tools-for-stm32_14.3.rel1.20251027-0700/build-native/host-libs/usr --with-isl=/build/gnu-tools-for-stm32_14.3.rel1.20251027-0700/build-native/host-libs/usr --with-host-libstdcxx='-static-libgcc -Wl,-Bstatic,-lstdc++,-Bdynamic -lm' --with-pkgversion='GNU Tools for STM32 14.3.rel1.20251027-0700' --with-multilib-list=rmprofile,aprofile
Thread model: single
Supported LTO compression algorithms: zlib
gcc version 14.3.1 20250623 (GNU Tools for STM32 14.3.rel1.20251027-0700) 
COLLECT_GCC_OPTIONS='-mfpu=fpv4-sp-d16' '-mfloat-abi=hard' '-fstack-usage' '-mcpu=cortex-m4' '-mfpu=fpv4-sp-d16' '-mfloat-abi=hard' '-Wall' '-fdata-sections' '-ffunction-sections' '-fstack-usage' '-fno-rtti' '-fno-exceptions' '-fno-threadsafe-statics' '-v' '-o' 'CMakeFiles/cmTC_28f52.dir/CMakeCXXCompilerABI.cpp.obj' '-c' '-mthumb' '-mlibarch=armv7e-m+fp' '-march=armv7e-m+fp' '-dumpdir' 'CMakeFiles/cmTC_28f52.dir/'
 /home/breno/.local/share/stm32cube/bundles/gnu-tools-for-stm32/14.3.1+st.2/bin/../lib/gcc/arm-none-eabi/14.3.1/cc1plus -quiet -v -imultilib thumb/v7e-m+fp/hard -iprefix /home/breno/.local/share/stm32cube/bundles/gnu-tools-for-stm32/14.3.1+st.2/bin/../lib/gcc/arm-none-eabi/14.3.1/ -isysroot /home/breno/.local/share/stm32cube/bundles/gnu-tools-for-stm32/14.3.1+st.2/bin/../arm-none-eabi -D__USES_INITFINI__ /usr/share/cmake-3.22/Modules/CMakeCXXCompilerABI.cpp -quiet -dumpdir CMakeFiles/cmTC_28f52.dir/ -dumpbase CMakeCXXCompilerABI.cpp.cpp -dumpbase-ext .cpp -mfpu=fpv4-sp-d16 -mfloat-abi=hard -mcpu=cortex-m4 -mfpu=fpv4-sp-d16 -mfloat-abi=hard -mthumb -mlibarch=armv7e-m+fp -march=armv7e-m+fp -Wall -version -fstack-usage -fdata-sections -ffunction-sections -fstack-usage -fno-rtti -fno-exceptions -fno-threadsafe-statics -o /tmp/cctTWdoO.s
GNU C++17 (GNU Tools for STM32 14.3.rel1.20251027-0700) version 14.3.1 20250623 (arm-none-eabi)
	compiled by GNU C version 7.5.0, GMP version 6.2.1, MPFR version 3.1.6, MPC version 1.0.3, isl version isl-0.15-1-g835ea3a-GMP

GGC heuristics: --param ggc-min-expand=100 --param ggc-min-heapsize=131072
ignoring duplicate directory "/home/breno/.local/share/stm32cube/bundles/gnu-tools-for-stm32/14.3.1+st.2/bin/../lib/gcc/../../lib/gcc/arm-none-eabi/14.3.1/../../../../arm-none-eabi/include/c++/14.3.1"
ignoring duplicate directory "/home/breno/.local/share/stm32cube/bundles/gnu-tools-for-stm32/14.3.1+st.2/bin/../lib/gcc/../../lib/gcc/arm-none-eabi/14.3.1/../../../../arm-none-eabi/include/c++/14.3.1/arm-none-eabi/thumb/v7e-m+fp/hard"
ignoring duplicate directory "/home/breno/.local/share/stm32cube/bundles/gnu-tools-for-stm32/14.3.1+st.2/bin/../lib/gcc/../../lib/gcc/arm-none-eabi/14.3.1/../../../../arm-none-eabi/include/c++/14.3.1/backward"
ignoring duplicate directory "/home/breno/.local/share/stm32cube/bundles/gnu-tools-for-stm32/14.3.1+st.2/bin/../lib/gcc/../../lib/gcc/arm-none-eabi/14.3.1/include"
ignoring nonexistent directory "/home/breno/.local/share/stm32cube/bundles/gnu-tools-for-stm32/14.3.1+st.2/bin/../arm-none-eabi/usr/local/include"
ignoring duplicate directory "/home/breno/.local/share/stm32cube/bundles/gnu-tools-for-stm32/14.3.1+st.2/bin/../lib/gcc/../../lib/gcc/arm-none-eabi/14.3.1/include-fixed"
ignoring duplicate directory "/home/breno/.local/share/stm32cube/bundles/gnu-tools-for-stm32/14.3.1+st.2/bin/../lib/gcc/../../lib/gcc/arm-none-eabi/14.3.1/../../../../arm-none-eabi/include"
ignoring nonexistent directory "/home/breno/.local/share/stm32cube/bundles/gnu-tools-for-stm32/14.3.1+st.2/bin/../arm-none-eabi/usr/include"
#include "..." search starts here:
#include <...> search starts here:
 /home/breno/.local/share/stm32cube/bundles/gnu-tools-for-stm32/14.3.1+st.2/bin/../lib/gcc/arm-none-eabi/14.3.1/../../../../arm-none-eabi/include/c++/14.3.1
 /home/breno/.local/share/stm32cube/bundles/gnu-tools-for-stm32/14.3.1+st.2/bin/../lib/gcc/arm-none-eabi/14.3.1/../../../../arm-none-eabi/include/c++/14.3.1/arm-none-eabi/thumb/v7e-m+fp/hard
 /home/breno/.local/share/stm32cube/bundles/gnu-tools-for-stm32/14.3.1+st.2/bin/../lib/gcc/arm-none-eabi/14.3.1/../../../../arm-none-eabi/include/c++/14.3.1/backward
 /home/breno/.local/share/stm32cube/bundles/gnu-tools-for-stm32/14.3.1+st.2/bin/../lib/gcc/arm-none-eabi/14.3.1/include
 /home/breno/.local/share/stm32cube/bundles/gnu-tools-for-stm32/14.3.1+st.2/bin/../lib/gcc/arm-none-eabi/14.3.1/include-fixed
 /home/breno/.local/share/stm32cube/bundles/gnu-tools-for-stm32/14.3.1+st.2/bin/../lib/gcc/arm-none-eabi/14.3.1/../../../../arm-none-eabi/include
End of search list.
Compiler executable checksum: c7a0cbb4c17df2df56ed6be1c1e04844
COLLECT_GCC_OPTIONS='-mfpu=fpv4-sp-d16' '-mfloat-abi=hard' '-fstack-usage' '-mcpu=cortex-m4' '-mfpu=fpv4-sp-d16' '-mfloat-abi=hard' '-Wall' '-fdata-sections' '-ffunction-sections' '-fstack-usage' '-fno-rtti' '-fno-exceptions' '-fno-threadsafe-statics' '-v' '-o' 'CMakeFiles/cmTC_28f52.dir/CMakeCXXCompilerABI.cpp.obj' '-c' '-mthumb' '-mlibarch=armv7e-m+fp' '-march=armv7e-m+fp' '-dumpdir' 'CMakeFiles/cmTC_28f52.dir/'
 /home/breno/.local/share/stm32cube/bundles/gnu-tools-for-stm32/14.3.1+st.2/bin/../lib/gcc/arm-none-eabi/14.3.1/../../../../arm-none-eabi/bin/as -v -march=armv7e-m+fp -mfloat-abi=hard -mfloat-abi=hard -mfpu=fpv4-sp-d16 -mfpu=fpv4-sp-d16 -meabi=5 -o CMakeFiles/cmTC_28f52.dir/CMakeCXXCompilerABI.cpp.obj /tmp/cctTWdoO.s
GNU assembler version 2.44.0 (arm-none-eabi) using BFD version (GNU Tools for STM32 14.3.rel1.20251027-0700) 2.44.0.20250616
COMPILER_PATH=/home/breno/.local/share/stm32cube/bundles/gnu-tools-for-stm32/14.3.1+st.2/bin/../lib/gcc/arm-none-eabi/14.3.1/:/home/breno/.local/share/stm32cube/bundles/gnu-tools-for-stm32/14.3.1+st.2/bin/../lib/gcc/:/home/breno/.local/share/stm32cube/bundles/gnu-tools-for-stm32/14.3.1+st.2/bin/../lib/gcc/arm-none-eabi/14.3.1/../../../../arm-none-eabi/bin/
LIBRARY_PATH=/home/breno/.local/share/stm32cube/bundles/gnu-tools-for-stm32/14.3.1+st.2/bin/../lib/gcc/arm-none-eabi/14.3.1/thumb/v7e-m+fp/hard/:/home/breno/.local/share/stm32cube/bundles/gnu-tools-for-stm32/14.3.1+st.2/bin/../lib/gcc/arm-none-eabi/14.3.1/../../../../arm-none-eabi/lib/thumb/v7e-m+fp/hard/:/home/breno/.local/share/stm32cube/bundles/gnu-tools-for-stm32/14.3.1+st.2/bin/../arm-none-eabi/lib/thumb/v7e-m+fp/hard/:/home/breno/.local/share/stm32cube/bundles/gnu-tools-for-stm32/14.3.1+st.2/bin/../lib/gcc/arm-none-eabi/14.3.1/:/home/breno/.local/share/stm32cube/bundles/gnu-tools-for-stm32/14.3.1+st.2/bin/../lib/gcc/:/home/breno/.local/share/stm32cube/bundles/gnu-tools-for-stm32/14.3.1+st.2/bin/../lib/gcc/arm-none-eabi/14.3.1/../../../../arm-none-eabi/lib/:/home/breno/.local/share/stm32cube/bundles/gnu-tools-for-stm32/14.3.1+st.2/bin/../arm-none-eabi/lib/
COLLECT_GCC_OPTIONS='-mfpu=fpv4-sp-d16' '-mfloat-abi=hard' '-fstack-usage' '-mcpu=cortex-m4' '-mfpu=fpv4-sp-d16' '-mfloat-abi=hard' '-Wall' '-fdata-sections' '-ffunction-sections' '-fstack-usage' '-fno-rtti' '-fno-exceptions' '-fno-threadsafe-statics' '-v' '-o' 'CMakeFiles/cmTC_28f52.dir/CMakeCXXCompilerABI.cpp.obj' '-c' '-mthumb' '-mlibarch=armv7e-m+fp' '-march=armv7e-m+fp' '-dumpdir' 'CMakeFiles/cmTC_28f52.dir/CMakeCXXCompilerABI.cpp.'
[2/2] Linking CXX static library libcmTC_28f52.a



Parsed CXX implicit include dir info from above output: rv=done
  found start of include info
  found start of implicit include info
    add: [/home/breno/.local/share/stm32cube/bundles/gnu-tools-for-stm32/14.3.1+st.2/bin/../lib/gcc/arm-none-eabi/14.3.1/../../../../arm-none-eabi/include/c++/14.3.1]
    add: [/home/breno/.local/share/stm32cube/bundles/gnu-tools-for-stm32/14.3.1+st.2/bin/../lib/gcc/arm-none-eabi/14.3.1/../../../../arm-none-eabi/include/c++/14.3.1/arm-none-eabi/thumb/v7e-m+fp/hard]
    add: [/home/breno/.local/share/stm32cube/bundles/gnu-tools-for-stm32/14.3.1+st.2/bin/../lib/gcc/arm-none-eabi/14.3.1/../../../../arm-none-eabi/include/c++/14.3.1/backward]
    add: [/home/breno/.local/share/stm32cube/bundles/gnu-tools-for-stm32/14.3.1+st.2/bin/../lib/gcc/arm-none-eabi/14.3.1/include]
    add: [/home/breno/.local/share/stm32cube/bundles/gnu-tools-for-stm32/14.3.1+st.2/bin/../lib/gcc/arm-none-eabi/14.3.1/include-fixed]
    add: [/home/breno/.local/share/stm32cube/bundles/gnu-tools-for-stm32/14.3.1+st.2/bin/../lib/gcc/arm-none-eabi/14.3.1/../../../../arm-none-eabi/include]
  end of search list found
  collapse include dir [/home/breno/.local/share/stm32cube/bundles/gnu-tools-for-stm32/14.3.1+st.2/bin/../lib/gcc/arm-none-eabi/14.3.1/../../../../arm-none-eabi/include/c++/14.3.1] ==> [/home/breno/.local/share/stm32cube/bundles/gnu-tools-for-stm32/14.3.1+st.2/arm-none-eabi/include/c++/14.3.1]
  collapse include dir [/home/breno/.local/share/stm32cube/bundles/gnu-tools-for-stm32/14.3.1+st.2/bin/../lib/gcc/arm-none-eabi/14.3.1/../../../../arm-none-eabi/include/c++/14.3.1/arm-none-eabi/thumb/v7e-m+fp/hard] ==> [/home/breno/.local/share/stm32cube/bundles/gnu-tools-for-stm32/14.3.1+st.2/arm-none-eabi/include/c++/14.3.1/arm-none-eabi/thumb/v7e-m+fp/hard]
  collapse include dir [/home/breno/.local/share/stm32cube/bundles/gnu-tools-for-stm32/14.3.1+st.2/bin/../lib/gcc/arm-none-eabi/14.3.1/../../../../arm-none-eabi/include/c++/14.3.1/backward] ==> [/home/breno/.local/share/stm32cube/bundles/gnu-tools-for-stm32/14.3.1+st.2/arm-none-eabi/include/c++/14.3.1/backward]
  collapse include dir [/home/breno/.local/share/stm32cube/bundles/gnu-tools-for-stm32/14.3.1+st.2/bin/../lib/gcc/arm-none-eabi/14.3.1/include] ==> [/home/breno/.local/share/stm32cube/bundles/gnu-tools-for-stm32/14.3.1+st.2/lib/gcc/arm-none-eabi/14.3.1/include]
  collapse include dir [/home/breno/.local/share/stm32cube/bundles/gnu-tools-for-stm32/14.3.1+st.2/bin/../lib/gcc/arm-none-eabi/14.3.1/include-fixed] ==> [/home/breno/.local/share/stm32cube/bundles/gnu-tools-for-stm32/14.3.1+st.2/lib/gcc/arm-none-eabi/14.3.1/include-fixed]
  collapse include dir [/home/breno/.local/share/stm32cube/bundles/gnu-tools-for-stm32/14.3.1+st.2/bin/../lib/gcc/arm-none-eabi/14.3.1/../../../../arm-none-eabi/include] ==> [/home/breno/.local/share/stm32cube/bundles/gnu-tools-for-stm32/14.3.1+st.2/arm-none-eabi/include]
  implicit include dirs: [/home/breno/.local/share/stm32cube/bundles/gnu-tools-for-stm32/14.3.1+st.2/arm-none-eabi/include/c++/14.3.1;/home/breno/.local/share/stm32cube/bundles/gnu-tools-for-stm32/14.3.1+st.2/arm-none-eabi/include/c++/14.3.1/arm-none-eabi/thumb/v7e-m+fp/hard;/home/breno/.local/share/stm32cube/bundles/gnu-tools-for-stm32/14.3.1+st.2/arm-none-eabi/include/c++/14.3.1/backward;/home/breno/.local/share/stm32cube/bundles/gnu-tools-for-stm32/14.3.1+st.2/lib/gcc/arm-none-eabi/14.3.1/include;/home/breno/.local/share/stm32cube/bundles/gnu-tools-for-stm32/14.3.1+st.2/lib/gcc/arm-none-eabi/14.3.1/include-fixed;/home/breno/.local/share/stm32cube/bundles/gnu-tools-for-stm32/14.3.1+st.2/arm-none-eabi/include]


Parsed CXX implicit link information from above output:
  link line regex: [^( *|.*[/\])(arm-none-eabi-g\+\+|CMAKE_LINK_STARTFILE-NOTFOUND|([^/\]+-)?ld|collect2)[^/\]*( |$)]
  ignore line: [Change Dir: /home/breno/dev/HeliusAutopilot/build/Debug/CMakeFiles/CMakeTmp]
  ignore line: []
  ignore line: [Run Build Command(s):/usr/bin/ninja cmTC_28f52 && [1/2] Building CXX object CMakeFiles/cmTC_28f52.dir/CMakeCXXCompilerABI.cpp.obj]
  ignore line: [Using built-in specs.]
  ignore line: [COLLECT_GCC=/home/breno/.local/share/stm32cube/bundles/gnu-tools-for-stm32/14.3.1+st.2/bin/arm-none-eabi-g++]
  ignore line: [Target: arm-none-eabi]
  ignore line: [Configured with: /build/gnu-tools-for-stm32_14.3.rel1.20251027-0700/src/gcc/configure --target=arm-none-eabi --prefix=/build/gnu-tools-for-stm32_14.3.rel1.20251027-0700/install-native --libexecdir=/build/gnu-tools-for-stm32_14.3.rel1.20251027-0700/install-native/lib --infodir=/build/gnu-tools-for-stm32_14.3.rel1.20251027-0700/install-native/share/doc/gcc-arm-none-eabi/info --mandir=/build/gnu-tools-for-stm32_14.3.rel1.20251027-0700/install-native/share/doc/gcc-arm-none-eabi/man --htmldir=/build/gnu-tools-for-stm32_14.3.rel1.20251027-0700/install-native/share/doc/gcc-arm-none-eabi/html --pdfdir=/build/gnu-tools-for-stm32_14.3.rel1.20251027-0700/install-native/share/doc/gcc-arm-none-eabi/pdf --enable-checking=release --enable-languages=c,c++ --enable-plugins --disable-decimal-float --disable-libffi --disable-libgomp --disable-libmudflap --disable-libquadmath --disable-libssp --disable-libstdcxx-pch --disable-nls --disable-shared --disable-threads --disable-tls --with-gnu-as --with-gnu-ld --with-newlib --with-headers=yes --with-python-dir=share/gcc-arm-none-eabi --with-sysroot=/build/gnu-tools-for-stm32_14.3.rel1.20251027-0700/install-native/arm-none-eabi --with-zstd=no --build=x86_64-linux-gnu --host=x86_64-linux-gnu --with-gmp=/build/gnu-tools-for-stm32_14.3.rel1.20251027-0700/build-native/host-libs/usr --with-mpfr=/build/gnu-tools-for-stm32_14.3.rel1.20251027-0700/build-native/host-libs/usr --with-mpc=/build/gnu-tools-for-stm32_14.3.rel1.20251027-0700/build-native/host-libs/usr --with-isl=/build/gnu-tools-for-stm32_14.3.rel1.20251027-0700/build-native/host-libs/usr --with-host-libstdcxx='-static-libgcc -Wl,-Bstatic,-lstdc++,-Bdynamic -lm' --with-pkgversion='GNU Tools for STM32 14.3.rel1.20251027-0700' --with-multilib-list=rmprofile,aprofile]
  ignore line: [Thread model: single]
  ignore line: [Supported LTO compression algorithms: zlib]
  ignore line: [gcc version 14.3.1 20250623 (GNU Tools for STM32 14.3.rel1.20251027-0700) ]
  ignore line: [COLLECT_GCC_OPTIONS='-mfpu=fpv4-sp-d16' '-mfloat-abi=hard' '-fstack-usage' '-mcpu=cortex-m4' '-mfpu=fpv4-sp-d16' '-mfloat-abi=hard' '-Wall' '-fdata-sections' '-ffunction-sections' '-fstack-usage' '-fno-rtti' '-fno-exceptions' '-fno-threadsafe-statics' '-v' '-o' 'CMakeFiles/cmTC_28f52.dir/CMakeCXXCompilerABI.cpp.obj' '-c' '-mthumb' '-mlibarch=armv7e-m+fp' '-march=armv7e-m+fp' '-dumpdir' 'CMakeFiles/cmTC_28f52.dir/']
  ignore line: [ /home/breno/.local/share/stm32cube/bundles/gnu-tools-for-stm32/14.3.1+st.2/bin/../lib/gcc/arm-none-eabi/14.3.1/cc1plus -quiet -v -imultilib thumb/v7e-m+fp/hard -iprefix /home/breno/.local/share/stm32cube/bundles/gnu-tools-for-stm32/14.3.1+st.2/bin/../lib/gcc/arm-none-eabi/14.3.1/ -isysroot /home/breno/.local/share/stm32cube/bundles/gnu-tools-for-stm32/14.3.1+st.2/bin/../arm-none-eabi -D__USES_INITFINI__ /usr/share/cmake-3.22/Modules/CMakeCXXCompilerABI.cpp -quiet -dumpdir CMakeFiles/cmTC_28f52.dir/ -dumpbase CMakeCXXCompilerABI.cpp.cpp -dumpbase-ext .cpp -mfpu=fpv4-sp-d16 -mfloat-abi=hard -mcpu=cortex-m4 -mfpu=fpv4-sp-d16 -mfloat-abi=hard -mthumb -mlibarch=armv7e-m+fp -march=armv7e-m+fp -Wall -version -fstack-usage -fdata-sections -ffunction-sections -fstack-usage -fno-rtti -fno-exceptions -fno-threadsafe-statics -o /tmp/cctTWdoO.s]
  ignore line: [GNU C++17 (GNU Tools for STM32 14.3.rel1.20251027-0700) version 14.3.1 20250623 (arm-none-eabi)]
  ignore line: [	compiled by GNU C version 7.5.0  GMP version 6.2.1  MPFR version 3.1.6  MPC version 1.0.3  isl version isl-0.15-1-g835ea3a-GMP]
  ignore line: []
  ignore line: [GGC heuristics: --param ggc-min-expand=100 --param ggc-min-heapsize=131072]
  ignore line: [ignoring duplicate directory "/home/breno/.local/share/stm32cube/bundles/gnu-tools-for-stm32/14.3.1+st.2/bin/../lib/gcc/../../lib/gcc/arm-none-eabi/14.3.1/../../../../arm-none-eabi/include/c++/14.3.1"]
  ignore line: [ignoring duplicate directory "/home/breno/.local/share/stm32cube/bundles/gnu-tools-for-stm32/14.3.1+st.2/bin/../lib/gcc/../../lib/gcc/arm-none-eabi/14.3.1/../../../../arm-none-eabi/include/c++/14.3.1/arm-none-eabi/thumb/v7e-m+fp/hard"]
  ignore line: [ignoring duplicate directory "/home/breno/.local/share/stm32cube/bundles/gnu-tools-for-stm32/14.3.1+st.2/bin/../lib/gcc/../../lib/gcc/arm-none-eabi/14.3.1/../../../../arm-none-eabi/include/c++/14.3.1/backward"]
  ignore line: [ignoring duplicate directory "/home/breno/.local/share/stm32cube/bundles/gnu-tools-for-stm32/14.3.1+st.2/bin/../lib/gcc/../../lib/gcc/arm-none-eabi/14.3.1/include"]
  ignore line: [ignoring nonexistent directory "/home/breno/.local/share/stm32cube/bundles/gnu-tools-for-stm32/14.3.1+st.2/bin/../arm-none-eabi/usr/local/include"]
  ignore line: [ignoring duplicate directory "/home/breno/.local/share/stm32cube/bundles/gnu-tools-for-stm32/14.3.1+st.2/bin/../lib/gcc/../../lib/gcc/arm-none-eabi/14.3.1/include-fixed"]
  ignore line: [ignoring duplicate directory "/home/breno/.local/share/stm32cube/bundles/gnu-tools-for-stm32/14.3.1+st.2/bin/../lib/gcc/../../lib/gcc/arm-none-eabi/14.3.1/../../../../arm-none-eabi/include"]
  ignore line: [ignoring nonexistent directory "/home/breno/.local/share/stm32cube/bundles/gnu-tools-for-stm32/14.3.1+st.2/bin/../arm-none-eabi/usr/include"]
  ignore line: [#include "..." search starts here:]
  ignore line: [#include <...> search starts here:]
  ignore line: [ /home/breno/.local/share/stm32cube/bundles/gnu-tools-for-stm32/14.3.1+st.2/bin/../lib/gcc/arm-none-eabi/14.3.1/../../../../arm-none-eabi/include/c++/14.3.1]
  ignore line: [ /home/breno/.local/share/stm32cube/bundles/gnu-tools-for-stm32/14.3.1+st.2/bin/../lib/gcc/arm-none-eabi/14.3.1/../../../../arm-none-eabi/include/c++/14.3.1/arm-none-eabi/thumb/v7e-m+fp/hard]
  ignore line: [ /home/breno/.local/share/stm32cube/bundles/gnu-tools-for-stm32/14.3.1+st.2/bin/../lib/gcc/arm-none-eabi/14.3.1/../../../../arm-none-eabi/include/c++/14.3.1/backward]
  ignore line: [ /home/breno/.local/share/stm32cube/bundles/gnu-tools-for-stm32/14.3.1+st.2/bin/../lib/gcc/arm-none-eabi/14.3.1/include]
  ignore line: [ /home/breno/.local/share/stm32cube/bundles/gnu-tools-for-stm32/14.3.1+st.2/bin/../lib/gcc/arm-none-eabi/14.3.1/include-fixed]
  ignore line: [ /home/breno/.local/share/stm32cube/bundles/gnu-tools-for-stm32/14.3.1+st.2/bin/../lib/gcc/arm-none-eabi/14.3.1/../../../../arm-none-eabi/include]
  ignore line: [End of search list.]
  ignore line: [Compiler executable checksum: c7a0cbb4c17df2df56ed6be1c1e04844]
  ignore line: [COLLECT_GCC_OPTIONS='-mfpu=fpv4-sp-d16' '-mfloat-abi=hard' '-fstack-usage' '-mcpu=cortex-m4' '-mfpu=fpv4-sp-d16' '-mfloat-abi=hard' '-Wall' '-fdata-sections' '-ffunction-sections' '-fstack-usage' '-fno-rtti' '-fno-exceptions' '-fno-threadsafe-statics' '-v' '-o' 'CMakeFiles/cmTC_28f52.dir/CMakeCXXCompilerABI.cpp.obj' '-c' '-mthumb' '-mlibarch=armv7e-m+fp' '-march=armv7e-m+fp' '-dumpdir' 'CMakeFiles/cmTC_28f52.dir/']
  ignore line: [ /home/breno/.local/share/stm32cube/bundles/gnu-tools-for-stm32/14.3.1+st.2/bin/../lib/gcc/arm-none-eabi/14.3.1/../../../../arm-none-eabi/bin/as -v -march=armv7e-m+fp -mfloat-abi=hard -mfloat-abi=hard -mfpu=fpv4-sp-d16 -mfpu=fpv4-sp-d16 -meabi=5 -o CMakeFiles/cmTC_28f52.dir/CMakeCXXCompilerABI.cpp.obj /tmp/cctTWdoO.s]
  ignore line: [GNU assembler version 2.44.0 (arm-none-eabi) using BFD version (GNU Tools for STM32 14.3.rel1.20251027-0700) 2.44.0.20250616]
  ignore line: [COMPILER_PATH=/home/breno/.local/share/stm32cube/bundles/gnu-tools-for-stm32/14.3.1+st.2/bin/../lib/gcc/arm-none-eabi/14.3.1/:/home/breno/.local/share/stm32cube/bundles/gnu-tools-for-stm32/14.3.1+st.2/bin/../lib/gcc/:/home/breno/.local/share/stm32cube/bundles/gnu-tools-for-stm32/14.3.1+st.2/bin/../lib/gcc/arm-none-eabi/14.3.1/../../../../arm-none-eabi/bin/]
  ignore line: [LIBRARY_PATH=/home/breno/.local/share/stm32cube/bundles/gnu-tools-for-stm32/14.3.1+st.2/bin/../lib/gcc/arm-none-eabi/14.3.1/thumb/v7e-m+fp/hard/:/home/breno/.local/share/stm32cube/bundles/gnu-tools-for-stm32/14.3.1+st.2/bin/../lib/gcc/arm-none-eabi/14.3.1/../../../../arm-none-eabi/lib/thumb/v7e-m+fp/hard/:/home/breno/.local/share/stm32cube/bundles/gnu-tools-for-stm32/14.3.1+st.2/bin/../arm-none-eabi/lib/thumb/v7e-m+fp/hard/:/home/breno/.local/share/stm32cube/bundles/gnu-tools-for-stm32/14.3.1+st.2/bin/../lib/gcc/arm-none-eabi/14.3.1/:/home/breno/.local/share/stm32cube/bundles/gnu-tools-for-stm32/14.3.1+st.2/bin/../lib/gcc/:/home/breno/.local/share/stm32cube/bundles/gnu-tools-for-stm32/14.3.1+st.2/bin/../lib/gcc/arm-none-eabi/14.3.1/../../../../arm-none-eabi/lib/:/home/breno/.local/share/stm32cube/bundles/gnu-tools-for-stm32/14.3.1+st.2/bin/../arm-none-eabi/lib/]
  ignore line: [COLLECT_GCC_OPTIONS='-mfpu=fpv4-sp-d16' '-mfloat-abi=hard' '-fstack-usage' '-mcpu=cortex-m4' '-mfpu=fpv4-sp-d16' '-mfloat-abi=hard' '-Wall' '-fdata-sections' '-ffunction-sections' '-fstack-usage' '-fno-rtti' '-fno-exceptions' '-fno-threadsafe-statics' '-v' '-o' 'CMakeFiles/cmTC_28f52.dir/CMakeCXXCompilerABI.cpp.obj' '-c' '-mthumb' '-mlibarch=armv7e-m+fp' '-march=armv7e-m+fp' '-dumpdir' 'CMakeFiles/cmTC_28f52.dir/CMakeCXXCompilerABI.cpp.']
  ignore line: [[2/2] Linking CXX static library libcmTC_28f52.a]
  ignore line: []
  ignore line: []
  implicit libs: []
  implicit objs: []
  implicit dirs: []
  implicit fwks: []


