Archive member included to satisfy reference by file (symbol)

Core/libhelius_core.a(quat.c.obj)
                              Firmware/CMakeFiles/Firmware.dir/Core/Src/main.c.obj (quat_to_euler)
Core/libhelius_core.a(ahrs.c.obj)
                              Firmware/CMakeFiles/Firmware.dir/Core/Src/main.c.obj (ahrs_init)
Core/libhelius_core.a(vec3.c.obj)
                              Core/libhelius_core.a(ahrs.c.obj) (vec3_normalize)
Core/libhelius_core.a(mat6.c.obj)
                              Core/libhelius_core.a(ahrs.c.obj) (mat6_zero)
Core/libhelius_core.a(mat3.c.obj)
                              Core/libhelius_core.a(ahrs.c.obj) (mat3_identity)
C:/ST/STM32CubeCLT_1.22.0/GNU-tools-for-STM32/bin/../lib/gcc/arm-none-eabi/14.3.1/../../../../arm-none-eabi/lib/thumb/v7e-m+fp/hard\libm.a(libm_a-wf_asin.o)
                              Core/libhelius_core.a(quat.c.obj) (asinf)
C:/ST/STM32CubeCLT_1.22.0/GNU-tools-for-STM32/bin/../lib/gcc/arm-none-eabi/14.3.1/../../../../arm-none-eabi/lib/thumb/v7e-m+fp/hard\libm.a(libm_a-wf_atan2.o)
                              Core/libhelius_core.a(quat.c.obj) (atan2f)
C:/ST/STM32CubeCLT_1.22.0/GNU-tools-for-STM32/bin/../lib/gcc/arm-none-eabi/14.3.1/../../../../arm-none-eabi/lib/thumb/v7e-m+fp/hard\libm.a(libm_a-wf_sqrt.o)
                              Core/libhelius_core.a(quat.c.obj) (sqrtf)
C:/ST/STM32CubeCLT_1.22.0/GNU-tools-for-STM32/bin/../lib/gcc/arm-none-eabi/14.3.1/../../../../arm-none-eabi/lib/thumb/v7e-m+fp/hard\libm.a(libm_a-sf_fabs.o)
                              C:/ST/STM32CubeCLT_1.22.0/GNU-tools-for-STM32/bin/../lib/gcc/arm-none-eabi/14.3.1/../../../../arm-none-eabi/lib/thumb/v7e-m+fp/hard\libm.a(libm_a-wf_asin.o) (fabsf)
C:/ST/STM32CubeCLT_1.22.0/GNU-tools-for-STM32/bin/../lib/gcc/arm-none-eabi/14.3.1/../../../../arm-none-eabi/lib/thumb/v7e-m+fp/hard\libm.a(libm_a-sf_copysign.o)
                              Core/libhelius_core.a(quat.c.obj) (copysignf)
C:/ST/STM32CubeCLT_1.22.0/GNU-tools-for-STM32/bin/../lib/gcc/arm-none-eabi/14.3.1/../../../../arm-none-eabi/lib/thumb/v7e-m+fp/hard\libm.a(libm_a-sf_nan.o)
                              C:/ST/STM32CubeCLT_1.22.0/GNU-tools-for-STM32/bin/../lib/gcc/arm-none-eabi/14.3.1/../../../../arm-none-eabi/lib/thumb/v7e-m+fp/hard\libm.a(libm_a-wf_asin.o) (nanf)
C:/ST/STM32CubeCLT_1.22.0/GNU-tools-for-STM32/bin/../lib/gcc/arm-none-eabi/14.3.1/../../../../arm-none-eabi/lib/thumb/v7e-m+fp/hard\libm.a(libm_a-ef_sqrt.o)
                              C:/ST/STM32CubeCLT_1.22.0/GNU-tools-for-STM32/bin/../lib/gcc/arm-none-eabi/14.3.1/../../../../arm-none-eabi/lib/thumb/v7e-m+fp/hard\libm.a(libm_a-wf_sqrt.o) (__ieee754_sqrtf)
C:/ST/STM32CubeCLT_1.22.0/GNU-tools-for-STM32/bin/../lib/gcc/arm-none-eabi/14.3.1/../../../../arm-none-eabi/lib/thumb/v7e-m+fp/hard\libm.a(libm_a-ef_asin.o)
                              C:/ST/STM32CubeCLT_1.22.0/GNU-tools-for-STM32/bin/../lib/gcc/arm-none-eabi/14.3.1/../../../../arm-none-eabi/lib/thumb/v7e-m+fp/hard\libm.a(libm_a-wf_asin.o) (__ieee754_asinf)
C:/ST/STM32CubeCLT_1.22.0/GNU-tools-for-STM32/bin/../lib/gcc/arm-none-eabi/14.3.1/../../../../arm-none-eabi/lib/thumb/v7e-m+fp/hard\libm.a(libm_a-ef_atan2.o)
                              C:/ST/STM32CubeCLT_1.22.0/GNU-tools-for-STM32/bin/../lib/gcc/arm-none-eabi/14.3.1/../../../../arm-none-eabi/lib/thumb/v7e-m+fp/hard\libm.a(libm_a-wf_atan2.o) (__ieee754_atan2f)
C:/ST/STM32CubeCLT_1.22.0/GNU-tools-for-STM32/bin/../lib/gcc/arm-none-eabi/14.3.1/../../../../arm-none-eabi/lib/thumb/v7e-m+fp/hard\libm.a(libm_a-sf_atan.o)
                              C:/ST/STM32CubeCLT_1.22.0/GNU-tools-for-STM32/bin/../lib/gcc/arm-none-eabi/14.3.1/../../../../arm-none-eabi/lib/thumb/v7e-m+fp/hard\libm.a(libm_a-ef_atan2.o) (atanf)
C:/ST/STM32CubeCLT_1.22.0/GNU-tools-for-STM32/bin/../lib/gcc/arm-none-eabi/14.3.1/thumb/v7e-m+fp/hard\libgcc.a(_arm_addsubdf3.o)
                              Firmware/CMakeFiles/Firmware.dir/Core/Src/main.c.obj (__aeabi_f2d)
C:/ST/STM32CubeCLT_1.22.0/GNU-tools-for-STM32/bin/../lib/gcc/arm-none-eabi/14.3.1/thumb/v7e-m+fp/hard\libgcc.a(_aeabi_uldivmod.o)
                              Firmware/cmake/stm32cubemx/CMakeFiles/STM32_Drivers.dir/__/__/Drivers/STM32F4xx_HAL_Driver/Src/stm32f4xx_hal_rcc.c.obj (__aeabi_uldivmod)
C:/ST/STM32CubeCLT_1.22.0/GNU-tools-for-STM32/bin/../lib/gcc/arm-none-eabi/14.3.1/thumb/v7e-m+fp/hard\libgcc.a(_udivmoddi4.o)
                              C:/ST/STM32CubeCLT_1.22.0/GNU-tools-for-STM32/bin/../lib/gcc/arm-none-eabi/14.3.1/thumb/v7e-m+fp/hard\libgcc.a(_aeabi_uldivmod.o) (__udivmoddi4)
C:/ST/STM32CubeCLT_1.22.0/GNU-tools-for-STM32/bin/../lib/gcc/arm-none-eabi/14.3.1/thumb/v7e-m+fp/hard\libgcc.a(_dvmd_tls.o)
                              C:/ST/STM32CubeCLT_1.22.0/GNU-tools-for-STM32/bin/../lib/gcc/arm-none-eabi/14.3.1/thumb/v7e-m+fp/hard\libgcc.a(_aeabi_uldivmod.o) (__aeabi_ldiv0)
[...]
Memory Configuration

Name             Origin             Length             Attributes
RAM              0x20000000         0x00020000         xrw
FLASH            0x08000000         0x00080000         xr
*default*        0x00000000         0xffffffff

Linker script and memory map

LOAD C:/ST/STM32CubeCLT_1.22.0/GNU-tools-for-STM32/bin/../lib/gcc/arm-none-eabi/14.3.1/thumb/v7e-m+fp/hard/crti.o
LOAD C:/ST/STM32CubeCLT_1.22.0/GNU-tools-for-STM32/bin/../lib/gcc/arm-none-eabi/14.3.1/thumb/v7e-m+fp/hard/crtbegin.o
LOAD C:/ST/STM32CubeCLT_1.22.0/GNU-tools-for-STM32/bin/../lib/gcc/arm-none-eabi/14.3.1/../../../../arm-none-eabi/lib/thumb/v7e-m+fp/hard/crt0.o
LOAD Firmware/cmake/stm32cubemx/CMakeFiles/STM32_Drivers.dir/__/__/Core/Src/system_stm32f4xx.c.obj
LOAD Firmware/cmake/stm32cubemx/CMakeFiles/STM32_Drivers.dir/__/__/Drivers/STM32F4xx_HAL_Driver/Src/stm32f4xx_hal_pcd.c.obj
LOAD Firmware/cmake/stm32cubemx/CMakeFiles/STM32_Drivers.dir/__/__/Drivers/STM32F4xx_HAL_Driver/Src/stm32f4xx_hal_pcd_ex.c.obj
LOAD Firmware/cmake/stm32cubemx/CMakeFiles/STM32_Drivers.dir/__/__/Drivers/STM32F4xx_HAL_Driver/Src/stm32f4xx_ll_usb.c.obj
LOAD Firmware/cmake/stm32cubemx/CMakeFiles/STM32_Drivers.dir/__/__/Drivers/STM32F4xx_HAL_Driver/Src/stm32f4xx_hal_rcc.c.obj
LOAD Firmware/cmake/stm32cubemx/CMakeFiles/STM32_Drivers.dir/__/__/Drivers/STM32F4xx_HAL_Driver/Src/stm32f4xx_hal_rcc_ex.c.obj
LOAD Firmware/cmake/stm32cubemx/CMakeFiles/STM32_Drivers.dir/__/__/Drivers/STM32F4xx_HAL_Driver/Src/stm32f4xx_hal_flash.c.obj
LOAD Firmware/cmake/stm32cubemx/CMakeFiles/STM32_Drivers.dir/__/__/Drivers/STM32F4xx_HAL_Driver/Src/stm32f4xx_hal_flash_ex.c.obj
LOAD Firmware/cmake/stm32cubemx/CMakeFiles/STM32_Drivers.dir/__/__/Drivers/STM32F4xx_HAL_Driver/Src/stm32f4xx_hal_flash_ramfunc.c.obj
LOAD Firmware/cmake/stm32cubemx/CMakeFiles/STM32_Drivers.dir/__/__/Drivers/STM32F4xx_HAL_Driver/Src/stm32f4xx_hal_gpio.c.obj
LOAD Firmware/cmake/stm32cubemx/CMakeFiles/STM32_Drivers.dir/__/__/Drivers/STM32F4xx_HAL_Driver/Src/stm32f4xx_hal_dma_ex.c.obj
LOAD Firmware/cmake/stm32cubemx/CMakeFiles/STM32_Drivers.dir/__/__/Drivers/STM32F4xx_HAL_Driver/Src/stm32f4xx_hal_dma.c.obj
LOAD Firmware/cmake/stm32cubemx/CMakeFiles/STM32_Drivers.dir/__/__/Drivers/STM32F4xx_HAL_Driver/Src/stm32f4xx_hal_pwr.c.obj
LOAD Firmware/cmake/stm32cubemx/CMakeFiles/STM32_Drivers.dir/__/__/Drivers/STM32F4xx_HAL_Driver/Src/stm32f4xx_hal_pwr_ex.c.obj
LOAD Firmware/cmake/stm32cubemx/CMakeFiles/STM32_Drivers.dir/__/__/Drivers/STM32F4xx_HAL_Driver/Src/stm32f4xx_hal_cortex.c.obj
LOAD Firmware/cmake/stm32cubemx/CMakeFiles/STM32_Drivers.dir/__/__/Drivers/STM32F4xx_HAL_Driver/Src/stm32f4xx_hal.c.obj
LOAD Firmware/cmake/stm32cubemx/CMakeFiles/STM32_Drivers.dir/__/__/Drivers/STM32F4xx_HAL_Driver/Src/stm32f4xx_hal_exti.c.obj
LOAD Firmware/cmake/stm32cubemx/CMakeFiles/STM32_Drivers.dir/__/__/Drivers/STM32F4xx_HAL_Driver/Src/stm32f4xx_hal_i2c.c.obj
LOAD Firmware/cmake/stm32cubemx/CMakeFiles/STM32_Drivers.dir/__/__/Drivers/STM32F4xx_HAL_Driver/Src/stm32f4xx_hal_i2c_ex.c.obj
LOAD Firmware/cmake/stm32cubemx/CMakeFiles/USB_Device_Library.dir/__/__/Middlewares/ST/STM32_USB_Device_Library/Core/Src/usbd_core.c.obj
LOAD Firmware/cmake/stm32cubemx/CMakeFiles/USB_Device_Library.dir/__/__/Middlewares/ST/STM32_USB_Device_Library/Core/Src/usbd_ctlreq.c.obj
LOAD Firmware/cmake/stm32cubemx/CMakeFiles/USB_Device_Library.dir/__/__/Middlewares/ST/STM32_USB_Device_Library/Core/Src/usbd_ioreq.c.obj
LOAD Firmware/cmake/stm32cubemx/CMakeFiles/USB_Device_Library.dir/__/__/Middlewares/ST/STM32_USB_Device_Library/Class/CDC/Src/usbd_cdc.c.obj
LOAD Firmware/CMakeFiles/Firmware.dir/USB_DEVICE/Target/usbd_conf.c.obj
LOAD Firmware/CMakeFiles/Firmware.dir/USB_DEVICE/App/usb_device.c.obj
LOAD Firmware/CMakeFiles/Firmware.dir/USB_DEVICE/App/usbd_desc.c.obj
LOAD Firmware/CMakeFiles/Firmware.dir/USB_DEVICE/App/usbd_cdc_if.c.obj
LOAD Firmware/CMakeFiles/Firmware.dir/Core/Src/main.c.obj
LOAD Firmware/CMakeFiles/Firmware.dir/Core/Src/stm32f4xx_it.c.obj
LOAD Firmware/CMakeFiles/Firmware.dir/Core/Src/stm32f4xx_hal_msp.c.obj
LOAD Firmware/CMakeFiles/Firmware.dir/Core/Src/sysmem.c.obj
LOAD Firmware/CMakeFiles/Firmware.dir/Core/Src/syscalls.c.obj
LOAD Firmware/CMakeFiles/Firmware.dir/startup_stm32f411xe.s.obj
LOAD Firmware/CMakeFiles/Firmware.dir/Drivers/MPU9250/mpu9250.c.obj
LOAD Firmware/CMakeFiles/Firmware.dir/Drivers/Protocol/i2c_protocol.c.obj
LOAD C:/ST/STM32CubeCLT_1.22.0/GNU-tools-for-STM32/bin/../lib/gcc/arm-none-eabi/14.3.1/../../../../arm-none-eabi/lib/thumb/v7e-m+fp/hard\libm.a
LOAD Core/libhelius_core.a
LOAD C:/ST/STM32CubeCLT_1.22.0/GNU-tools-for-STM32/bin/../lib/gcc/arm-none-eabi/14.3.1/../../../../arm-none-eabi/lib/thumb/v7e-m+fp/hard\libm.a
START GROUP
LOAD C:/ST/STM32CubeCLT_1.22.0/GNU-tools-for-STM32/bin/../lib/gcc/arm-none-eabi/14.3.1/thumb/v7e-m+fp/hard\libgcc.a
LOAD C:/ST/STM32CubeCLT_1.22.0/GNU-tools-for-STM32/bin/../lib/gcc/arm-none-eabi/14.3.1/../../../../arm-none-eabi/lib/thumb/v7e-m+fp/hard\libg_nano.a
LOAD C:/ST/STM32CubeCLT_1.22.0/GNU-tools-for-STM32/bin/../lib/gcc/arm-none-eabi/14.3.1/../../../../arm-none-eabi/lib/thumb/v7e-m+fp/hard\libc_nano.a
END GROUP
START GROUP
LOAD C:/ST/STM32CubeCLT_1.22.0/GNU-tools-for-STM32/bin/../lib/gcc/arm-none-eabi/14.3.1/thumb/v7e-m+fp/hard\libgcc.a
LOAD C:/ST/STM32CubeCLT_1.22.0/GNU-tools-for-STM32/bin/../lib/gcc/arm-none-eabi/14.3.1/../../../../arm-none-eabi/lib/thumb/v7e-m+fp/hard\libc_nano.a
END GROUP
LOAD C:/ST/STM32CubeCLT_1.22.0/GNU-tools-for-STM32/bin/../lib/gcc/arm-none-eabi/14.3.1/thumb/v7e-m+fp/hard/crtend.o
LOAD C:/ST/STM32CubeCLT_1.22.0/GNU-tools-for-STM32/bin/../lib/gcc/arm-none-eabi/14.3.1/thumb/v7e-m+fp/hard/crtn.o
                0x20020000                        _estack = (ORIGIN (RAM) + LENGTH (RAM))
                0x2001f000                        _sstack = (_estack - _Min_Stack_Size)
                0x00000200                        _Min_Heap_Size = 0x200
                0x00001000                        _Min_Stack_Size = 0x1000

.isr_vector     0x08000000      0x198
                0x08000000                        . = ALIGN (0x4)
 *(.isr_vector)
 .isr_vector    0x08000000      0x198 Firmware/CMakeFiles/Firmware.dir/startup_stm32f411xe.s.obj
                0x08000000                g_pfnVectors
                0x08000198                        . = ALIGN (0x4)

.text           0x080001a0     0xe624
                0x080001a0                        . = ALIGN (0x4)
 *(.text)
 .text          0x080001a0       0x40 C:/ST/STM32CubeCLT_1.22.0/GNU-tools-for-STM32/bin/../lib/gcc/arm-none-eabi/14.3.1/thumb/v7e-m+fp/hard/crtbegin.o
 .text          0x080001e0      0x378 C:/ST/STM32CubeCLT_1.22.0/GNU-tools-for-STM32/bin/../lib/gcc/arm-none-eabi/14.3.1/thumb/v7e-m+fp/hard\libgcc.a(_arm_addsubdf3.o)
                0x080001e0                __aeabi_drsub
                0x080001e8                __aeabi_dsub
                0x080001e8                __subdf3
                0x080001ec                __aeabi_dadd
                0x080001ec                __adddf3
                0x08000464                __floatunsidf
                0x08000464                __aeabi_ui2d
                0x08000484                __floatsidf
                0x08000484                __aeabi_i2d
                0x080004a8                __aeabi_f2d
                0x080004a8                __extendsfdf2
                0x080004ec                __floatundidf
                0x080004ec                __aeabi_ul2d
                0x080004fc                __floatdidf
                0x080004fc                __aeabi_l2d
 .text          0x08000558       0x30 C:/ST/STM32CubeCLT_1.22.0/GNU-tools-for-STM32/bin/../lib/gcc/arm-none-eabi/14.3.1/thumb/v7e-m+fp/hard\libgcc.a(_aeabi_uldivmod.o)
                0x08000558                __aeabi_uldivmod
 .text          0x08000588      0x2f8 C:/ST/STM32CubeCLT_1.22.0/GNU-tools-for-STM32/bin/../lib/gcc/arm-none-eabi/14.3.1/thumb/v7e-m+fp/hard\libgcc.a(_udivmoddi4.o)
                0x08000588                __udivmoddi4
 .text          0x08000880        0x4 C:/ST/STM32CubeCLT_1.22.0/GNU-tools-for-STM32/bin/../lib/gcc/arm-none-eabi/14.3.1/thumb/v7e-m+fp/hard\libgcc.a(_dvmd_tls.o)
                0x08000880                __aeabi_idiv0
                0x08000880                __aeabi_ldiv0
 *fill*         0x08000884        0xc 
 .text          0x08000890       0xa0 C:/ST/STM32CubeCLT_1.22.0/GNU-tools-for-STM32/bin/../lib/gcc/arm-none-eabi/14.3.1/../../../../arm-none-eabi/lib/thumb/v7e-m+fp/hard\libg_nano.a(libc_a-memchr.o)
                0x08000890                memchr
 .text          0x08000930       0x10 C:/ST/STM32CubeCLT_1.22.0/GNU-tools-for-STM32/bin/../lib/gcc/arm-none-eabi/14.3.1/../../../../arm-none-eabi/lib/thumb/v7e-m+fp/hard\libg_nano.a(libc_a-strlen.o)
                0x08000930                strlen
 .text          0x08000940      0x424 C:/ST/STM32CubeCLT_1.22.0/GNU-tools-for-STM32/bin/../lib/gcc/arm-none-eabi/14.3.1/thumb/v7e-m+fp/hard\libgcc.a(_arm_muldivdf3.o)
                0x08000940                __aeabi_dmul
                0x08000940                __muldf3
                0x08000b94                __divdf3
                0x08000b94                __aeabi_ddiv
 .text          0x08000d64      0x110 C:/ST/STM32CubeCLT_1.22.0/GNU-tools-for-STM32/bin/../lib/gcc/arm-none-eabi/14.3.1/thumb/v7e-m+fp/hard\libgcc.a(_arm_cmpdf2.o)
                0x08000d64                __gtdf2
                0x08000d64                __gedf2
                0x08000d6c                __ltdf2
                0x08000d6c                __ledf2
                0x08000d74                __nedf2
                0x08000d74                __eqdf2
                0x08000d74                __cmpdf2
                0x08000df0                __aeabi_cdrcmple
                0x08000e00                __aeabi_cdcmpeq
                0x08000e00                __aeabi_cdcmple
                0x08000e10                __aeabi_dcmpeq
                0x08000e24                __aeabi_dcmplt
                0x08000e38                __aeabi_dcmple
                0x08000e4c                __aeabi_dcmpge
                0x08000e60                __aeabi_dcmpgt
 .text          0x08000e74       0x2c C:/ST/STM32CubeCLT_1.22.0/GNU-tools-for-STM32/bin/../lib/gcc/arm-none-eabi/14.3.1/thumb/v7e-m+fp/hard\libgcc.a(_arm_unorddf2.o)
                0x08000e74                __unorddf2
                0x08000e74                __aeabi_dcmpun
 .text          0x08000ea0       0x50 C:/ST/STM32CubeCLT_1.22.0/GNU-tools-for-STM32/bin/../lib/gcc/arm-none-eabi/14.3.1/thumb/v7e-m+fp/hard\libgcc.a(_arm_fixdfsi.o)
                0x08000ea0                __aeabi_d2iz
                0x08000ea0                __fixdfsi
 *(.text*)
 .text.SystemInit
                0x08000ef0       0x24 Firmware/cmake/stm32cubemx/CMakeFiles/STM32_Drivers.dir/__/__/Core/Src/system_stm32f4xx.c.obj
                0x08000ef0                SystemInit
 .text.HAL_PCD_Init
                0x08000f14      0x21e Firmware/cmake/stm32cubemx/CMakeFiles/STM32_Drivers.dir/__/__/Drivers/STM32F4xx_HAL_Driver/Src/stm32f4xx_hal_pcd.c.obj
                0x08000f14                HAL_PCD_Init
 .text.HAL_PCD_Start
                0x08001132       0x6a Firmware/cmake/stm32cubemx/CMakeFiles/STM32_Drivers.dir/__/__/Drivers/STM32F4xx_HAL_Driver/Src/stm32f4xx_hal_pcd.c.obj
                0x08001132                HAL_PCD_Start
 .text.HAL_PCD_IRQHandler
                0x0800119c      0x942 Firmware/cmake/stm32cubemx/CMakeFiles/STM32_Drivers.dir/__/__/Drivers/STM32F4xx_HAL_Driver/Src/stm32f4xx_hal_pcd.c.obj
                0x0800119c                HAL_PCD_IRQHandler
 .text.HAL_PCD_SetAddress
                0x08001ade       0x48 Firmware/cmake/stm32cubemx/CMakeFiles/STM32_Drivers.dir/__/__/Drivers/STM32F4xx_HAL_Driver/Src/stm32f4xx_hal_pcd.c.obj
                0x08001ade                HAL_PCD_SetAddress
 .text.HAL_PCD_EP_Open
                0x08001b26       0xd4 Firmware/cmake/stm32cubemx/CMakeFiles/STM32_Drivers.dir/__/__/Drivers/STM32F4xx_HAL_Driver/Src/stm32f4xx_hal_pcd.c.obj
                0x08001b26                HAL_PCD_EP_Open
 .text.HAL_PCD_EP_Close
                0x08001bfa       0x94 Firmware/cmake/stm32cubemx/CMakeFiles/STM32_Drivers.dir/__/__/Drivers/STM32F4xx_HAL_Driver/Src/stm32f4xx_hal_pcd.c.obj
                0x08001bfa                HAL_PCD_EP_Close
 .text.HAL_PCD_EP_Receive
                0x08001c8e       0x76 Firmware/cmake/stm32cubemx/CMakeFiles/STM32_Drivers.dir/__/__/Drivers/STM32F4xx_HAL_Driver/Src/stm32f4xx_hal_pcd.c.obj
                0x08001c8e                HAL_PCD_EP_Receive
 .text.HAL_PCD_EP_GetRxCount
                0x08001d04       0x30 Firmware/cmake/stm32cubemx/CMakeFiles/STM32_Drivers.dir/__/__/Drivers/STM32F4xx_HAL_Driver/Src/stm32f4xx_hal_pcd.c.obj
                0x08001d04                HAL_PCD_EP_GetRxCount
 .text.HAL_PCD_EP_Transmit
                0x08001d34       0x74 Firmware/cmake/stm32cubemx/CMakeFiles/STM32_Drivers.dir/__/__/Drivers/STM32F4xx_HAL_Driver/Src/stm32f4xx_hal_pcd.c.obj
                0x08001d34                HAL_PCD_EP_Transmit
 .text.HAL_PCD_EP_SetStall
                0x08001da8       0xc6 Firmware/cmake/stm32cubemx/CMakeFiles/STM32_Drivers.dir/__/__/Drivers/STM32F4xx_HAL_Driver/Src/stm32f4xx_hal_pcd.c.obj
                0x08001da8                HAL_PCD_EP_SetStall
 .text.HAL_PCD_EP_ClrStall
                0x08001e6e       0xac Firmware/cmake/stm32cubemx/CMakeFiles/STM32_Drivers.dir/__/__/Drivers/STM32F4xx_HAL_Driver/Src/stm32f4xx_hal_pcd.c.obj
                0x08001e6e                HAL_PCD_EP_ClrStall
 .text.HAL_PCD_EP_Abort
                0x08001f1a       0x62 Firmware/cmake/stm32cubemx/CMakeFiles/STM32_Drivers.dir/__/__/Drivers/STM32F4xx_HAL_Driver/Src/stm32f4xx_hal_pcd.c.obj
                0x08001f1a                HAL_PCD_EP_Abort
 .text.PCD_WriteEmptyTxFifo
                0x08001f7c      0x118 Firmware/cmake/stm32cubemx/CMakeFiles/STM32_Drivers.dir/__/__/Drivers/STM32F4xx_HAL_Driver/Src/stm32f4xx_hal_pcd.c.obj
 .text.PCD_EP_OutXfrComplete_int
                0x08002094      0x1d0 Firmware/cmake/stm32cubemx/CMakeFiles/STM32_Drivers.dir/__/__/Drivers/STM32F4xx_HAL_Driver/Src/stm32f4xx_hal_pcd.c.obj
 .text.PCD_EP_OutSetupPacket_int
                0x08002264       0x8c Firmware/cmake/stm32cubemx/CMakeFiles/STM32_Drivers.dir/__/__/Drivers/STM32F4xx_HAL_Driver/Src/stm32f4xx_hal_pcd.c.obj
 .text.HAL_PCDEx_SetTxFiFo
                0x080022f0       0x8e Firmware/cmake/stm32cubemx/CMakeFiles/STM32_Drivers.dir/__/__/Drivers/STM32F4xx_HAL_Driver/Src/stm32f4xx_hal_pcd_ex.c.obj
                0x080022f0                HAL_PCDEx_SetTxFiFo
 .text.HAL_PCDEx_SetRxFiFo
                0x0800237e       0x22 Firmware/cmake/stm32cubemx/CMakeFiles/STM32_Drivers.dir/__/__/Drivers/STM32F4xx_HAL_Driver/Src/stm32f4xx_hal_pcd_ex.c.obj
                0x0800237e                HAL_PCDEx_SetRxFiFo
 .text.HAL_PCDEx_LPM_Callback
                0x080023a0       0x18 Firmware/cmake/stm32cubemx/CMakeFiles/STM32_Drivers.dir/__/__/Drivers/STM32F4xx_HAL_Driver/Src/stm32f4xx_hal_pcd_ex.c.obj
                0x080023a0                HAL_PCDEx_LPM_Callback
 .text.USB_CoreInit
                0x080023b8       0xc8 Firmware/cmake/stm32cubemx/CMakeFiles/STM32_Drivers.dir/__/__/Drivers/STM32F4xx_HAL_Driver/Src/stm32f4xx_ll_usb.c.obj
                0x080023b8                USB_CoreInit
 .text.USB_SetTurnaroundTime
                0x08002480      0x144 Firmware/cmake/stm32cubemx/CMakeFiles/STM32_Drivers.dir/__/__/Drivers/STM32F4xx_HAL_Driver/Src/stm32f4xx_ll_usb.c.obj
                0x08002480                USB_SetTurnaroundTime
 .text.USB_EnableGlobalInt
                0x080025c4       0x22 Firmware/cmake/stm32cubemx/CMakeFiles/STM32_Drivers.dir/__/__/Drivers/STM32F4xx_HAL_Driver/Src/stm32f4xx_ll_usb.c.obj
                0x080025c4                USB_EnableGlobalInt
 .text.USB_DisableGlobalInt
                0x080025e6       0x22 Firmware/cmake/stm32cubemx/CMakeFiles/STM32_Drivers.dir/__/__/Drivers/STM32F4xx_HAL_Driver/Src/stm32f4xx_ll_usb.c.obj
                0x080025e6                USB_DisableGlobalInt
 .text.USB_SetCurrentMode
                0x08002608       0x98 Firmware/cmake/stm32cubemx/CMakeFiles/STM32_Drivers.dir/__/__/Drivers/STM32F4xx_HAL_Driver/Src/stm32f4xx_ll_usb.c.obj
                0x08002608                USB_SetCurrentMode
 .text.USB_DevInit
                0x080026a0      0x2c8 Firmware/cmake/stm32cubemx/CMakeFiles/STM32_Drivers.dir/__/__/Drivers/STM32F4xx_HAL_Driver/Src/stm32f4xx_ll_usb.c.obj
                0x080026a0                USB_DevInit
 .text.USB_FlushTxFifo
                0x08002968       0x64 Firmware/cmake/stm32cubemx/CMakeFiles/STM32_Drivers.dir/__/__/Drivers/STM32F4xx_HAL_Driver/Src/stm32f4xx_ll_usb.c.obj
                0x08002968                USB_FlushTxFifo
 .text.USB_FlushRxFifo
                0x080029cc       0x5c Firmware/cmake/stm32cubemx/CMakeFiles/STM32_Drivers.dir/__/__/Drivers/STM32F4xx_HAL_Driver/Src/stm32f4xx_ll_usb.c.obj
                0x080029cc                USB_FlushRxFifo
 .text.USB_SetDevSpeed
                0x08002a28       0x32 Firmware/cmake/stm32cubemx/CMakeFiles/STM32_Drivers.dir/__/__/Drivers/STM32F4xx_HAL_Driver/Src/stm32f4xx_ll_usb.c.obj
                0x08002a28                USB_SetDevSpeed
 .text.USB_GetDevSpeed
                0x08002a5a       0x4a Firmware/cmake/stm32cubemx/CMakeFiles/STM32_Drivers.dir/__/__/Drivers/STM32F4xx_HAL_Driver/Src/stm32f4xx_ll_usb.c.obj
                0x08002a5a                USB_GetDevSpeed
 .text.USB_ActivateEndpoint
                0x08002aa4      0x10e Firmware/cmake/stm32cubemx/CMakeFiles/STM32_Drivers.dir/__/__/Drivers/STM32F4xx_HAL_Driver/Src/stm32f4xx_ll_usb.c.obj
                0x08002aa4                USB_ActivateEndpoint
 *fill*         0x08002bb2        0x2 
 .text.USB_DeactivateEndpoint
                0x08002bb4      0x1b8 Firmware/cmake/stm32cubemx/CMakeFiles/STM32_Drivers.dir/__/__/Drivers/STM32F4xx_HAL_Driver/Src/stm32f4xx_ll_usb.c.obj
                0x08002bb4                USB_DeactivateEndpoint
 .text.USB_EPStartXfer
                0x08002d6c      0x53c Firmware/cmake/stm32cubemx/CMakeFiles/STM32_Drivers.dir/__/__/Drivers/STM32F4xx_HAL_Driver/Src/stm32f4xx_ll_usb.c.obj
                0x08002d6c                USB_EPStartXfer
 .text.USB_EPStopXfer
                0x080032a8      0x154 Firmware/cmake/stm32cubemx/CMakeFiles/STM32_Drivers.dir/__/__/Drivers/STM32F4xx_HAL_Driver/Src/stm32f4xx_ll_usb.c.obj
                0x080032a8                USB_EPStopXfer
 .text.USB_WritePacket
                0x080033fc       0x7c Firmware/cmake/stm32cubemx/CMakeFiles/STM32_Drivers.dir/__/__/Drivers/STM32F4xx_HAL_Driver/Src/stm32f4xx_ll_usb.c.obj
                0x080033fc                USB_WritePacket
 .text.USB_ReadPacket
                0x08003478       0xb0 Firmware/cmake/stm32cubemx/CMakeFiles/STM32_Drivers.dir/__/__/Drivers/STM32F4xx_HAL_Driver/Src/stm32f4xx_ll_usb.c.obj
                0x08003478                USB_ReadPacket
 .text.USB_EPSetStall
                0x08003528       0xdc Firmware/cmake/stm32cubemx/CMakeFiles/STM32_Drivers.dir/__/__/Drivers/STM32F4xx_HAL_Driver/Src/stm32f4xx_ll_usb.c.obj
                0x08003528                USB_EPSetStall
 .text.USB_EPClearStall
                0x08003604       0xcc Firmware/cmake/stm32cubemx/CMakeFiles/STM32_Drivers.dir/__/__/Drivers/STM32F4xx_HAL_Driver/Src/stm32f4xx_ll_usb.c.obj
                0x08003604                USB_EPClearStall
 .text.USB_SetDevAddress
                0x080036d0       0x4c Firmware/cmake/stm32cubemx/CMakeFiles/STM32_Drivers.dir/__/__/Drivers/STM32F4xx_HAL_Driver/Src/stm32f4xx_ll_usb.c.obj
                0x080036d0                USB_SetDevAddress
 .text.USB_DevConnect
                0x0800371c       0x42 Firmware/cmake/stm32cubemx/CMakeFiles/STM32_Drivers.dir/__/__/Drivers/STM32F4xx_HAL_Driver/Src/stm32f4xx_ll_usb.c.obj
                0x0800371c                USB_DevConnect
 .text.USB_DevDisconnect
                0x0800375e       0x42 Firmware/cmake/stm32cubemx/CMakeFiles/STM32_Drivers.dir/__/__/Drivers/STM32F4xx_HAL_Driver/Src/stm32f4xx_ll_usb.c.obj
                0x0800375e                USB_DevDisconnect
 .text.USB_ReadInterrupts
                0x080037a0       0x26 Firmware/cmake/stm32cubemx/CMakeFiles/STM32_Drivers.dir/__/__/Drivers/STM32F4xx_HAL_Driver/Src/stm32f4xx_ll_usb.c.obj
                0x080037a0                USB_ReadInterrupts
 .text.USB_ReadDevAllOutEpInterrupt
                0x080037c6       0x34 Firmware/cmake/stm32cubemx/CMakeFiles/STM32_Drivers.dir/__/__/Drivers/STM32F4xx_HAL_Driver/Src/stm32f4xx_ll_usb.c.obj
                0x080037c6                USB_ReadDevAllOutEpInterrupt
 .text.USB_ReadDevAllInEpInterrupt
                0x080037fa       0x34 Firmware/cmake/stm32cubemx/CMakeFiles/STM32_Drivers.dir/__/__/Drivers/STM32F4xx_HAL_Driver/Src/stm32f4xx_ll_usb.c.obj
                0x080037fa                USB_ReadDevAllInEpInterrupt
 .text.USB_ReadDevOutEPInterrupt
                0x0800382e       0x3c Firmware/cmake/stm32cubemx/CMakeFiles/STM32_Drivers.dir/__/__/Drivers/STM32F4xx_HAL_Driver/Src/stm32f4xx_ll_usb.c.obj
                0x0800382e                USB_ReadDevOutEPInterrupt
 .text.USB_ReadDevInEPInterrupt
                0x0800386a       0x5c Firmware/cmake/stm32cubemx/CMakeFiles/STM32_Drivers.dir/__/__/Drivers/STM32F4xx_HAL_Driver/Src/stm32f4xx_ll_usb.c.obj
                0x0800386a                USB_ReadDevInEPInterrupt
 .text.USB_GetMode
                0x080038c6       0x1c Firmware/cmake/stm32cubemx/CMakeFiles/STM32_Drivers.dir/__/__/Drivers/STM32F4xx_HAL_Driver/Src/stm32f4xx_ll_usb.c.obj
                0x080038c6                USB_GetMode
 .text.USB_ActivateSetup
                0x080038e2       0x46 Firmware/cmake/stm32cubemx/CMakeFiles/STM32_Drivers.dir/__/__/Drivers/STM32F4xx_HAL_Driver/Src/stm32f4xx_ll_usb.c.obj
                0x080038e2                USB_ActivateSetup
 .text.USB_EP0_OutStart
                0x08003928       0xbc Firmware/cmake/stm32cubemx/CMakeFiles/STM32_Drivers.dir/__/__/Drivers/STM32F4xx_HAL_Driver/Src/stm32f4xx_ll_usb.c.obj
                0x08003928                USB_EP0_OutStart
 .text.USB_CoreReset
                0x080039e4       0x70 Firmware/cmake/stm32cubemx/CMakeFiles/STM32_Drivers.dir/__/__/Drivers/STM32F4xx_HAL_Driver/Src/stm32f4xx_ll_usb.c.obj
 .text.HAL_RCC_OscConfig
                0x08003a54      0x4f0 Firmware/cmake/stm32cubemx/CMakeFiles/STM32_Drivers.dir/__/__/Drivers/STM32F4xx_HAL_Driver/Src/stm32f4xx_hal_rcc.c.obj
                0x08003a54                HAL_RCC_OscConfig
 .text.HAL_RCC_ClockConfig
                0x08003f44      0x1cc Firmware/cmake/stm32cubemx/CMakeFiles/STM32_Drivers.dir/__/__/Drivers/STM32F4xx_HAL_Driver/Src/stm32f4xx_hal_rcc.c.obj
                0x08003f44                HAL_RCC_ClockConfig
 .text.HAL_RCC_GetSysClockFreq
                0x08004110      0x188 Firmware/cmake/stm32cubemx/CMakeFiles/STM32_Drivers.dir/__/__/Drivers/STM32F4xx_HAL_Driver/Src/stm32f4xx_hal_rcc.c.obj
                0x08004110                HAL_RCC_GetSysClockFreq
 .text.HAL_RCC_GetHCLKFreq
                0x08004298       0x18 Firmware/cmake/stm32cubemx/CMakeFiles/STM32_Drivers.dir/__/__/Drivers/STM32F4xx_HAL_Driver/Src/stm32f4xx_hal_rcc.c.obj
                0x08004298                HAL_RCC_GetHCLKFreq
 .text.HAL_RCC_GetPCLK1Freq
                0x080042b0       0x28 Firmware/cmake/stm32cubemx/CMakeFiles/STM32_Drivers.dir/__/__/Drivers/STM32F4xx_HAL_Driver/Src/stm32f4xx_hal_rcc.c.obj
                0x080042b0                HAL_RCC_GetPCLK1Freq
 .text.HAL_GPIO_Init
                0x080042d8      0x308 Firmware/cmake/stm32cubemx/CMakeFiles/STM32_Drivers.dir/__/__/Drivers/STM32F4xx_HAL_Driver/Src/stm32f4xx_hal_gpio.c.obj
                0x080042d8                HAL_GPIO_Init
 .text.HAL_GPIO_WritePin
                0x080045e0       0x32 Firmware/cmake/stm32cubemx/CMakeFiles/STM32_Drivers.dir/__/__/Drivers/STM32F4xx_HAL_Driver/Src/stm32f4xx_hal_gpio.c.obj
                0x080045e0                HAL_GPIO_WritePin
 .text.HAL_GPIO_TogglePin
                0x08004612       0x34 Firmware/cmake/stm32cubemx/CMakeFiles/STM32_Drivers.dir/__/__/Drivers/STM32F4xx_HAL_Driver/Src/stm32f4xx_hal_gpio.c.obj
                0x08004612                HAL_GPIO_TogglePin
 *fill*         0x08004646        0x2 
 .text.__NVIC_SetPriorityGrouping
                0x08004648       0x48 Firmware/cmake/stm32cubemx/CMakeFiles/STM32_Drivers.dir/__/__/Drivers/STM32F4xx_HAL_Driver/Src/stm32f4xx_hal_cortex.c.obj
 .text.__NVIC_GetPriorityGrouping
                0x08004690       0x1c Firmware/cmake/stm32cubemx/CMakeFiles/STM32_Drivers.dir/__/__/Drivers/STM32F4xx_HAL_Driver/Src/stm32f4xx_hal_cortex.c.obj
 .text.__NVIC_EnableIRQ
                0x080046ac       0x3c Firmware/cmake/stm32cubemx/CMakeFiles/STM32_Drivers.dir/__/__/Drivers/STM32F4xx_HAL_Driver/Src/stm32f4xx_hal_cortex.c.obj
 .text.__NVIC_SetPriority
                0x080046e8       0x54 Firmware/cmake/stm32cubemx/CMakeFiles/STM32_Drivers.dir/__/__/Drivers/STM32F4xx_HAL_Driver/Src/stm32f4xx_hal_cortex.c.obj
 .text.NVIC_EncodePriority
                0x0800473c       0x66 Firmware/cmake/stm32cubemx/CMakeFiles/STM32_Drivers.dir/__/__/Drivers/STM32F4xx_HAL_Driver/Src/stm32f4xx_hal_cortex.c.obj
 *fill*         0x080047a2        0x2 
 .text.SysTick_Config
                0x080047a4       0x44 Firmware/cmake/stm32cubemx/CMakeFiles/STM32_Drivers.dir/__/__/Drivers/STM32F4xx_HAL_Driver/Src/stm32f4xx_hal_cortex.c.obj
 .text.HAL_NVIC_SetPriorityGrouping
                0x080047e8       0x16 Firmware/cmake/stm32cubemx/CMakeFiles/STM32_Drivers.dir/__/__/Drivers/STM32F4xx_HAL_Driver/Src/stm32f4xx_hal_cortex.c.obj
                0x080047e8                HAL_NVIC_SetPriorityGrouping
 .text.HAL_NVIC_SetPriority
                0x080047fe       0x38 Firmware/cmake/stm32cubemx/CMakeFiles/STM32_Drivers.dir/__/__/Drivers/STM32F4xx_HAL_Driver/Src/stm32f4xx_hal_cortex.c.obj
                0x080047fe                HAL_NVIC_SetPriority
 .text.HAL_NVIC_EnableIRQ
                0x08004836       0x1c Firmware/cmake/stm32cubemx/CMakeFiles/STM32_Drivers.dir/__/__/Drivers/STM32F4xx_HAL_Driver/Src/stm32f4xx_hal_cortex.c.obj
                0x08004836                HAL_NVIC_EnableIRQ
 .text.HAL_SYSTICK_Config
                0x08004852       0x18 Firmware/cmake/stm32cubemx/CMakeFiles/STM32_Drivers.dir/__/__/Drivers/STM32F4xx_HAL_Driver/Src/stm32f4xx_hal_cortex.c.obj
                0x08004852                HAL_SYSTICK_Config
 *fill*         0x0800486a        0x2 
 .text.HAL_Init
                0x0800486c       0x44 Firmware/cmake/stm32cubemx/CMakeFiles/STM32_Drivers.dir/__/__/Drivers/STM32F4xx_HAL_Driver/Src/stm32f4xx_hal.c.obj
                0x0800486c                HAL_Init
 .text.HAL_InitTick
                0x080048b0       0x60 Firmware/cmake/stm32cubemx/CMakeFiles/STM32_Drivers.dir/__/__/Drivers/STM32F4xx_HAL_Driver/Src/stm32f4xx_hal.c.obj
                0x080048b0                HAL_InitTick
 .text.HAL_IncTick
                0x08004910       0x28 Firmware/cmake/stm32cubemx/CMakeFiles/STM32_Drivers.dir/__/__/Drivers/STM32F4xx_HAL_Driver/Src/stm32f4xx_hal.c.obj
                0x08004910                HAL_IncTick
 .text.HAL_GetTick
                0x08004938       0x18 Firmware/cmake/stm32cubemx/CMakeFiles/STM32_Drivers.dir/__/__/Drivers/STM32F4xx_HAL_Driver/Src/stm32f4xx_hal.c.obj
                0x08004938                HAL_GetTick
 .text.HAL_Delay
                0x08004950       0x48 Firmware/cmake/stm32cubemx/CMakeFiles/STM32_Drivers.dir/__/__/Drivers/STM32F4xx_HAL_Driver/Src/stm32f4xx_hal.c.obj
                0x08004950                HAL_Delay
 .text.HAL_I2C_Init
                0x08004998      0x288 Firmware/cmake/stm32cubemx/CMakeFiles/STM32_Drivers.dir/__/__/Drivers/STM32F4xx_HAL_Driver/Src/stm32f4xx_hal_i2c.c.obj
                0x08004998                HAL_I2C_Init
 .text.HAL_I2C_Mem_Write
                0x08004c20      0x1f4 Firmware/cmake/stm32cubemx/CMakeFiles/STM32_Drivers.dir/__/__/Drivers/STM32F4xx_HAL_Driver/Src/stm32f4xx_hal_i2c.c.obj
                0x08004c20                HAL_I2C_Mem_Write
 .text.HAL_I2C_Mem_Read
                0x08004e14      0x464 Firmware/cmake/stm32cubemx/CMakeFiles/STM32_Drivers.dir/__/__/Drivers/STM32F4xx_HAL_Driver/Src/stm32f4xx_hal_i2c.c.obj
                0x08004e14                HAL_I2C_Mem_Read
 .text.I2C_RequestMemoryWrite
                0x08005278      0x12c Firmware/cmake/stm32cubemx/CMakeFiles/STM32_Drivers.dir/__/__/Drivers/STM32F4xx_HAL_Driver/Src/stm32f4xx_hal_i2c.c.obj
 .text.I2C_RequestMemoryRead
                0x080053a4      0x1d0 Firmware/cmake/stm32cubemx/CMakeFiles/STM32_Drivers.dir/__/__/Drivers/STM32F4xx_HAL_Driver/Src/stm32f4xx_hal_i2c.c.obj
 .text.I2C_WaitOnFlagUntilTimeout
                0x08005574       0xf4 Firmware/cmake/stm32cubemx/CMakeFiles/STM32_Drivers.dir/__/__/Drivers/STM32F4xx_HAL_Driver/Src/stm32f4xx_hal_i2c.c.obj
 .text.I2C_WaitOnMasterAddressFlagUntilTimeout
                0x08005668      0x140 Firmware/cmake/stm32cubemx/CMakeFiles/STM32_Drivers.dir/__/__/Drivers/STM32F4xx_HAL_Driver/Src/stm32f4xx_hal_i2c.c.obj
 .text.I2C_WaitOnTXEFlagUntilTimeout
                0x080057a8       0x90 Firmware/cmake/stm32cubemx/CMakeFiles/STM32_Drivers.dir/__/__/Drivers/STM32F4xx_HAL_Driver/Src/stm32f4xx_hal_i2c.c.obj
 .text.I2C_WaitOnBTFFlagUntilTimeout
                0x08005838       0x90 Firmware/cmake/stm32cubemx/CMakeFiles/STM32_Drivers.dir/__/__/Drivers/STM32F4xx_HAL_Driver/Src/stm32f4xx_hal_i2c.c.obj
 .text.I2C_WaitOnRXNEFlagUntilTimeout
                0x080058c8       0xba Firmware/cmake/stm32cubemx/CMakeFiles/STM32_Drivers.dir/__/__/Drivers/STM32F4xx_HAL_Driver/Src/stm32f4xx_hal_i2c.c.obj
 .text.I2C_IsAcknowledgeFailed
                0x08005982       0x5e Firmware/cmake/stm32cubemx/CMakeFiles/STM32_Drivers.dir/__/__/Drivers/STM32F4xx_HAL_Driver/Src/stm32f4xx_hal_i2c.c.obj
 .text.USBD_Init
                0x080059e0       0x60 Firmware/cmake/stm32cubemx/CMakeFiles/USB_Device_Library.dir/__/__/Middlewares/ST/STM32_USB_Device_Library/Core/Src/usbd_core.c.obj
                0x080059e0                USBD_Init
 .text.USBD_RegisterClass
                0x08005a40       0x6c Firmware/cmake/stm32cubemx/CMakeFiles/USB_Device_Library.dir/__/__/Middlewares/ST/STM32_USB_Device_Library/Core/Src/usbd_core.c.obj
                0x08005a40                USBD_RegisterClass
 .text.USBD_Start
                0x08005aac       0x18 Firmware/cmake/stm32cubemx/CMakeFiles/USB_Device_Library.dir/__/__/Middlewares/ST/STM32_USB_Device_Library/Core/Src/usbd_core.c.obj
                0x08005aac                USBD_Start
 .text.USBD_RunTestMode
                0x08005ac4       0x16 Firmware/cmake/stm32cubemx/CMakeFiles/USB_Device_Library.dir/__/__/Middlewares/ST/STM32_USB_Device_Library/Core/Src/usbd_core.c.obj
                0x08005ac4                USBD_RunTestMode
 .text.USBD_SetClassConfig
                0x08005ada       0x38 Firmware/cmake/stm32cubemx/CMakeFiles/USB_Device_Library.dir/__/__/Middlewares/ST/STM32_USB_Device_Library/Core/Src/usbd_core.c.obj
                0x08005ada                USBD_SetClassConfig
 .text.USBD_ClrClassConfig
                0x08005b12       0x34 Firmware/cmake/stm32cubemx/CMakeFiles/USB_Device_Library.dir/__/__/Middlewares/ST/STM32_USB_Device_Library/Core/Src/usbd_core.c.obj
                0x08005b12                USBD_ClrClassConfig
 .text.USBD_LL_SetupStage
                0x08005b46       0xaa Firmware/cmake/stm32cubemx/CMakeFiles/USB_Device_Library.dir/__/__/Middlewares/ST/STM32_USB_Device_Library/Core/Src/usbd_core.c.obj
                0x08005b46                USBD_LL_SetupStage
 .text.USBD_LL_DataOutStage
                0x08005bf0      0x178 Firmware/cmake/stm32cubemx/CMakeFiles/USB_Device_Library.dir/__/__/Middlewares/ST/STM32_USB_Device_Library/Core/Src/usbd_core.c.obj
                0x08005bf0                USBD_LL_DataOutStage
 .text.USBD_LL_DataInStage
                0x08005d68      0x176 Firmware/cmake/stm32cubemx/CMakeFiles/USB_Device_Library.dir/__/__/Middlewares/ST/STM32_USB_Device_Library/Core/Src/usbd_core.c.obj
                0x08005d68                USBD_LL_DataInStage
 .text.USBD_LL_Reset
                0x08005ede       0xa6 Firmware/cmake/stm32cubemx/CMakeFiles/USB_Device_Library.dir/__/__/Middlewares/ST/STM32_USB_Device_Library/Core/Src/usbd_core.c.obj
                0x08005ede                USBD_LL_Reset
 .text.USBD_LL_SetSpeed
                0x08005f84       0x20 Firmware/cmake/stm32cubemx/CMakeFiles/USB_Device_Library.dir/__/__/Middlewares/ST/STM32_USB_Device_Library/Core/Src/usbd_core.c.obj
                0x08005f84                USBD_LL_SetSpeed
 .text.USBD_LL_Suspend
                0x08005fa4       0x38 Firmware/cmake/stm32cubemx/CMakeFiles/USB_Device_Library.dir/__/__/Middlewares/ST/STM32_USB_Device_Library/Core/Src/usbd_core.c.obj
                0x08005fa4                USBD_LL_Suspend
 .text.USBD_LL_Resume
                0x08005fdc       0x30 Firmware/cmake/stm32cubemx/CMakeFiles/USB_Device_Library.dir/__/__/Middlewares/ST/STM32_USB_Device_Library/Core/Src/usbd_core.c.obj
                0x08005fdc                USBD_LL_Resume
 .text.USBD_LL_SOF
                0x0800600c       0x40 Firmware/cmake/stm32cubemx/CMakeFiles/USB_Device_Library.dir/__/__/Middlewares/ST/STM32_USB_Device_Library/Core/Src/usbd_core.c.obj
                0x0800600c                USBD_LL_SOF
 .text.USBD_LL_IsoINIncomplete
                0x0800604c       0x64 Firmware/cmake/stm32cubemx/CMakeFiles/USB_Device_Library.dir/__/__/Middlewares/ST/STM32_USB_Device_Library/Core/Src/usbd_core.c.obj
                0x0800604c                USBD_LL_IsoINIncomplete
 .text.USBD_LL_IsoOUTIncomplete
                0x080060b0       0x64 Firmware/cmake/stm32cubemx/CMakeFiles/USB_Device_Library.dir/__/__/Middlewares/ST/STM32_USB_Device_Library/Core/Src/usbd_core.c.obj
                0x080060b0                USBD_LL_IsoOUTIncomplete
 .text.USBD_LL_DevConnected
                0x08006114       0x16 Firmware/cmake/stm32cubemx/CMakeFiles/USB_Device_Library.dir/__/__/Middlewares/ST/STM32_USB_Device_Library/Core/Src/usbd_core.c.obj
                0x08006114                USBD_LL_DevConnected
 .text.USBD_LL_DevDisconnected
                0x0800612a       0x46 Firmware/cmake/stm32cubemx/CMakeFiles/USB_Device_Library.dir/__/__/Middlewares/ST/STM32_USB_Device_Library/Core/Src/usbd_core.c.obj
                0x0800612a                USBD_LL_DevDisconnected
 .text.USBD_CoreFindIF
                0x08006170       0x1a Firmware/cmake/stm32cubemx/CMakeFiles/USB_Device_Library.dir/__/__/Middlewares/ST/STM32_USB_Device_Library/Core/Src/usbd_core.c.obj
                0x08006170                USBD_CoreFindIF
 .text.USBD_CoreFindEP
                0x0800618a       0x1a Firmware/cmake/stm32cubemx/CMakeFiles/USB_Device_Library.dir/__/__/Middlewares/ST/STM32_USB_Device_Library/Core/Src/usbd_core.c.obj
                0x0800618a                USBD_CoreFindEP
 .text.USBD_GetEpDesc
                0x080061a4       0x70 Firmware/cmake/stm32cubemx/CMakeFiles/USB_Device_Library.dir/__/__/Middlewares/ST/STM32_USB_Device_Library/Core/Src/usbd_core.c.obj
                0x080061a4                USBD_GetEpDesc
 .text.USBD_GetNextDesc
                0x08006214       0x38 Firmware/cmake/stm32cubemx/CMakeFiles/USB_Device_Library.dir/__/__/Middlewares/ST/STM32_USB_Device_Library/Core/Src/usbd_core.c.obj
                0x08006214                USBD_GetNextDesc
 .text.SWAPBYTE
                0x0800624c       0x3e Firmware/cmake/stm32cubemx/CMakeFiles/USB_Device_Library.dir/__/__/Middlewares/ST/STM32_USB_Device_Library/Core/Src/usbd_ctlreq.c.obj
 *fill*         0x0800628a        0x2 
 .text.USBD_StdDevReq
                0x0800628c       0xe4 Firmware/cmake/stm32cubemx/CMakeFiles/USB_Device_Library.dir/__/__/Middlewares/ST/STM32_USB_Device_Library/Core/Src/usbd_ctlreq.c.obj
                0x0800628c                USBD_StdDevReq
 .text.USBD_StdItfReq
                0x08006370       0xd8 Firmware/cmake/stm32cubemx/CMakeFiles/USB_Device_Library.dir/__/__/Middlewares/ST/STM32_USB_Device_Library/Core/Src/usbd_ctlreq.c.obj
                0x08006370                USBD_StdItfReq
 .text.USBD_StdEPReq
                0x08006448      0x33e Firmware/cmake/stm32cubemx/CMakeFiles/USB_Device_Library.dir/__/__/Middlewares/ST/STM32_USB_Device_Library/Core/Src/usbd_ctlreq.c.obj
                0x08006448                USBD_StdEPReq
 *fill*         0x08006786        0x2 
 .text.USBD_GetDescriptor
                0x08006788      0x2d4 Firmware/cmake/stm32cubemx/CMakeFiles/USB_Device_Library.dir/__/__/Middlewares/ST/STM32_USB_Device_Library/Core/Src/usbd_ctlreq.c.obj
 .text.USBD_SetAddress
                0x08006a5c       0x88 Firmware/cmake/stm32cubemx/CMakeFiles/USB_Device_Library.dir/__/__/Middlewares/ST/STM32_USB_Device_Library/Core/Src/usbd_ctlreq.c.obj
 .text.USBD_SetConfig
                0x08006ae4      0x154 Firmware/cmake/stm32cubemx/CMakeFiles/USB_Device_Library.dir/__/__/Middlewares/ST/STM32_USB_Device_Library/Core/Src/usbd_ctlreq.c.obj
 .text.USBD_GetConfig
                0x08006c38       0x6c Firmware/cmake/stm32cubemx/CMakeFiles/USB_Device_Library.dir/__/__/Middlewares/ST/STM32_USB_Device_Library/Core/Src/usbd_ctlreq.c.obj
 .text.USBD_GetStatus
                0x08006ca4       0x68 Firmware/cmake/stm32cubemx/CMakeFiles/USB_Device_Library.dir/__/__/Middlewares/ST/STM32_USB_Device_Library/Core/Src/usbd_ctlreq.c.obj
 .text.USBD_SetFeature
                0x08006d0c       0x52 Firmware/cmake/stm32cubemx/CMakeFiles/USB_Device_Library.dir/__/__/Middlewares/ST/STM32_USB_Device_Library/Core/Src/usbd_ctlreq.c.obj
 .text.USBD_ClrFeature
                0x08006d5e       0x44 Firmware/cmake/stm32cubemx/CMakeFiles/USB_Device_Library.dir/__/__/Middlewares/ST/STM32_USB_Device_Library/Core/Src/usbd_ctlreq.c.obj
 .text.USBD_ParseSetupRequest
                0x08006da2       0x74 Firmware/cmake/stm32cubemx/CMakeFiles/USB_Device_Library.dir/__/__/Middlewares/ST/STM32_USB_Device_Library/Core/Src/usbd_ctlreq.c.obj
                0x08006da2                USBD_ParseSetupRequest
 .text.USBD_CtlError
                0x08006e16       0x22 Firmware/cmake/stm32cubemx/CMakeFiles/USB_Device_Library.dir/__/__/Middlewares/ST/STM32_USB_Device_Library/Core/Src/usbd_ctlreq.c.obj
                0x08006e16                USBD_CtlError
 .text.USBD_GetString
                0x08006e38       0xa4 Firmware/cmake/stm32cubemx/CMakeFiles/USB_Device_Library.dir/__/__/Middlewares/ST/STM32_USB_Device_Library/Core/Src/usbd_ctlreq.c.obj
                0x08006e38                USBD_GetString
 .text.USBD_GetLen
                0x08006edc       0x34 Firmware/cmake/stm32cubemx/CMakeFiles/USB_Device_Library.dir/__/__/Middlewares/ST/STM32_USB_Device_Library/Core/Src/usbd_ctlreq.c.obj
 .text.USBD_CtlSendData
                0x08006f10       0x3c Firmware/cmake/stm32cubemx/CMakeFiles/USB_Device_Library.dir/__/__/Middlewares/ST/STM32_USB_Device_Library/Core/Src/usbd_ioreq.c.obj
                0x08006f10                USBD_CtlSendData
 .text.USBD_CtlContinueSendData
                0x08006f4c       0x22 Firmware/cmake/stm32cubemx/CMakeFiles/USB_Device_Library.dir/__/__/Middlewares/ST/STM32_USB_Device_Library/Core/Src/usbd_ioreq.c.obj
                0x08006f4c                USBD_CtlContinueSendData
 .text.USBD_CtlPrepareRx
                0x08006f6e       0x42 Firmware/cmake/stm32cubemx/CMakeFiles/USB_Device_Library.dir/__/__/Middlewares/ST/STM32_USB_Device_Library/Core/Src/usbd_ioreq.c.obj
                0x08006f6e                USBD_CtlPrepareRx
 .text.USBD_CtlContinueRx
                0x08006fb0       0x22 Firmware/cmake/stm32cubemx/CMakeFiles/USB_Device_Library.dir/__/__/Middlewares/ST/STM32_USB_Device_Library/Core/Src/usbd_ioreq.c.obj
                0x08006fb0                USBD_CtlContinueRx
 .text.USBD_CtlSendStatus
                0x08006fd2       0x26 Firmware/cmake/stm32cubemx/CMakeFiles/USB_Device_Library.dir/__/__/Middlewares/ST/STM32_USB_Device_Library/Core/Src/usbd_ioreq.c.obj
                0x08006fd2                USBD_CtlSendStatus
 .text.USBD_CtlReceiveStatus
                0x08006ff8       0x26 Firmware/cmake/stm32cubemx/CMakeFiles/USB_Device_Library.dir/__/__/Middlewares/ST/STM32_USB_Device_Library/Core/Src/usbd_ioreq.c.obj
                0x08006ff8                USBD_CtlReceiveStatus
 *fill*         0x0800701e        0x2 
 .text.USBD_CDC_Init
                0x08007020      0x1f0 Firmware/cmake/stm32cubemx/CMakeFiles/USB_Device_Library.dir/__/__/Middlewares/ST/STM32_USB_Device_Library/Class/CDC/Src/usbd_cdc.c.obj
 .text.USBD_CDC_DeInit
                0x08007210      0x104 Firmware/cmake/stm32cubemx/CMakeFiles/USB_Device_Library.dir/__/__/Middlewares/ST/STM32_USB_Device_Library/Class/CDC/Src/usbd_cdc.c.obj
 .text.USBD_CDC_Setup
                0x08007314      0x1b8 Firmware/cmake/stm32cubemx/CMakeFiles/USB_Device_Library.dir/__/__/Middlewares/ST/STM32_USB_Device_Library/Class/CDC/Src/usbd_cdc.c.obj
 .text.USBD_CDC_DataIn
                0x080074cc       0xfe Firmware/cmake/stm32cubemx/CMakeFiles/USB_Device_Library.dir/__/__/Middlewares/ST/STM32_USB_Device_Library/Class/CDC/Src/usbd_cdc.c.obj
 .text.USBD_CDC_DataOut
                0x080075ca       0x70 Firmware/cmake/stm32cubemx/CMakeFiles/USB_Device_Library.dir/__/__/Middlewares/ST/STM32_USB_Device_Library/Class/CDC/Src/usbd_cdc.c.obj
 .text.USBD_CDC_EP0_RxReady
                0x0800763a       0x74 Firmware/cmake/stm32cubemx/CMakeFiles/USB_Device_Library.dir/__/__/Middlewares/ST/STM32_USB_Device_Library/Class/CDC/Src/usbd_cdc.c.obj
 *fill*         0x080076ae        0x2 
 .text.USBD_CDC_GetFSCfgDesc
                0x080076b0       0x70 Firmware/cmake/stm32cubemx/CMakeFiles/USB_Device_Library.dir/__/__/Middlewares/ST/STM32_USB_Device_Library/Class/CDC/Src/usbd_cdc.c.obj
 .text.USBD_CDC_GetHSCfgDesc
                0x08007720       0x70 Firmware/cmake/stm32cubemx/CMakeFiles/USB_Device_Library.dir/__/__/Middlewares/ST/STM32_USB_Device_Library/Class/CDC/Src/usbd_cdc.c.obj
 .text.USBD_CDC_GetOtherSpeedCfgDesc
                0x08007790       0x70 Firmware/cmake/stm32cubemx/CMakeFiles/USB_Device_Library.dir/__/__/Middlewares/ST/STM32_USB_Device_Library/Class/CDC/Src/usbd_cdc.c.obj
 .text.USBD_CDC_GetDeviceQualifierDescriptor
                0x08007800       0x20 Firmware/cmake/stm32cubemx/CMakeFiles/USB_Device_Library.dir/__/__/Middlewares/ST/STM32_USB_Device_Library/Class/CDC/Src/usbd_cdc.c.obj
                0x08007800                USBD_CDC_GetDeviceQualifierDescriptor
 .text.USBD_CDC_RegisterInterface
                0x08007820       0x34 Firmware/cmake/stm32cubemx/CMakeFiles/USB_Device_Library.dir/__/__/Middlewares/ST/STM32_USB_Device_Library/Class/CDC/Src/usbd_cdc.c.obj
                0x08007820                USBD_CDC_RegisterInterface
 .text.USBD_CDC_SetTxBuffer
                0x08007854       0x44 Firmware/cmake/stm32cubemx/CMakeFiles/USB_Device_Library.dir/__/__/Middlewares/ST/STM32_USB_Device_Library/Class/CDC/Src/usbd_cdc.c.obj
                0x08007854                USBD_CDC_SetTxBuffer
 .text.USBD_CDC_SetRxBuffer
                0x08007898       0x3a Firmware/cmake/stm32cubemx/CMakeFiles/USB_Device_Library.dir/__/__/Middlewares/ST/STM32_USB_Device_Library/Class/CDC/Src/usbd_cdc.c.obj
                0x08007898                USBD_CDC_SetRxBuffer
 *fill*         0x080078d2        0x2 
 .text.USBD_CDC_TransmitPacket
                0x080078d4       0x80 Firmware/cmake/stm32cubemx/CMakeFiles/USB_Device_Library.dir/__/__/Middlewares/ST/STM32_USB_Device_Library/Class/CDC/Src/usbd_cdc.c.obj
                0x080078d4                USBD_CDC_TransmitPacket
 .text.USBD_CDC_ReceivePacket
                0x08007954       0x6c Firmware/cmake/stm32cubemx/CMakeFiles/USB_Device_Library.dir/__/__/Middlewares/ST/STM32_USB_Device_Library/Class/CDC/Src/usbd_cdc.c.obj
                0x08007954                USBD_CDC_ReceivePacket
 .text.HAL_PCD_MspInit
                0x080079c0       0xa8 Firmware/CMakeFiles/Firmware.dir/USB_DEVICE/Target/usbd_conf.c.obj
                0x080079c0                HAL_PCD_MspInit
 .text.HAL_PCD_SetupStageCallback
                0x08007a68       0x24 Firmware/CMakeFiles/Firmware.dir/USB_DEVICE/Target/usbd_conf.c.obj
                0x08007a68                HAL_PCD_SetupStageCallback
 .text.HAL_PCD_DataOutStageCallback
                0x08007a8c       0x36 Firmware/CMakeFiles/Firmware.dir/USB_DEVICE/Target/usbd_conf.c.obj
                0x08007a8c                HAL_PCD_DataOutStageCallback
 .text.HAL_PCD_DataInStageCallback
                0x08007ac2       0x34 Firmware/CMakeFiles/Firmware.dir/USB_DEVICE/Target/usbd_conf.c.obj
                0x08007ac2                HAL_PCD_DataInStageCallback
 .text.HAL_PCD_SOFCallback
                0x08007af6       0x1c Firmware/CMakeFiles/Firmware.dir/USB_DEVICE/Target/usbd_conf.c.obj
                0x08007af6                HAL_PCD_SOFCallback
 .text.HAL_PCD_ResetCallback
                0x08007b12       0x3c Firmware/CMakeFiles/Firmware.dir/USB_DEVICE/Target/usbd_conf.c.obj
                0x08007b12                HAL_PCD_ResetCallback
 *fill*         0x08007b4e        0x2 
 .text.HAL_PCD_SuspendCallback
                0x08007b50       0x4c Firmware/CMakeFiles/Firmware.dir/USB_DEVICE/Target/usbd_conf.c.obj
                0x08007b50                HAL_PCD_SuspendCallback
 .text.HAL_PCD_ResumeCallback
                0x08007b9c       0x1c Firmware/CMakeFiles/Firmware.dir/USB_DEVICE/Target/usbd_conf.c.obj
                0x08007b9c                HAL_PCD_ResumeCallback
 .text.HAL_PCD_ISOOUTIncompleteCallback
                0x08007bb8       0x24 Firmware/CMakeFiles/Firmware.dir/USB_DEVICE/Target/usbd_conf.c.obj
                0x08007bb8                HAL_PCD_ISOOUTIncompleteCallback
 .text.HAL_PCD_ISOINIncompleteCallback
                0x08007bdc       0x24 Firmware/CMakeFiles/Firmware.dir/USB_DEVICE/Target/usbd_conf.c.obj
                0x08007bdc                HAL_PCD_ISOINIncompleteCallback
 .text.HAL_PCD_ConnectCallback
                0x08007c00       0x1c Firmware/CMakeFiles/Firmware.dir/USB_DEVICE/Target/usbd_conf.c.obj
                0x08007c00                HAL_PCD_ConnectCallback
 .text.HAL_PCD_DisconnectCallback
                0x08007c1c       0x1c Firmware/CMakeFiles/Firmware.dir/USB_DEVICE/Target/usbd_conf.c.obj
                0x08007c1c                HAL_PCD_DisconnectCallback
 .text.USBD_LL_Init
                0x08007c38       0x98 Firmware/CMakeFiles/Firmware.dir/USB_DEVICE/Target/usbd_conf.c.obj
                0x08007c38                USBD_LL_Init
 .text.USBD_LL_Start
                0x08007cd0       0x36 Firmware/CMakeFiles/Firmware.dir/USB_DEVICE/Target/usbd_conf.c.obj
                0x08007cd0                USBD_LL_Start
 .text.USBD_LL_OpenEP
                0x08007d06       0x4c Firmware/CMakeFiles/Firmware.dir/USB_DEVICE/Target/usbd_conf.c.obj
                0x08007d06                USBD_LL_OpenEP
 .text.USBD_LL_CloseEP
                0x08007d52       0x3e Firmware/CMakeFiles/Firmware.dir/USB_DEVICE/Target/usbd_conf.c.obj
                0x08007d52                USBD_LL_CloseEP
 .text.USBD_LL_StallEP
                0x08007d90       0x3e Firmware/CMakeFiles/Firmware.dir/USB_DEVICE/Target/usbd_conf.c.obj
                0x08007d90                USBD_LL_StallEP
 .text.USBD_LL_ClearStallEP
                0x08007dce       0x3e Firmware/CMakeFiles/Firmware.dir/USB_DEVICE/Target/usbd_conf.c.obj
                0x08007dce                USBD_LL_ClearStallEP
 .text.USBD_LL_IsStallEP
                0x08007e0c       0x58 Firmware/CMakeFiles/Firmware.dir/USB_DEVICE/Target/usbd_conf.c.obj
                0x08007e0c                USBD_LL_IsStallEP
 .text.USBD_LL_SetUSBAddress
                0x08007e64       0x3e Firmware/CMakeFiles/Firmware.dir/USB_DEVICE/Target/usbd_conf.c.obj
                0x08007e64                USBD_LL_SetUSBAddress
 .text.USBD_LL_Transmit
                0x08007ea2       0x42 Firmware/CMakeFiles/Firmware.dir/USB_DEVICE/Target/usbd_conf.c.obj
                0x08007ea2                USBD_LL_Transmit
 .text.USBD_LL_PrepareReceive
                0x08007ee4       0x42 Firmware/CMakeFiles/Firmware.dir/USB_DEVICE/Target/usbd_conf.c.obj
                0x08007ee4                USBD_LL_PrepareReceive
 .text.USBD_LL_GetRxDataSize
                0x08007f26       0x26 Firmware/CMakeFiles/Firmware.dir/USB_DEVICE/Target/usbd_conf.c.obj
                0x08007f26                USBD_LL_GetRxDataSize
 .text.USBD_static_malloc
                0x08007f4c       0x1c Firmware/CMakeFiles/Firmware.dir/USB_DEVICE/Target/usbd_conf.c.obj
                0x08007f4c                USBD_static_malloc
 .text.USBD_static_free
                0x08007f68       0x14 Firmware/CMakeFiles/Firmware.dir/USB_DEVICE/Target/usbd_conf.c.obj
                0x08007f68                USBD_static_free
 .text.USBD_Get_USB_Status
                0x08007f7c       0x58 Firmware/CMakeFiles/Firmware.dir/USB_DEVICE/Target/usbd_conf.c.obj
                0x08007f7c                USBD_Get_USB_Status
 .text.MX_USB_DEVICE_Init
                0x08007fd4       0x60 Firmware/CMakeFiles/Firmware.dir/USB_DEVICE/App/usb_device.c.obj
                0x08007fd4                MX_USB_DEVICE_Init
 .text.USBD_FS_DeviceDescriptor
                0x08008034       0x24 Firmware/CMakeFiles/Firmware.dir/USB_DEVICE/App/usbd_desc.c.obj
                0x08008034                USBD_FS_DeviceDescriptor
 .text.USBD_FS_LangIDStrDescriptor
                0x08008058       0x24 Firmware/CMakeFiles/Firmware.dir/USB_DEVICE/App/usbd_desc.c.obj
                0x08008058                USBD_FS_LangIDStrDescriptor
 .text.USBD_FS_ProductStrDescriptor
                0x0800807c       0x3c Firmware/CMakeFiles/Firmware.dir/USB_DEVICE/App/usbd_desc.c.obj
                0x0800807c                USBD_FS_ProductStrDescriptor
 .text.USBD_FS_ManufacturerStrDescriptor
                0x080080b8       0x28 Firmware/CMakeFiles/Firmware.dir/USB_DEVICE/App/usbd_desc.c.obj
                0x080080b8                USBD_FS_ManufacturerStrDescriptor
 .text.USBD_FS_SerialStrDescriptor
                0x080080e0       0x24 Firmware/CMakeFiles/Firmware.dir/USB_DEVICE/App/usbd_desc.c.obj
                0x080080e0                USBD_FS_SerialStrDescriptor
 .text.USBD_FS_ConfigStrDescriptor
                0x08008104       0x3c Firmware/CMakeFiles/Firmware.dir/USB_DEVICE/App/usbd_desc.c.obj
                0x08008104                USBD_FS_ConfigStrDescriptor
 .text.USBD_FS_InterfaceStrDescriptor
                0x08008140       0x3c Firmware/CMakeFiles/Firmware.dir/USB_DEVICE/App/usbd_desc.c.obj
                0x08008140                USBD_FS_InterfaceStrDescriptor
 .text.Get_SerialNum
                0x0800817c       0x58 Firmware/CMakeFiles/Firmware.dir/USB_DEVICE/App/usbd_desc.c.obj
 .text.IntToUnicode
                0x080081d4       0x7e Firmware/CMakeFiles/Firmware.dir/USB_DEVICE/App/usbd_desc.c.obj
 *fill*         0x08008252        0x2 
 .text.CDC_Init_FS
                0x08008254       0x28 Firmware/CMakeFiles/Firmware.dir/USB_DEVICE/App/usbd_cdc_if.c.obj
 .text.CDC_DeInit_FS
                0x0800827c       0x10 Firmware/CMakeFiles/Firmware.dir/USB_DEVICE/App/usbd_cdc_if.c.obj
 .text.CDC_Control_FS
                0x0800828c       0xbc Firmware/CMakeFiles/Firmware.dir/USB_DEVICE/App/usbd_cdc_if.c.obj
 .text.CDC_Receive_FS
                0x08008348       0x28 Firmware/CMakeFiles/Firmware.dir/USB_DEVICE/App/usbd_cdc_if.c.obj
 .text.CDC_Transmit_FS
                0x08008370       0x4c Firmware/CMakeFiles/Firmware.dir/USB_DEVICE/App/usbd_cdc_if.c.obj
                0x08008370                CDC_Transmit_FS
 .text.CDC_TransmitCplt_FS
                0x080083bc       0x22 Firmware/CMakeFiles/Firmware.dir/USB_DEVICE/App/usbd_cdc_if.c.obj
 .text._write   0x080083de       0x44 Firmware/CMakeFiles/Firmware.dir/Core/Src/main.c.obj
                0x080083de                _write
 *fill*         0x08008422        0x2 
 .text.DWT_CycleCounter_Init
                0x08008424       0x34 Firmware/CMakeFiles/Firmware.dir/Core/Src/main.c.obj
 .text.DWT_CyclesSince
                0x08008458       0x20 Firmware/CMakeFiles/Firmware.dir/Core/Src/main.c.obj
 .text.main     0x08008478      0x32c Firmware/CMakeFiles/Firmware.dir/Core/Src/main.c.obj
                0x08008478                main
 .text.SystemClock_Config
                0x080087a4       0xd0 Firmware/CMakeFiles/Firmware.dir/Core/Src/main.c.obj
                0x080087a4                SystemClock_Config
 .text.MX_I2C1_Init
                0x08008874       0x5c Firmware/CMakeFiles/Firmware.dir/Core/Src/main.c.obj
 .text.MX_GPIO_Init
                0x080088d0       0xc0 Firmware/CMakeFiles/Firmware.dir/Core/Src/main.c.obj
 .text.Error_Handler
                0x08008990        0xc Firmware/CMakeFiles/Firmware.dir/Core/Src/main.c.obj
                0x08008990                Error_Handler
 .text.NMI_Handler
                0x0800899c        0x8 Firmware/CMakeFiles/Firmware.dir/Core/Src/stm32f4xx_it.c.obj
                0x0800899c                NMI_Handler
 .text.HardFault_Handler
                0x080089a4       0x30 Firmware/CMakeFiles/Firmware.dir/Core/Src/stm32f4xx_it.c.obj
                0x080089a4                HardFault_Handler
 .text.MemManage_Handler
                0x080089d4        0x8 Firmware/CMakeFiles/Firmware.dir/Core/Src/stm32f4xx_it.c.obj
                0x080089d4                MemManage_Handler
 .text.BusFault_Handler
                0x080089dc        0x8 Firmware/CMakeFiles/Firmware.dir/Core/Src/stm32f4xx_it.c.obj
                0x080089dc                BusFault_Handler
 .text.UsageFault_Handler
                0x080089e4        0x8 Firmware/CMakeFiles/Firmware.dir/Core/Src/stm32f4xx_it.c.obj
                0x080089e4                UsageFault_Handler
 .text.SVC_Handler
                0x080089ec        0xe Firmware/CMakeFiles/Firmware.dir/Core/Src/stm32f4xx_it.c.obj
                0x080089ec                SVC_Handler
 .text.DebugMon_Handler
                0x080089fa        0xe Firmware/CMakeFiles/Firmware.dir/Core/Src/stm32f4xx_it.c.obj
                0x080089fa                DebugMon_Handler
 .text.PendSV_Handler
                0x08008a08        0xe Firmware/CMakeFiles/Firmware.dir/Core/Src/stm32f4xx_it.c.obj
                0x08008a08                PendSV_Handler
 .text.SysTick_Handler
                0x08008a16        0xc Firmware/CMakeFiles/Firmware.dir/Core/Src/stm32f4xx_it.c.obj
                0x08008a16                SysTick_Handler
 *fill*         0x08008a22        0x2 
 .text.OTG_FS_IRQHandler
                0x08008a24       0x14 Firmware/CMakeFiles/Firmware.dir/Core/Src/stm32f4xx_it.c.obj
                0x08008a24                OTG_FS_IRQHandler
 .text.HAL_MspInit
                0x08008a38       0x50 Firmware/CMakeFiles/Firmware.dir/Core/Src/stm32f4xx_hal_msp.c.obj
                0x08008a38                HAL_MspInit
 .text.HAL_I2C_MspInit
                0x08008a88       0x90 Firmware/CMakeFiles/Firmware.dir/Core/Src/stm32f4xx_hal_msp.c.obj
                0x08008a88                HAL_I2C_MspInit
 .text._sbrk    0x08008b18       0x6c Firmware/CMakeFiles/Firmware.dir/Core/Src/sysmem.c.obj
                0x08008b18                _sbrk
 .text._getpid  0x08008b84       0x10 Firmware/CMakeFiles/Firmware.dir/Core/Src/syscalls.c.obj
                0x08008b84                _getpid
 .text._kill    0x08008b94       0x20 Firmware/CMakeFiles/Firmware.dir/Core/Src/syscalls.c.obj
                0x08008b94                _kill
 .text._exit    0x08008bb4       0x16 Firmware/CMakeFiles/Firmware.dir/Core/Src/syscalls.c.obj
                0x08008bb4                _exit
 .text._read    0x08008bca       0x3a Firmware/CMakeFiles/Firmware.dir/Core/Src/syscalls.c.obj
                0x08008bca                _read
 .text._close   0x08008c04       0x18 Firmware/CMakeFiles/Firmware.dir/Core/Src/syscalls.c.obj
                0x08008c04                _close
 .text._fstat   0x08008c1c       0x20 Firmware/CMakeFiles/Firmware.dir/Core/Src/syscalls.c.obj
                0x08008c1c                _fstat
 .text._isatty  0x08008c3c       0x16 Firmware/CMakeFiles/Firmware.dir/Core/Src/syscalls.c.obj
                0x08008c3c                _isatty
 .text._lseek   0x08008c52       0x1a Firmware/CMakeFiles/Firmware.dir/Core/Src/syscalls.c.obj
                0x08008c52                _lseek
 .text.Reset_Handler
                0x08008c6c       0x50 Firmware/CMakeFiles/Firmware.dir/startup_stm32f411xe.s.obj
                0x08008c6c                Reset_Handler
 .text.Default_Handler
                0x08008cbc        0x2 Firmware/CMakeFiles/Firmware.dir/startup_stm32f411xe.s.obj
                0x08008cbc                RTC_Alarm_IRQHandler
                0x08008cbc                EXTI2_IRQHandler
                0x08008cbc                SPI4_IRQHandler
                0x08008cbc                TIM1_CC_IRQHandler
                0x08008cbc                DMA2_Stream5_IRQHandler
                0x08008cbc                DMA1_Stream5_IRQHandler
                0x08008cbc                PVD_IRQHandler
                0x08008cbc                SDIO_IRQHandler
                0x08008cbc                TAMP_STAMP_IRQHandler
                0x08008cbc                EXTI3_IRQHandler
                0x08008cbc                TIM1_UP_TIM10_IRQHandler
                0x08008cbc                I2C3_ER_IRQHandler
                0x08008cbc                EXTI0_IRQHandler
                0x08008cbc                I2C2_EV_IRQHandler
                0x08008cbc                DMA1_Stream2_IRQHandler
                0x08008cbc                FPU_IRQHandler
                0x08008cbc                DMA2_Stream2_IRQHandler
                0x08008cbc                SPI1_IRQHandler
                0x08008cbc                TIM1_BRK_TIM9_IRQHandler
                0x08008cbc                DMA2_Stream3_IRQHandler
                0x08008cbc                USART6_IRQHandler
                0x08008cbc                DMA2_Stream0_IRQHandler
                0x08008cbc                TIM4_IRQHandler
                0x08008cbc                I2C1_EV_IRQHandler
                0x08008cbc                DMA1_Stream6_IRQHandler
                0x08008cbc                DMA1_Stream1_IRQHandler
                0x08008cbc                TIM3_IRQHandler
                0x08008cbc                RCC_IRQHandler
                0x08008cbc                Default_Handler
                0x08008cbc                EXTI15_10_IRQHandler
                0x08008cbc                ADC_IRQHandler
                0x08008cbc                DMA1_Stream7_IRQHandler
                0x08008cbc                SPI5_IRQHandler
                0x08008cbc                TIM5_IRQHandler
                0x08008cbc                DMA2_Stream7_IRQHandler
                0x08008cbc                I2C3_EV_IRQHandler
                0x08008cbc                EXTI9_5_IRQHandler
                0x08008cbc                RTC_WKUP_IRQHandler
                0x08008cbc                SPI2_IRQHandler
                0x08008cbc                DMA1_Stream0_IRQHandler
                0x08008cbc                EXTI4_IRQHandler
                0x08008cbc                WWDG_IRQHandler
                0x08008cbc                TIM2_IRQHandler
                0x08008cbc                OTG_FS_WKUP_IRQHandler
                0x08008cbc                TIM1_TRG_COM_TIM11_IRQHandler
                0x08008cbc                EXTI1_IRQHandler
                0x08008cbc                USART2_IRQHandler
                0x08008cbc                I2C2_ER_IRQHandler
                0x08008cbc                DMA2_Stream1_IRQHandler
                0x08008cbc                FLASH_IRQHandler
                0x08008cbc                DMA2_Stream4_IRQHandler
                0x08008cbc                USART1_IRQHandler
                0x08008cbc                SPI3_IRQHandler
                0x08008cbc                DMA1_Stream4_IRQHandler
                0x08008cbc                I2C1_ER_IRQHandler
                0x08008cbc                DMA2_Stream6_IRQHandler
                0x08008cbc                DMA1_Stream3_IRQHandler
 *fill*         0x08008cbe        0x2 
 .text.mpu9250_get_accel_scale
                0x08008cc0       0x74 Firmware/CMakeFiles/Firmware.dir/Drivers/MPU9250/mpu9250.c.obj
 .text.mpu9250_get_gyro_scale
                0x08008d34       0x7c Firmware/CMakeFiles/Firmware.dir/Drivers/MPU9250/mpu9250.c.obj
 .text.mpu9250_apply_accel_range
                0x08008db0       0x56 Firmware/CMakeFiles/Firmware.dir/Drivers/MPU9250/mpu9250.c.obj
 .text.mpu9250_apply_gyro_range
                0x08008e06       0x56 Firmware/CMakeFiles/Firmware.dir/Drivers/MPU9250/mpu9250.c.obj
 .text.mpu9250_set_clock
                0x08008e5c       0x26 Firmware/CMakeFiles/Firmware.dir/Drivers/MPU9250/mpu9250.c.obj
 .text.mpu9250_configure
                0x08008e82       0xa0 Firmware/CMakeFiles/Firmware.dir/Drivers/MPU9250/mpu9250.c.obj
 .text.mpu9250_init
                0x08008f22       0xd2 Firmware/CMakeFiles/Firmware.dir/Drivers/MPU9250/mpu9250.c.obj
                0x08008f22                mpu9250_init
 .text.mpu9250_read_data
                0x08008ff4      0x1d0 Firmware/CMakeFiles/Firmware.dir/Drivers/MPU9250/mpu9250.c.obj
                0x08008ff4                mpu9250_read_data
 .text.mpu9250_read_register
                0x080091c4       0x52 Firmware/CMakeFiles/Firmware.dir/Drivers/MPU9250/mpu9250.c.obj
                0x080091c4                mpu9250_read_register
 .text.mpu9250_write_register
                0x08009216       0x4e Firmware/CMakeFiles/Firmware.dir/Drivers/MPU9250/mpu9250.c.obj
                0x08009216                mpu9250_write_register
 .text.get_status
                0x08009264       0x38 Firmware/CMakeFiles/Firmware.dir/Drivers/Protocol/i2c_protocol.c.obj
 .text.i2c_protocol_init
                0x0800929c       0x36 Firmware/CMakeFiles/Firmware.dir/Drivers/Protocol/i2c_protocol.c.obj
                0x0800929c                i2c_protocol_init
 .text.i2c_protocol_read
                0x080092d2       0x64 Firmware/CMakeFiles/Firmware.dir/Drivers/Protocol/i2c_protocol.c.obj
                0x080092d2                i2c_protocol_read
 .text.i2c_protocol_write
                0x08009336       0x64 Firmware/CMakeFiles/Firmware.dir/Drivers/Protocol/i2c_protocol.c.obj
                0x08009336                i2c_protocol_write
 .text.quat_multiply
                0x0800939a      0x160 Core/libhelius_core.a(quat.c.obj)
                0x0800939a                quat_multiply
 .text.quat_conjugate
                0x080094fa       0x4e Core/libhelius_core.a(quat.c.obj)
                0x080094fa                quat_conjugate
 .text.quat_normalize
                0x08009548      0x100 Core/libhelius_core.a(quat.c.obj)
                0x08009548                quat_normalize
 .text.quat_identity
                0x08009648       0x34 Core/libhelius_core.a(quat.c.obj)
                0x08009648                quat_identity
 .text.quat_rotate_vector
                0x0800967c       0x6c Core/libhelius_core.a(quat.c.obj)
                0x0800967c                quat_rotate_vector
 .text.quat_to_euler
                0x080096e8      0x170 Core/libhelius_core.a(quat.c.obj)
                0x080096e8                quat_to_euler
 .text.extract_3x3_block_from_6x6
                0x08009858       0x72 Core/libhelius_core.a(ahrs.c.obj)
 .text.insert_3x3_block_into_6x6
                0x080098ca       0x70 Core/libhelius_core.a(ahrs.c.obj)
 .text.ahrs_init
                0x0800993a       0xaa Core/libhelius_core.a(ahrs.c.obj)
                0x0800993a                ahrs_init
 .text.ahrs_predict
                0x080099e4      0x70c Core/libhelius_core.a(ahrs.c.obj)
                0x080099e4                ahrs_predict
 .text.ahrs_update_accel
                0x0800a0f0      0xad4 Core/libhelius_core.a(ahrs.c.obj)
                0x0800a0f0                ahrs_update_accel
 .text.vec3_length
                0x0800abc4       0x56 Core/libhelius_core.a(vec3.c.obj)
                0x0800abc4                vec3_length
 *fill*         0x0800ac1a        0x2 
 .text.vec3_normalize
                0x0800ac1c       0x98 Core/libhelius_core.a(vec3.c.obj)
                0x0800ac1c                vec3_normalize
 .text.vec3_zero
                0x0800acb4       0x2c Core/libhelius_core.a(vec3.c.obj)
                0x0800acb4                vec3_zero
 .text.mat6_zero
                0x0800ace0       0x54 Core/libhelius_core.a(mat6.c.obj)
                0x0800ace0                mat6_zero
 .text.mat6_identity
                0x0800ad34       0x62 Core/libhelius_core.a(mat6.c.obj)
                0x0800ad34                mat6_identity
 .text.mat6_add
                0x0800ad96       0x8a Core/libhelius_core.a(mat6.c.obj)
                0x0800ad96                mat6_add
 .text.mat6_multiply
                0x0800ae20       0xd2 Core/libhelius_core.a(mat6.c.obj)
                0x0800ae20                mat6_multiply
 .text.mat6_transpose
                0x0800aef2       0x68 Core/libhelius_core.a(mat6.c.obj)
                0x0800aef2                mat6_transpose
 .text.mat3_identity
                0x0800af5a       0x60 Core/libhelius_core.a(mat3.c.obj)
                0x0800af5a                mat3_identity
 .text.mat3_multiply
                0x0800afba       0xc8 Core/libhelius_core.a(mat3.c.obj)
                0x0800afba                mat3_multiply
 .text.mat3_transpose
                0x0800b082       0x64 Core/libhelius_core.a(mat3.c.obj)
                0x0800b082                mat3_transpose
 .text.mat3_copy
                0x0800b0e6       0x28 Core/libhelius_core.a(mat3.c.obj)
                0x0800b0e6                mat3_copy
 *fill*         0x0800b10e        0x2 
 .text.mat3_inverse
                0x0800b110      0x33c Core/libhelius_core.a(mat3.c.obj)
                0x0800b110                mat3_inverse
 .text.asinf    0x0800b44c       0x58 C:/ST/STM32CubeCLT_1.22.0/GNU-tools-for-STM32/bin/../lib/gcc/arm-none-eabi/14.3.1/../../../../arm-none-eabi/lib/thumb/v7e-m+fp/hard\libm.a(libm_a-wf_asin.o)
                0x0800b44c                asinf
 .text.atan2f   0x0800b4a4        0x4 C:/ST/STM32CubeCLT_1.22.0/GNU-tools-for-STM32/bin/../lib/gcc/arm-none-eabi/14.3.1/../../../../arm-none-eabi/lib/thumb/v7e-m+fp/hard\libm.a(libm_a-wf_atan2.o)
                0x0800b4a4                atan2f
 .text.sqrtf    0x0800b4a8       0x44 C:/ST/STM32CubeCLT_1.22.0/GNU-tools-for-STM32/bin/../lib/gcc/arm-none-eabi/14.3.1/../../../../arm-none-eabi/lib/thumb/v7e-m+fp/hard\libm.a(libm_a-wf_sqrt.o)
                0x0800b4a8                sqrtf
 .text.fabsf    0x0800b4ec       0x10 C:/ST/STM32CubeCLT_1.22.0/GNU-tools-for-STM32/bin/../lib/gcc/arm-none-eabi/14.3.1/../../../../arm-none-eabi/lib/thumb/v7e-m+fp/hard\libm.a(libm_a-sf_fabs.o)
                0x0800b4ec                fabsf
 .text.copysignf
                0x0800b4fc       0x18 C:/ST/STM32CubeCLT_1.22.0/GNU-tools-for-STM32/bin/../lib/gcc/arm-none-eabi/14.3.1/../../../../arm-none-eabi/lib/thumb/v7e-m+fp/hard\libm.a(libm_a-sf_copysign.o)
                0x0800b4fc                copysignf
 .text.nanf     0x0800b514        0xc C:/ST/STM32CubeCLT_1.22.0/GNU-tools-for-STM32/bin/../lib/gcc/arm-none-eabi/14.3.1/../../../../arm-none-eabi/lib/thumb/v7e-m+fp/hard\libm.a(libm_a-sf_nan.o)
                0x0800b514                nanf
 .text.__ieee754_sqrtf
                0x0800b520        0x8 C:/ST/STM32CubeCLT_1.22.0/GNU-tools-for-STM32/bin/../lib/gcc/arm-none-eabi/14.3.1/../../../../arm-none-eabi/lib/thumb/v7e-m+fp/hard\libm.a(libm_a-ef_sqrt.o)
                0x0800b520                __ieee754_sqrtf
 .text.__ieee754_asinf
                0x0800b528      0x1f4 C:/ST/STM32CubeCLT_1.22.0/GNU-tools-for-STM32/bin/../lib/gcc/arm-none-eabi/14.3.1/../../../../arm-none-eabi/lib/thumb/v7e-m+fp/hard\libm.a(libm_a-ef_asin.o)
                0x0800b528                __ieee754_asinf
 .text.__ieee754_atan2f
                0x0800b71c      0x14c C:/ST/STM32CubeCLT_1.22.0/GNU-tools-for-STM32/bin/../lib/gcc/arm-none-eabi/14.3.1/../../../../arm-none-eabi/lib/thumb/v7e-m+fp/hard\libm.a(libm_a-ef_atan2.o)
                0x0800b71c                __ieee754_atan2f
 .text.atanf    0x0800b868      0x1a4 C:/ST/STM32CubeCLT_1.22.0/GNU-tools-for-STM32/bin/../lib/gcc/arm-none-eabi/14.3.1/../../../../arm-none-eabi/lib/thumb/v7e-m+fp/hard\libm.a(libm_a-sf_atan.o)
                0x0800b868                atanf
 .text.__cvt    0x0800ba0c       0xca C:/ST/STM32CubeCLT_1.22.0/GNU-tools-for-STM32/bin/../lib/gcc/arm-none-eabi/14.3.1/../../../../arm-none-eabi/lib/thumb/v7e-m+fp/hard\libg_nano.a(libc_a-nano-vfprintf_float.o)
                0x0800ba0c                __cvt
 .text.__exponent
                0x0800bad6       0x74 C:/ST/STM32CubeCLT_1.22.0/GNU-tools-for-STM32/bin/../lib/gcc/arm-none-eabi/14.3.1/../../../../arm-none-eabi/lib/thumb/v7e-m+fp/hard\libg_nano.a(libc_a-nano-vfprintf_float.o)
                0x0800bad6                __exponent
 *fill*         0x0800bb4a        0x2 
 .text._printf_float
                0x0800bb4c      0x450 C:/ST/STM32CubeCLT_1.22.0/GNU-tools-for-STM32/bin/../lib/gcc/arm-none-eabi/14.3.1/../../../../arm-none-eabi/lib/thumb/v7e-m+fp/hard\libg_nano.a(libc_a-nano-vfprintf_float.o)
                0x0800bb4c                _printf_float
 .text._printf_common
                0x0800bf9c       0xda C:/ST/STM32CubeCLT_1.22.0/GNU-tools-for-STM32/bin/../lib/gcc/arm-none-eabi/14.3.1/../../../../arm-none-eabi/lib/thumb/v7e-m+fp/hard\libg_nano.a(libc_a-nano-vfprintf_i.o)
                0x0800bf9c                _printf_common
 *fill*         0x0800c076        0x2 
 .text._printf_i
                0x0800c078      0x24c C:/ST/STM32CubeCLT_1.22.0/GNU-tools-for-STM32/bin/../lib/gcc/arm-none-eabi/14.3.1/../../../../arm-none-eabi/lib/thumb/v7e-m+fp/hard\libg_nano.a(libc_a-nano-vfprintf_i.o)
                0x0800c078                _printf_i
 .text.std      0x0800c2c4       0x6c C:/ST/STM32CubeCLT_1.22.0/GNU-tools-for-STM32/bin/../lib/gcc/arm-none-eabi/14.3.1/../../../../arm-none-eabi/lib/thumb/v7e-m+fp/hard\libg_nano.a(libc_a-findfp.o)
 .text.stdio_exit_handler
                0x0800c330       0x18 C:/ST/STM32CubeCLT_1.22.0/GNU-tools-for-STM32/bin/../lib/gcc/arm-none-eabi/14.3.1/../../../../arm-none-eabi/lib/thumb/v7e-m+fp/hard\libg_nano.a(libc_a-findfp.o)
 .text.cleanup_stdio
                0x0800c348       0x40 C:/ST/STM32CubeCLT_1.22.0/GNU-tools-for-STM32/bin/../lib/gcc/arm-none-eabi/14.3.1/../../../../arm-none-eabi/lib/thumb/v7e-m+fp/hard\libg_nano.a(libc_a-findfp.o)
 .text.global_stdio_init.part.0
                0x0800c388       0x40 C:/ST/STM32CubeCLT_1.22.0/GNU-tools-for-STM32/bin/../lib/gcc/arm-none-eabi/14.3.1/../../../../arm-none-eabi/lib/thumb/v7e-m+fp/hard\libg_nano.a(libc_a-findfp.o)
 .text.__sfp_lock_acquire
                0x0800c3c8        0xc C:/ST/STM32CubeCLT_1.22.0/GNU-tools-for-STM32/bin/../lib/gcc/arm-none-eabi/14.3.1/../../../../arm-none-eabi/lib/thumb/v7e-m+fp/hard\libg_nano.a(libc_a-findfp.o)
                0x0800c3c8                __sfp_lock_acquire
 .text.__sfp_lock_release
                0x0800c3d4        0xc C:/ST/STM32CubeCLT_1.22.0/GNU-tools-for-STM32/bin/../lib/gcc/arm-none-eabi/14.3.1/../../../../arm-none-eabi/lib/thumb/v7e-m+fp/hard\libg_nano.a(libc_a-findfp.o)
                0x0800c3d4                __sfp_lock_release
 .text.__sinit  0x0800c3e0       0x30 C:/ST/STM32CubeCLT_1.22.0/GNU-tools-for-STM32/bin/../lib/gcc/arm-none-eabi/14.3.1/../../../../arm-none-eabi/lib/thumb/v7e-m+fp/hard\libg_nano.a(libc_a-findfp.o)
                0x0800c3e0                __sinit
 .text._fwalk_sglue
                0x0800c410       0x3c C:/ST/STM32CubeCLT_1.22.0/GNU-tools-for-STM32/bin/../lib/gcc/arm-none-eabi/14.3.1/../../../../arm-none-eabi/lib/thumb/v7e-m+fp/hard\libg_nano.a(libc_a-fwalk.o)
                0x0800c410                _fwalk_sglue
 .text._puts_r  0x0800c44c       0xaa C:/ST/STM32CubeCLT_1.22.0/GNU-tools-for-STM32/bin/../lib/gcc/arm-none-eabi/14.3.1/../../../../arm-none-eabi/lib/thumb/v7e-m+fp/hard\libg_nano.a(libc_a-puts.o)
                0x0800c44c                _puts_r
 *fill*         0x0800c4f6        0x2 
 .text.puts     0x0800c4f8       0x10 C:/ST/STM32CubeCLT_1.22.0/GNU-tools-for-STM32/bin/../lib/gcc/arm-none-eabi/14.3.1/../../../../arm-none-eabi/lib/thumb/v7e-m+fp/hard\libg_nano.a(libc_a-puts.o)
                0x0800c4f8                puts
 .text.snprintf
                0x0800c508       0x6c C:/ST/STM32CubeCLT_1.22.0/GNU-tools-for-STM32/bin/../lib/gcc/arm-none-eabi/14.3.1/../../../../arm-none-eabi/lib/thumb/v7e-m+fp/hard\libg_nano.a(libc_a-snprintf.o)
                0x0800c508                sniprintf
                0x0800c508                snprintf
 .text.__sread  0x0800c574       0x22 C:/ST/STM32CubeCLT_1.22.0/GNU-tools-for-STM32/bin/../lib/gcc/arm-none-eabi/14.3.1/../../../../arm-none-eabi/lib/thumb/v7e-m+fp/hard\libg_nano.a(libc_a-stdio.o)
                0x0800c574                __sread
 .text.__swrite
                0x0800c596       0x38 C:/ST/STM32CubeCLT_1.22.0/GNU-tools-for-STM32/bin/../lib/gcc/arm-none-eabi/14.3.1/../../../../arm-none-eabi/lib/thumb/v7e-m+fp/hard\libg_nano.a(libc_a-stdio.o)
                0x0800c596                __swrite
 .text.__sseek  0x0800c5ce       0x26 C:/ST/STM32CubeCLT_1.22.0/GNU-tools-for-STM32/bin/../lib/gcc/arm-none-eabi/14.3.1/../../../../arm-none-eabi/lib/thumb/v7e-m+fp/hard\libg_nano.a(libc_a-stdio.o)
                0x0800c5ce                __sseek
 .text.__sclose
                0x0800c5f4        0x8 C:/ST/STM32CubeCLT_1.22.0/GNU-tools-for-STM32/bin/../lib/gcc/arm-none-eabi/14.3.1/../../../../arm-none-eabi/lib/thumb/v7e-m+fp/hard\libg_nano.a(libc_a-stdio.o)
                0x0800c5f4                __sclose
 .text.__swbuf_r
                0x0800c5fc       0x7c C:/ST/STM32CubeCLT_1.22.0/GNU-tools-for-STM32/bin/../lib/gcc/arm-none-eabi/14.3.1/../../../../arm-none-eabi/lib/thumb/v7e-m+fp/hard\libg_nano.a(libc_a-wbuf.o)
                0x0800c5fc                __swbuf_r
 .text.__swsetup_r
                0x0800c678       0xa8 C:/ST/STM32CubeCLT_1.22.0/GNU-tools-for-STM32/bin/../lib/gcc/arm-none-eabi/14.3.1/../../../../arm-none-eabi/lib/thumb/v7e-m+fp/hard\libg_nano.a(libc_a-wsetup.o)
                0x0800c678                __swsetup_r
 .text.memset   0x0800c720       0x10 C:/ST/STM32CubeCLT_1.22.0/GNU-tools-for-STM32/bin/../lib/gcc/arm-none-eabi/14.3.1/../../../../arm-none-eabi/lib/thumb/v7e-m+fp/hard\libg_nano.a(libc_a-memset.o)
                0x0800c720                memset
 .text._localeconv_r
                0x0800c730        0x8 C:/ST/STM32CubeCLT_1.22.0/GNU-tools-for-STM32/bin/../lib/gcc/arm-none-eabi/14.3.1/../../../../arm-none-eabi/lib/thumb/v7e-m+fp/hard\libg_nano.a(libc_a-localeconv.o)
                0x0800c730                _localeconv_r
 .text._close_r
                0x0800c738       0x20 C:/ST/STM32CubeCLT_1.22.0/GNU-tools-for-STM32/bin/../lib/gcc/arm-none-eabi/14.3.1/../../../../arm-none-eabi/lib/thumb/v7e-m+fp/hard\libg_nano.a(libc_a-closer.o)
                0x0800c738                _close_r
 .text._lseek_r
                0x0800c758       0x24 C:/ST/STM32CubeCLT_1.22.0/GNU-tools-for-STM32/bin/../lib/gcc/arm-none-eabi/14.3.1/../../../../arm-none-eabi/lib/thumb/v7e-m+fp/hard\libg_nano.a(libc_a-lseekr.o)
                0x0800c758                _lseek_r
 .text._read_r  0x0800c77c       0x24 C:/ST/STM32CubeCLT_1.22.0/GNU-tools-for-STM32/bin/../lib/gcc/arm-none-eabi/14.3.1/../../../../arm-none-eabi/lib/thumb/v7e-m+fp/hard\libg_nano.a(libc_a-readr.o)
                0x0800c77c                _read_r
 .text._write_r
                0x0800c7a0       0x24 C:/ST/STM32CubeCLT_1.22.0/GNU-tools-for-STM32/bin/../lib/gcc/arm-none-eabi/14.3.1/../../../../arm-none-eabi/lib/thumb/v7e-m+fp/hard\libg_nano.a(libc_a-writer.o)
                0x0800c7a0                _write_r
 .text.__errno  0x0800c7c4        0xc C:/ST/STM32CubeCLT_1.22.0/GNU-tools-for-STM32/bin/../lib/gcc/arm-none-eabi/14.3.1/../../../../arm-none-eabi/lib/thumb/v7e-m+fp/hard\libg_nano.a(libc_a-errno.o)
                0x0800c7c4                __errno
 .text.__libc_init_array
                0x0800c7d0       0x48 C:/ST/STM32CubeCLT_1.22.0/GNU-tools-for-STM32/bin/../lib/gcc/arm-none-eabi/14.3.1/../../../../arm-none-eabi/lib/thumb/v7e-m+fp/hard\libg_nano.a(libc_a-init.o)
                0x0800c7d0                __libc_init_array
 .text.__retarget_lock_init_recursive
                0x0800c818        0x2 C:/ST/STM32CubeCLT_1.22.0/GNU-tools-for-STM32/bin/../lib/gcc/arm-none-eabi/14.3.1/../../../../arm-none-eabi/lib/thumb/v7e-m+fp/hard\libg_nano.a(libc_a-lock.o)
                0x0800c818                __retarget_lock_init_recursive
 .text.__retarget_lock_acquire_recursive
                0x0800c81a        0x2 C:/ST/STM32CubeCLT_1.22.0/GNU-tools-for-STM32/bin/../lib/gcc/arm-none-eabi/14.3.1/../../../../arm-none-eabi/lib/thumb/v7e-m+fp/hard\libg_nano.a(libc_a-lock.o)
                0x0800c81a                __retarget_lock_acquire_recursive
 .text.__retarget_lock_release_recursive
                0x0800c81c        0x2 C:/ST/STM32CubeCLT_1.22.0/GNU-tools-for-STM32/bin/../lib/gcc/arm-none-eabi/14.3.1/../../../../arm-none-eabi/lib/thumb/v7e-m+fp/hard\libg_nano.a(libc_a-lock.o)
                0x0800c81c                __retarget_lock_release_recursive
 .text.quorem   0x0800c81e      0x110 C:/ST/STM32CubeCLT_1.22.0/GNU-tools-for-STM32/bin/../lib/gcc/arm-none-eabi/14.3.1/../../../../arm-none-eabi/lib/thumb/v7e-m+fp/hard\libg_nano.a(libc_a-dtoa.o)
 *fill*         0x0800c92e        0x2 
 .text._dtoa_r  0x0800c930      0xbb8 C:/ST/STM32CubeCLT_1.22.0/GNU-tools-for-STM32/bin/../lib/gcc/arm-none-eabi/14.3.1/../../../../arm-none-eabi/lib/thumb/v7e-m+fp/hard\libg_nano.a(libc_a-dtoa.o)
                0x0800c930                _dtoa_r
 .text._free_r  0x0800d4e8       0x94 C:/ST/STM32CubeCLT_1.22.0/GNU-tools-for-STM32/bin/../lib/gcc/arm-none-eabi/14.3.1/../../../../arm-none-eabi/lib/thumb/v7e-m+fp/hard\libg_nano.a(libc_a-freer.o)
                0x0800d4e8                _free_r
 .text.malloc   0x0800d57c       0x10 C:/ST/STM32CubeCLT_1.22.0/GNU-tools-for-STM32/bin/../lib/gcc/arm-none-eabi/14.3.1/../../../../arm-none-eabi/lib/thumb/v7e-m+fp/hard\libg_nano.a(libc_a-malloc.o)
                0x0800d57c                malloc
 .text.sbrk_aligned
                0x0800d58c       0x44 C:/ST/STM32CubeCLT_1.22.0/GNU-tools-for-STM32/bin/../lib/gcc/arm-none-eabi/14.3.1/../../../../arm-none-eabi/lib/thumb/v7e-m+fp/hard\libg_nano.a(libc_a-mallocr.o)
 .text._malloc_r
                0x0800d5d0      0x100 C:/ST/STM32CubeCLT_1.22.0/GNU-tools-for-STM32/bin/../lib/gcc/arm-none-eabi/14.3.1/../../../../arm-none-eabi/lib/thumb/v7e-m+fp/hard\libg_nano.a(libc_a-mallocr.o)
                0x0800d5d0                _malloc_r
 .text.__malloc_lock
                0x0800d6d0        0xc C:/ST/STM32CubeCLT_1.22.0/GNU-tools-for-STM32/bin/../lib/gcc/arm-none-eabi/14.3.1/../../../../arm-none-eabi/lib/thumb/v7e-m+fp/hard\libg_nano.a(libc_a-mlock.o)
                0x0800d6d0                __malloc_lock
 .text.__malloc_unlock
                0x0800d6dc        0xc C:/ST/STM32CubeCLT_1.22.0/GNU-tools-for-STM32/bin/../lib/gcc/arm-none-eabi/14.3.1/../../../../arm-none-eabi/lib/thumb/v7e-m+fp/hard\libg_nano.a(libc_a-mlock.o)
                0x0800d6dc                __malloc_unlock
 .text._Balloc  0x0800d6e8       0x7c C:/ST/STM32CubeCLT_1.22.0/GNU-tools-for-STM32/bin/../lib/gcc/arm-none-eabi/14.3.1/../../../../arm-none-eabi/lib/thumb/v7e-m+fp/hard\libg_nano.a(libc_a-mprec.o)
                0x0800d6e8                _Balloc
 .text._Bfree   0x0800d764       0x44 C:/ST/STM32CubeCLT_1.22.0/GNU-tools-for-STM32/bin/../lib/gcc/arm-none-eabi/14.3.1/../../../../arm-none-eabi/lib/thumb/v7e-m+fp/hard\libg_nano.a(libc_a-mprec.o)
                0x0800d764                _Bfree
 .text.__multadd
                0x0800d7a8       0x8c C:/ST/STM32CubeCLT_1.22.0/GNU-tools-for-STM32/bin/../lib/gcc/arm-none-eabi/14.3.1/../../../../arm-none-eabi/lib/thumb/v7e-m+fp/hard\libg_nano.a(libc_a-mprec.o)
                0x0800d7a8                __multadd
 .text.__hi0bits
                0x0800d834       0x3e C:/ST/STM32CubeCLT_1.22.0/GNU-tools-for-STM32/bin/../lib/gcc/arm-none-eabi/14.3.1/../../../../arm-none-eabi/lib/thumb/v7e-m+fp/hard\libg_nano.a(libc_a-mprec.o)
                0x0800d834                __hi0bits
 .text.__lo0bits
                0x0800d872       0x5a C:/ST/STM32CubeCLT_1.22.0/GNU-tools-for-STM32/bin/../lib/gcc/arm-none-eabi/14.3.1/../../../../arm-none-eabi/lib/thumb/v7e-m+fp/hard\libg_nano.a(libc_a-mprec.o)
                0x0800d872                __lo0bits
 .text.__i2b    0x0800d8cc       0x2c C:/ST/STM32CubeCLT_1.22.0/GNU-tools-for-STM32/bin/../lib/gcc/arm-none-eabi/14.3.1/../../../../arm-none-eabi/lib/thumb/v7e-m+fp/hard\libg_nano.a(libc_a-mprec.o)
                0x0800d8cc                __i2b
 .text.__multiply
                0x0800d8f8      0x154 C:/ST/STM32CubeCLT_1.22.0/GNU-tools-for-STM32/bin/../lib/gcc/arm-none-eabi/14.3.1/../../../../arm-none-eabi/lib/thumb/v7e-m+fp/hard\libg_nano.a(libc_a-mprec.o)
                0x0800d8f8                __multiply
 .text.__pow5mult
                0x0800da4c       0xb8 C:/ST/STM32CubeCLT_1.22.0/GNU-tools-for-STM32/bin/../lib/gcc/arm-none-eabi/14.3.1/../../../../arm-none-eabi/lib/thumb/v7e-m+fp/hard\libg_nano.a(libc_a-mprec.o)
                0x0800da4c                __pow5mult
 .text.__lshift
                0x0800db04       0xdc C:/ST/STM32CubeCLT_1.22.0/GNU-tools-for-STM32/bin/../lib/gcc/arm-none-eabi/14.3.1/../../../../arm-none-eabi/lib/thumb/v7e-m+fp/hard\libg_nano.a(libc_a-mprec.o)
                0x0800db04                __lshift
 .text.__mcmp   0x0800dbe0       0x36 C:/ST/STM32CubeCLT_1.22.0/GNU-tools-for-STM32/bin/../lib/gcc/arm-none-eabi/14.3.1/../../../../arm-none-eabi/lib/thumb/v7e-m+fp/hard\libg_nano.a(libc_a-mprec.o)
                0x0800dbe0                __mcmp
 *fill*         0x0800dc16        0x2 
 .text.__mdiff  0x0800dc18      0x130 C:/ST/STM32CubeCLT_1.22.0/GNU-tools-for-STM32/bin/../lib/gcc/arm-none-eabi/14.3.1/../../../../arm-none-eabi/lib/thumb/v7e-m+fp/hard\libg_nano.a(libc_a-mprec.o)
                0x0800dc18                __mdiff
 .text.__d2b    0x0800dd48       0xb0 C:/ST/STM32CubeCLT_1.22.0/GNU-tools-for-STM32/bin/../lib/gcc/arm-none-eabi/14.3.1/../../../../arm-none-eabi/lib/thumb/v7e-m+fp/hard\libg_nano.a(libc_a-mprec.o)
                0x0800dd48                __d2b
 .text.__ssputs_r
                0x0800ddf8       0xc0 C:/ST/STM32CubeCLT_1.22.0/GNU-tools-for-STM32/bin/../lib/gcc/arm-none-eabi/14.3.1/../../../../arm-none-eabi/lib/thumb/v7e-m+fp/hard\libg_nano.a(libc_a-nano-svfprintf.o)
                0x0800ddf8                __ssputs_r
 .text._svfprintf_r
                0x0800deb8      0x1f0 C:/ST/STM32CubeCLT_1.22.0/GNU-tools-for-STM32/bin/../lib/gcc/arm-none-eabi/14.3.1/../../../../arm-none-eabi/lib/thumb/v7e-m+fp/hard\libg_nano.a(libc_a-nano-svfprintf.o)
                0x0800deb8                _svfiprintf_r
                0x0800deb8                _svfprintf_r
 .text.__sflush_r
                0x0800e0a8      0x104 C:/ST/STM32CubeCLT_1.22.0/GNU-tools-for-STM32/bin/../lib/gcc/arm-none-eabi/14.3.1/../../../../arm-none-eabi/lib/thumb/v7e-m+fp/hard\libg_nano.a(libc_a-fflush.o)
                0x0800e0a8                __sflush_r
 .text._fflush_r
                0x0800e1ac       0x50 C:/ST/STM32CubeCLT_1.22.0/GNU-tools-for-STM32/bin/../lib/gcc/arm-none-eabi/14.3.1/../../../../arm-none-eabi/lib/thumb/v7e-m+fp/hard\libg_nano.a(libc_a-fflush.o)
                0x0800e1ac                _fflush_r
 .text.__swhatbuf_r
                0x0800e1fc       0x48 C:/ST/STM32CubeCLT_1.22.0/GNU-tools-for-STM32/bin/../lib/gcc/arm-none-eabi/14.3.1/../../../../arm-none-eabi/lib/thumb/v7e-m+fp/hard\libg_nano.a(libc_a-makebuf.o)
                0x0800e1fc                __swhatbuf_r
 .text.__smakebuf_r
                0x0800e244       0x72 C:/ST/STM32CubeCLT_1.22.0/GNU-tools-for-STM32/bin/../lib/gcc/arm-none-eabi/14.3.1/../../../../arm-none-eabi/lib/thumb/v7e-m+fp/hard\libg_nano.a(libc_a-makebuf.o)
                0x0800e244                __smakebuf_r
 .text.memmove  0x0800e2b6       0x32 C:/ST/STM32CubeCLT_1.22.0/GNU-tools-for-STM32/bin/../lib/gcc/arm-none-eabi/14.3.1/../../../../arm-none-eabi/lib/thumb/v7e-m+fp/hard\libg_nano.a(libc_a-memmove.o)
                0x0800e2b6                memmove
 .text._fstat_r
                0x0800e2e8       0x24 C:/ST/STM32CubeCLT_1.22.0/GNU-tools-for-STM32/bin/../lib/gcc/arm-none-eabi/14.3.1/../../../../arm-none-eabi/lib/thumb/v7e-m+fp/hard\libg_nano.a(libc_a-fstatr.o)
                0x0800e2e8                _fstat_r
 .text._isatty_r
                0x0800e30c       0x20 C:/ST/STM32CubeCLT_1.22.0/GNU-tools-for-STM32/bin/../lib/gcc/arm-none-eabi/14.3.1/../../../../arm-none-eabi/lib/thumb/v7e-m+fp/hard\libg_nano.a(libc_a-isattyr.o)
                0x0800e30c                _isatty_r
 .text._sbrk_r  0x0800e32c       0x20 C:/ST/STM32CubeCLT_1.22.0/GNU-tools-for-STM32/bin/../lib/gcc/arm-none-eabi/14.3.1/../../../../arm-none-eabi/lib/thumb/v7e-m+fp/hard\libg_nano.a(libc_a-sbrkr.o)
                0x0800e32c                _sbrk_r
 .text.memcpy   0x0800e34c       0x1c C:/ST/STM32CubeCLT_1.22.0/GNU-tools-for-STM32/bin/../lib/gcc/arm-none-eabi/14.3.1/../../../../arm-none-eabi/lib/thumb/v7e-m+fp/hard\libg_nano.a(libc_a-memcpy-stub.o)
                0x0800e34c                memcpy
 .text.__assert_func
                0x0800e368       0x3c C:/ST/STM32CubeCLT_1.22.0/GNU-tools-for-STM32/bin/../lib/gcc/arm-none-eabi/14.3.1/../../../../arm-none-eabi/lib/thumb/v7e-m+fp/hard\libg_nano.a(libc_a-assert.o)
                0x0800e368                __assert_func
 .text._calloc_r
                0x0800e3a4       0x28 C:/ST/STM32CubeCLT_1.22.0/GNU-tools-for-STM32/bin/../lib/gcc/arm-none-eabi/14.3.1/../../../../arm-none-eabi/lib/thumb/v7e-m+fp/hard\libg_nano.a(libc_a-callocr.o)
                0x0800e3a4                _calloc_r
 .text.__ascii_mbtowc
                0x0800e3cc       0x24 C:/ST/STM32CubeCLT_1.22.0/GNU-tools-for-STM32/bin/../lib/gcc/arm-none-eabi/14.3.1/../../../../arm-none-eabi/lib/thumb/v7e-m+fp/hard\libg_nano.a(libc_a-mbtowc_r.o)
                0x0800e3cc                __ascii_mbtowc
 .text._realloc_r
                0x0800e3f0       0x5c C:/ST/STM32CubeCLT_1.22.0/GNU-tools-for-STM32/bin/../lib/gcc/arm-none-eabi/14.3.1/../../../../arm-none-eabi/lib/thumb/v7e-m+fp/hard\libg_nano.a(libc_a-reallocr.o)
                0x0800e3f0                _realloc_r
 .text.__ascii_wctomb
                0x0800e44c       0x1a C:/ST/STM32CubeCLT_1.22.0/GNU-tools-for-STM32/bin/../lib/gcc/arm-none-eabi/14.3.1/../../../../arm-none-eabi/lib/thumb/v7e-m+fp/hard\libg_nano.a(libc_a-wctomb_r.o)
                0x0800e44c                __ascii_wctomb
 *fill*         0x0800e466        0x2 
 .text.fprintf  0x0800e468       0x24 C:/ST/STM32CubeCLT_1.22.0/GNU-tools-for-STM32/bin/../lib/gcc/arm-none-eabi/14.3.1/../../../../arm-none-eabi/lib/thumb/v7e-m+fp/hard\libg_nano.a(libc_a-fprintf.o)
                0x0800e468                fiprintf
                0x0800e468                fprintf
 .text.abort    0x0800e48c        0xe C:/ST/STM32CubeCLT_1.22.0/GNU-tools-for-STM32/bin/../lib/gcc/arm-none-eabi/14.3.1/../../../../arm-none-eabi/lib/thumb/v7e-m+fp/hard\libg_nano.a(libc_a-abort.o)
                0x0800e48c                abort
 .text._malloc_usable_size_r
                0x0800e49a       0x10 C:/ST/STM32CubeCLT_1.22.0/GNU-tools-for-STM32/bin/../lib/gcc/arm-none-eabi/14.3.1/../../../../arm-none-eabi/lib/thumb/v7e-m+fp/hard\libg_nano.a(libc_a-msizer.o)
                0x0800e49a                _malloc_usable_size_r
 .text.__sfputc_r
                0x0800e4aa       0x2e C:/ST/STM32CubeCLT_1.22.0/GNU-tools-for-STM32/bin/../lib/gcc/arm-none-eabi/14.3.1/../../../../arm-none-eabi/lib/thumb/v7e-m+fp/hard\libg_nano.a(libc_a-nano-vfprintf.o)
 .text.__sfputs_r
                0x0800e4d8       0x24 C:/ST/STM32CubeCLT_1.22.0/GNU-tools-for-STM32/bin/../lib/gcc/arm-none-eabi/14.3.1/../../../../arm-none-eabi/lib/thumb/v7e-m+fp/hard\libg_nano.a(libc_a-nano-vfprintf.o)
                0x0800e4d8                __sfputs_r
 .text._vfprintf_r
                0x0800e4fc      0x228 C:/ST/STM32CubeCLT_1.22.0/GNU-tools-for-STM32/bin/../lib/gcc/arm-none-eabi/14.3.1/../../../../arm-none-eabi/lib/thumb/v7e-m+fp/hard\libg_nano.a(libc_a-nano-vfprintf.o)
                0x0800e4fc                _vfprintf_r
                0x0800e4fc                _vfiprintf_r
 .text._raise_r
                0x0800e724       0x50 C:/ST/STM32CubeCLT_1.22.0/GNU-tools-for-STM32/bin/../lib/gcc/arm-none-eabi/14.3.1/../../../../arm-none-eabi/lib/thumb/v7e-m+fp/hard\libg_nano.a(libc_a-signal.o)
                0x0800e724                _raise_r
 .text.raise    0x0800e774       0x10 C:/ST/STM32CubeCLT_1.22.0/GNU-tools-for-STM32/bin/../lib/gcc/arm-none-eabi/14.3.1/../../../../arm-none-eabi/lib/thumb/v7e-m+fp/hard\libg_nano.a(libc_a-signal.o)
                0x0800e774                raise
 .text._kill_r  0x0800e784       0x24 C:/ST/STM32CubeCLT_1.22.0/GNU-tools-for-STM32/bin/../lib/gcc/arm-none-eabi/14.3.1/../../../../arm-none-eabi/lib/thumb/v7e-m+fp/hard\libg_nano.a(libc_a-signalr.o)
                0x0800e784                _kill_r
 .text._getpid_r
                0x0800e7a8        0x4 C:/ST/STM32CubeCLT_1.22.0/GNU-tools-for-STM32/bin/../lib/gcc/arm-none-eabi/14.3.1/../../../../arm-none-eabi/lib/thumb/v7e-m+fp/hard\libg_nano.a(libc_a-signalr.o)
                0x0800e7a8                _getpid_r
 *(.glue_7)
 .glue_7        0x0800e7ac        0x0 linker stubs
 *(.glue_7t)
 .glue_7t       0x0800e7ac        0x0 linker stubs
 *(.eh_frame)
 .eh_frame      0x0800e7ac        0x0 C:/ST/STM32CubeCLT_1.22.0/GNU-tools-for-STM32/bin/../lib/gcc/arm-none-eabi/14.3.1/thumb/v7e-m+fp/hard/crtbegin.o
 *(.init)
 .init          0x0800e7ac        0x4 C:/ST/STM32CubeCLT_1.22.0/GNU-tools-for-STM32/bin/../lib/gcc/arm-none-eabi/14.3.1/thumb/v7e-m+fp/hard/crti.o
                0x0800e7ac                _init
 .init          0x0800e7b0        0x8 C:/ST/STM32CubeCLT_1.22.0/GNU-tools-for-STM32/bin/../lib/gcc/arm-none-eabi/14.3.1/thumb/v7e-m+fp/hard/crtn.o
 *(.fini)
 .fini          0x0800e7b8        0x4 C:/ST/STM32CubeCLT_1.22.0/GNU-tools-for-STM32/bin/../lib/gcc/arm-none-eabi/14.3.1/thumb/v7e-m+fp/hard/crti.o
                0x0800e7b8                _fini
 .fini          0x0800e7bc        0x8 C:/ST/STM32CubeCLT_1.22.0/GNU-tools-for-STM32/bin/../lib/gcc/arm-none-eabi/14.3.1/thumb/v7e-m+fp/hard/crtn.o
                0x0800e7c4                        . = ALIGN (0x4)
                0x0800e7c4                        _etext = .

.vfp11_veneer   0x0800e7c4        0x0
 .vfp11_veneer  0x0800e7c4        0x0 linker stubs

.v4_bx          0x0800e7c4        0x0
 .v4_bx         0x0800e7c4        0x0 linker stubs

.iplt           0x0800e7c4        0x0
 .iplt          0x0800e7c4        0x0 C:/ST/STM32CubeCLT_1.22.0/GNU-tools-for-STM32/bin/../lib/gcc/arm-none-eabi/14.3.1/thumb/v7e-m+fp/hard/crtbegin.o

.rodata         0x0800e7c8      0x4f4
                0x0800e7c8                        . = ALIGN (0x4)
 *(.rodata)
 .rodata        0x0800e7c8       0x46 Firmware/CMakeFiles/Firmware.dir/USB_DEVICE/App/usbd_desc.c.obj
 *fill*         0x0800e80e        0x2 
 .rodata        0x0800e810       0xe0 Firmware/CMakeFiles/Firmware.dir/Core/Src/main.c.obj
 *(.rodata*)
 .rodata.AHBPrescTable
                0x0800e8f0       0x10 Firmware/cmake/stm32cubemx/CMakeFiles/STM32_Drivers.dir/__/__/Core/Src/system_stm32f4xx.c.obj
                0x0800e8f0                AHBPrescTable
 .rodata.APBPrescTable
                0x0800e900        0x8 Firmware/cmake/stm32cubemx/CMakeFiles/STM32_Drivers.dir/__/__/Core/Src/system_stm32f4xx.c.obj
                0x0800e900                APBPrescTable
 .rodata.asinf.str1.4
                0x0800e908        0x1 C:/ST/STM32CubeCLT_1.22.0/GNU-tools-for-STM32/bin/../lib/gcc/arm-none-eabi/14.3.1/../../../../arm-none-eabi/lib/thumb/v7e-m+fp/hard\libm.a(libm_a-wf_asin.o)
 *fill*         0x0800e909        0x3 
 .rodata.CSWTCH.9
                0x0800e90c        0xc C:/ST/STM32CubeCLT_1.22.0/GNU-tools-for-STM32/bin/../lib/gcc/arm-none-eabi/14.3.1/../../../../arm-none-eabi/lib/thumb/v7e-m+fp/hard\libm.a(libm_a-ef_atan2.o)
 .rodata.CSWTCH.8
                0x0800e918        0xc C:/ST/STM32CubeCLT_1.22.0/GNU-tools-for-STM32/bin/../lib/gcc/arm-none-eabi/14.3.1/../../../../arm-none-eabi/lib/thumb/v7e-m+fp/hard\libm.a(libm_a-ef_atan2.o)
 .rodata.atanlo
                0x0800e924       0x10 C:/ST/STM32CubeCLT_1.22.0/GNU-tools-for-STM32/bin/../lib/gcc/arm-none-eabi/14.3.1/../../../../arm-none-eabi/lib/thumb/v7e-m+fp/hard\libm.a(libm_a-sf_atan.o)
 .rodata.atanhi
                0x0800e934       0x10 C:/ST/STM32CubeCLT_1.22.0/GNU-tools-for-STM32/bin/../lib/gcc/arm-none-eabi/14.3.1/../../../../arm-none-eabi/lib/thumb/v7e-m+fp/hard\libm.a(libm_a-sf_atan.o)
 .rodata._printf_float.str1.1
                0x0800e944      0x171 C:/ST/STM32CubeCLT_1.22.0/GNU-tools-for-STM32/bin/../lib/gcc/arm-none-eabi/14.3.1/../../../../arm-none-eabi/lib/thumb/v7e-m+fp/hard\libg_nano.a(libc_a-nano-vfprintf_float.o)
                                 0x12 (size before relaxing)
 .rodata._printf_i.str1.1
                0x0800eab5       0x22 C:/ST/STM32CubeCLT_1.22.0/GNU-tools-for-STM32/bin/../lib/gcc/arm-none-eabi/14.3.1/../../../../arm-none-eabi/lib/thumb/v7e-m+fp/hard\libg_nano.a(libc_a-nano-vfprintf_i.o)
 .rodata._dtoa_r.str1.1
                0x0800eab5       0x8f C:/ST/STM32CubeCLT_1.22.0/GNU-tools-for-STM32/bin/../lib/gcc/arm-none-eabi/14.3.1/../../../../arm-none-eabi/lib/thumb/v7e-m+fp/hard\libg_nano.a(libc_a-dtoa.o)
 .rodata._Balloc.str1.1
                0x0800eab5       0x70 C:/ST/STM32CubeCLT_1.22.0/GNU-tools-for-STM32/bin/../lib/gcc/arm-none-eabi/14.3.1/../../../../arm-none-eabi/lib/thumb/v7e-m+fp/hard\libg_nano.a(libc_a-mprec.o)
 .rodata.__multadd.str1.1
                0x0800eab5       0x11 C:/ST/STM32CubeCLT_1.22.0/GNU-tools-for-STM32/bin/../lib/gcc/arm-none-eabi/14.3.1/../../../../arm-none-eabi/lib/thumb/v7e-m+fp/hard\libg_nano.a(libc_a-mprec.o)
 *fill*         0x0800eab5        0x3 
 .rodata.p05.0  0x0800eab8        0xc C:/ST/STM32CubeCLT_1.22.0/GNU-tools-for-STM32/bin/../lib/gcc/arm-none-eabi/14.3.1/../../../../arm-none-eabi/lib/thumb/v7e-m+fp/hard\libg_nano.a(libc_a-mprec.o)
 *fill*         0x0800eac4        0x4 
 .rodata.__mprec_bigtens