Archive member included to satisfy reference by file (symbol)

/home/breno/.local/share/stm32cube/bundles/gnu-tools-for-stm32/14.3.1+st.2/bin/../lib/gcc/arm-none-eabi/14.3.1/thumb/v7e-m+fp/hard/libgcc.a(_arm_addsubdf3.o)
                              Firmware/CMakeFiles/Firmware.dir/Core/Src/main.c.obj (__aeabi_f2d)
/home/breno/.local/share/stm32cube/bundles/gnu-tools-for-stm32/14.3.1+st.2/bin/../lib/gcc/arm-none-eabi/14.3.1/thumb/v7e-m+fp/hard/libgcc.a(_aeabi_uldivmod.o)
                              Firmware/cmake/stm32cubemx/CMakeFiles/STM32_Drivers.dir/__/__/Drivers/STM32F4xx_HAL_Driver/Src/stm32f4xx_hal_rcc.c.obj (__aeabi_uldivmod)
/home/breno/.local/share/stm32cube/bundles/gnu-tools-for-stm32/14.3.1+st.2/bin/../lib/gcc/arm-none-eabi/14.3.1/thumb/v7e-m+fp/hard/libgcc.a(_udivmoddi4.o)
                              /home/breno/.local/share/stm32cube/bundles/gnu-tools-for-stm32/14.3.1+st.2/bin/../lib/gcc/arm-none-eabi/14.3.1/thumb/v7e-m+fp/hard/libgcc.a(_aeabi_uldivmod.o) (__udivmoddi4)
/home/breno/.local/share/stm32cube/bundles/gnu-tools-for-stm32/14.3.1+st.2/bin/../lib/gcc/arm-none-eabi/14.3.1/thumb/v7e-m+fp/hard/libgcc.a(_dvmd_tls.o)
                              /home/breno/.local/share/stm32cube/bundles/gnu-tools-for-stm32/14.3.1+st.2/bin/../lib/gcc/arm-none-eabi/14.3.1/thumb/v7e-m+fp/hard/libgcc.a(_aeabi_uldivmod.o) (__aeabi_ldiv0)
/home/breno/.local/share/stm32cube/bundles/gnu-tools-for-stm32/14.3.1+st.2/bin/../lib/gcc/arm-none-eabi/14.3.1/../../../../arm-none-eabi/lib/thumb/v7e-m+fp/hard/libg_nano.a(libc_a-exit.o)
                              /home/breno/.local/share/stm32cube/bundles/gnu-tools-for-stm32/14.3.1+st.2/bin/../lib/gcc/arm-none-eabi/14.3.1/../../../../arm-none-eabi/lib/thumb/v7e-m+fp/hard/crt0.o (exit)
/home/breno/.local/share/stm32cube/bundles/gnu-tools-for-stm32/14.3.1+st.2/bin/../lib/gcc/arm-none-eabi/14.3.1/../../../../arm-none-eabi/lib/thumb/v7e-m+fp/hard/libg_nano.a(libc_a-nano-vfprintf_float.o)
                              (_printf_float)
/home/breno/.local/share/stm32cube/bundles/gnu-tools-for-stm32/14.3.1+st.2/bin/../lib/gcc/arm-none-eabi/14.3.1/../../../../arm-none-eabi/lib/thumb/v7e-m+fp/hard/libg_nano.a(libc_a-nano-vfprintf_i.o)
                              /home/breno/.local/share/stm32cube/bundles/gnu-tools-for-stm32/14.3.1+st.2/bin/../lib/gcc/arm-none-eabi/14.3.1/../../../../arm-none-eabi/lib/thumb/v7e-m+fp/hard/libg_nano.a(libc_a-nano-vfprintf_float.o) (_printf_common)
/home/breno/.local/share/stm32cube/bundles/gnu-tools-for-stm32/14.3.1+st.2/bin/../lib/gcc/arm-none-eabi/14.3.1/../../../../arm-none-eabi/lib/thumb/v7e-m+fp/hard/libg_nano.a(libc_a-findfp.o)
                              /home/breno/.local/share/stm32cube/bundles/gnu-tools-for-stm32/14.3.1+st.2/bin/../lib/gcc/arm-none-eabi/14.3.1/../../../../arm-none-eabi/lib/thumb/v7e-m+fp/hard/libg_nano.a(libc_a-exit.o) (__stdio_exit_handler)
/home/breno/.local/share/stm32cube/bundles/gnu-tools-for-stm32/14.3.1+st.2/bin/../lib/gcc/arm-none-eabi/14.3.1/../../../../arm-none-eabi/lib/thumb/v7e-m+fp/hard/libg_nano.a(libc_a-fwalk.o)
                              /home/breno/.local/share/stm32cube/bundles/gnu-tools-for-stm32/14.3.1+st.2/bin/../lib/gcc/arm-none-eabi/14.3.1/../../../../arm-none-eabi/lib/thumb/v7e-m+fp/hard/libg_nano.a(libc_a-findfp.o) (_fwalk_sglue)
/home/breno/.local/share/stm32cube/bundles/gnu-tools-for-stm32/14.3.1+st.2/bin/../lib/gcc/arm-none-eabi/14.3.1/../../../../arm-none-eabi/lib/thumb/v7e-m+fp/hard/libg_nano.a(libc_a-printf.o)
                              Firmware/CMakeFiles/Firmware.dir/Core/Src/main.c.obj (printf)
/home/breno/.local/share/stm32cube/bundles/gnu-tools-for-stm32/14.3.1+st.2/bin/../lib/gcc/arm-none-eabi/14.3.1/../../../../arm-none-eabi/lib/thumb/v7e-m+fp/hard/libg_nano.a(libc_a-puts.o)
                              Firmware/CMakeFiles/Firmware.dir/Core/Src/main.c.obj (puts)
/home/breno/.local/share/stm32cube/bundles/gnu-tools-for-stm32/14.3.1+st.2/bin/../lib/gcc/arm-none-eabi/14.3.1/../../../../arm-none-eabi/lib/thumb/v7e-m+fp/hard/libg_nano.a(libc_a-stdio.o)
                              /home/breno/.local/share/stm32cube/bundles/gnu-tools-for-stm32/14.3.1+st.2/bin/../lib/gcc/arm-none-eabi/14.3.1/../../../../arm-none-eabi/lib/thumb/v7e-m+fp/hard/libg_nano.a(libc_a-findfp.o) (__sread)
/home/breno/.local/share/stm32cube/bundles/gnu-tools-for-stm32/14.3.1+st.2/bin/../lib/gcc/arm-none-eabi/14.3.1/../../../../arm-none-eabi/lib/thumb/v7e-m+fp/hard/libg_nano.a(libc_a-wbuf.o)
                              /home/breno/.local/share/stm32cube/bundles/gnu-tools-for-stm32/14.3.1+st.2/bin/../lib/gcc/arm-none-eabi/14.3.1/../../../../arm-none-eabi/lib/thumb/v7e-m+fp/hard/libg_nano.a(libc_a-puts.o) (__swbuf_r)
/home/breno/.local/share/stm32cube/bundles/gnu-tools-for-stm32/14.3.1+st.2/bin/../lib/gcc/arm-none-eabi/14.3.1/../../../../arm-none-eabi/lib/thumb/v7e-m+fp/hard/libg_nano.a(libc_a-wsetup.o)
[...]
Memory Configuration

Name             Origin             Length             Attributes
RAM              0x20000000         0x00020000         xrw
FLASH            0x08000000         0x00080000         xr
*default*        0x00000000         0xffffffff

Linker script and memory map

LOAD /home/breno/.local/share/stm32cube/bundles/gnu-tools-for-stm32/14.3.1+st.2/bin/../lib/gcc/arm-none-eabi/14.3.1/thumb/v7e-m+fp/hard/crti.o
LOAD /home/breno/.local/share/stm32cube/bundles/gnu-tools-for-stm32/14.3.1+st.2/bin/../lib/gcc/arm-none-eabi/14.3.1/thumb/v7e-m+fp/hard/crtbegin.o
LOAD /home/breno/.local/share/stm32cube/bundles/gnu-tools-for-stm32/14.3.1+st.2/bin/../lib/gcc/arm-none-eabi/14.3.1/../../../../arm-none-eabi/lib/thumb/v7e-m+fp/hard/crt0.o
LOAD Firmware/cmake/stm32cubemx/CMakeFiles/STM32_Drivers.dir/__/__/Core/Src/system_stm32f4xx.c.obj
LOAD Firmware/cmake/stm32cubemx/CMakeFiles/STM32_Drivers.dir/__/__/Drivers/STM32F4xx_HAL_Driver/Src/stm32f4xx_hal_pcd.c.obj
LOAD Firmware/cmake/stm32cubemx/CMakeFiles/STM32_Drivers.dir/__/__/Drivers/STM32F4xx_HAL_Driver/Src/stm32f4xx_hal_pcd_ex.c.obj
LOAD Firmware/cmake/stm32cubemx/CMakeFiles/STM32_Drivers.dir/__/__/Drivers/STM32F4xx_HAL_Driver/Src/stm32f4xx_ll_usb.c.obj
LOAD Firmware/cmake/stm32cubemx/CMakeFiles/STM32_Drivers.dir/__/__/Drivers/STM32F4xx_HAL_Driver/Src/stm32f4xx_hal_rcc.c.obj
LOAD Firmware/cmake/stm32cubemx/CMakeFiles/STM32_Drivers.dir/__/__/Drivers/STM32F4xx_HAL_Driver/Src/stm32f4xx_hal_rcc_ex.c.obj
LOAD Firmware/cmake/stm32cubemx/CMakeFiles/STM32_Drivers.dir/__/__/Drivers/STM32F4xx_HAL_Driver/Src/stm32f4xx_hal_flash.c.obj
LOAD Firmware/cmake/stm32cubemx/CMakeFiles/STM32_Drivers.dir/__/__/Drivers/STM32F4xx_HAL_Driver/Src/stm32f4xx_hal_flash_ex.c.obj
LOAD Firmware/cmake/stm32cubemx/CMakeFiles/STM32_Drivers.dir/__/__/Drivers/STM32F4xx_HAL_Driver/Src/stm32f4xx_hal_flash_ramfunc.c.obj
LOAD Firmware/cmake/stm32cubemx/CMakeFiles/STM32_Drivers.dir/__/__/Drivers/STM32F4xx_HAL_Driver/Src/stm32f4xx_hal_gpio.c.obj
LOAD Firmware/cmake/stm32cubemx/CMakeFiles/STM32_Drivers.dir/__/__/Drivers/STM32F4xx_HAL_Driver/Src/stm32f4xx_hal_dma_ex.c.obj
LOAD Firmware/cmake/stm32cubemx/CMakeFiles/STM32_Drivers.dir/__/__/Drivers/STM32F4xx_HAL_Driver/Src/stm32f4xx_hal_dma.c.obj
LOAD Firmware/cmake/stm32cubemx/CMakeFiles/STM32_Drivers.dir/__/__/Drivers/STM32F4xx_HAL_Driver/Src/stm32f4xx_hal_pwr.c.obj
LOAD Firmware/cmake/stm32cubemx/CMakeFiles/STM32_Drivers.dir/__/__/Drivers/STM32F4xx_HAL_Driver/Src/stm32f4xx_hal_pwr_ex.c.obj
LOAD Firmware/cmake/stm32cubemx/CMakeFiles/STM32_Drivers.dir/__/__/Drivers/STM32F4xx_HAL_Driver/Src/stm32f4xx_hal_cortex.c.obj
LOAD Firmware/cmake/stm32cubemx/CMakeFiles/STM32_Drivers.dir/__/__/Drivers/STM32F4xx_HAL_Driver/Src/stm32f4xx_hal.c.obj
LOAD Firmware/cmake/stm32cubemx/CMakeFiles/STM32_Drivers.dir/__/__/Drivers/STM32F4xx_HAL_Driver/Src/stm32f4xx_hal_exti.c.obj
LOAD Firmware/cmake/stm32cubemx/CMakeFiles/STM32_Drivers.dir/__/__/Drivers/STM32F4xx_HAL_Driver/Src/stm32f4xx_hal_i2c.c.obj
LOAD Firmware/cmake/stm32cubemx/CMakeFiles/STM32_Drivers.dir/__/__/Drivers/STM32F4xx_HAL_Driver/Src/stm32f4xx_hal_i2c_ex.c.obj
LOAD Firmware/cmake/stm32cubemx/CMakeFiles/USB_Device_Library.dir/__/__/Middlewares/ST/STM32_USB_Device_Library/Core/Src/usbd_core.c.obj
LOAD Firmware/cmake/stm32cubemx/CMakeFiles/USB_Device_Library.dir/__/__/Middlewares/ST/STM32_USB_Device_Library/Core/Src/usbd_ctlreq.c.obj
LOAD Firmware/cmake/stm32cubemx/CMakeFiles/USB_Device_Library.dir/__/__/Middlewares/ST/STM32_USB_Device_Library/Core/Src/usbd_ioreq.c.obj
LOAD Firmware/cmake/stm32cubemx/CMakeFiles/USB_Device_Library.dir/__/__/Middlewares/ST/STM32_USB_Device_Library/Class/CDC/Src/usbd_cdc.c.obj
LOAD Firmware/CMakeFiles/Firmware.dir/USB_DEVICE/Target/usbd_conf.c.obj
LOAD Firmware/CMakeFiles/Firmware.dir/USB_DEVICE/App/usb_device.c.obj
LOAD Firmware/CMakeFiles/Firmware.dir/USB_DEVICE/App/usbd_desc.c.obj
LOAD Firmware/CMakeFiles/Firmware.dir/USB_DEVICE/App/usbd_cdc_if.c.obj
LOAD Firmware/CMakeFiles/Firmware.dir/Core/Src/main.c.obj
LOAD Firmware/CMakeFiles/Firmware.dir/Core/Src/stm32f4xx_it.c.obj
LOAD Firmware/CMakeFiles/Firmware.dir/Core/Src/stm32f4xx_hal_msp.c.obj
LOAD Firmware/CMakeFiles/Firmware.dir/Core/Src/sysmem.c.obj
LOAD Firmware/CMakeFiles/Firmware.dir/Core/Src/syscalls.c.obj
LOAD Firmware/CMakeFiles/Firmware.dir/startup_stm32f411xe.s.obj
LOAD Firmware/CMakeFiles/Firmware.dir/Drivers/MPU9250/mpu9250.c.obj
LOAD Firmware/CMakeFiles/Firmware.dir/Drivers/Protocol/i2c_protocol.c.obj
LOAD /home/breno/.local/share/stm32cube/bundles/gnu-tools-for-stm32/14.3.1+st.2/bin/../lib/gcc/arm-none-eabi/14.3.1/../../../../arm-none-eabi/lib/thumb/v7e-m+fp/hard/libm.a
LOAD Core/libhelius_core.a
LOAD /home/breno/.local/share/stm32cube/bundles/gnu-tools-for-stm32/14.3.1+st.2/bin/../lib/gcc/arm-none-eabi/14.3.1/../../../../arm-none-eabi/lib/thumb/v7e-m+fp/hard/libm.a
START GROUP
LOAD /home/breno/.local/share/stm32cube/bundles/gnu-tools-for-stm32/14.3.1+st.2/bin/../lib/gcc/arm-none-eabi/14.3.1/thumb/v7e-m+fp/hard/libgcc.a
LOAD /home/breno/.local/share/stm32cube/bundles/gnu-tools-for-stm32/14.3.1+st.2/bin/../lib/gcc/arm-none-eabi/14.3.1/../../../../arm-none-eabi/lib/thumb/v7e-m+fp/hard/libg_nano.a
LOAD /home/breno/.local/share/stm32cube/bundles/gnu-tools-for-stm32/14.3.1+st.2/bin/../lib/gcc/arm-none-eabi/14.3.1/../../../../arm-none-eabi/lib/thumb/v7e-m+fp/hard/libc_nano.a
END GROUP
START GROUP
LOAD /home/breno/.local/share/stm32cube/bundles/gnu-tools-for-stm32/14.3.1+st.2/bin/../lib/gcc/arm-none-eabi/14.3.1/thumb/v7e-m+fp/hard/libgcc.a
LOAD /home/breno/.local/share/stm32cube/bundles/gnu-tools-for-stm32/14.3.1+st.2/bin/../lib/gcc/arm-none-eabi/14.3.1/../../../../arm-none-eabi/lib/thumb/v7e-m+fp/hard/libc_nano.a
END GROUP
LOAD /home/breno/.local/share/stm32cube/bundles/gnu-tools-for-stm32/14.3.1+st.2/bin/../lib/gcc/arm-none-eabi/14.3.1/thumb/v7e-m+fp/hard/crtend.o
LOAD /home/breno/.local/share/stm32cube/bundles/gnu-tools-for-stm32/14.3.1+st.2/bin/../lib/gcc/arm-none-eabi/14.3.1/thumb/v7e-m+fp/hard/crtn.o
                0x20020000                        _estack = (ORIGIN (RAM) + LENGTH (RAM))
                0x2001fc00                        _sstack = (_estack - _Min_Stack_Size)
                0x00000200                        _Min_Heap_Size = 0x200
                0x00000400                        _Min_Stack_Size = 0x400

.isr_vector     0x08000000      0x198
                0x08000000                        . = ALIGN (0x4)
 *(.isr_vector)
 .isr_vector    0x08000000      0x198 Firmware/CMakeFiles/Firmware.dir/startup_stm32f411xe.s.obj
                0x08000000                g_pfnVectors
                0x08000198                        . = ALIGN (0x4)

.text           0x080001a0     0xb9b4
                0x080001a0                        . = ALIGN (0x4)
 *(.text)
 .text          0x080001a0       0x40 /home/breno/.local/share/stm32cube/bundles/gnu-tools-for-stm32/14.3.1+st.2/bin/../lib/gcc/arm-none-eabi/14.3.1/thumb/v7e-m+fp/hard/crtbegin.o
 .text          0x080001e0      0x378 /home/breno/.local/share/stm32cube/bundles/gnu-tools-for-stm32/14.3.1+st.2/bin/../lib/gcc/arm-none-eabi/14.3.1/thumb/v7e-m+fp/hard/libgcc.a(_arm_addsubdf3.o)
                0x080001e0                __aeabi_drsub
                0x080001e8                __aeabi_dsub
                0x080001e8                __subdf3
                0x080001ec                __adddf3
                0x080001ec                __aeabi_dadd
                0x08000464                __aeabi_ui2d
                0x08000464                __floatunsidf
                0x08000484                __floatsidf
                0x08000484                __aeabi_i2d
                0x080004a8                __extendsfdf2
                0x080004a8                __aeabi_f2d
                0x080004ec                __aeabi_ul2d
                0x080004ec                __floatundidf
                0x080004fc                __floatdidf
                0x080004fc                __aeabi_l2d
 .text          0x08000558       0x30 /home/breno/.local/share/stm32cube/bundles/gnu-tools-for-stm32/14.3.1+st.2/bin/../lib/gcc/arm-none-eabi/14.3.1/thumb/v7e-m+fp/hard/libgcc.a(_aeabi_uldivmod.o)
                0x08000558                __aeabi_uldivmod
 .text          0x08000588      0x2f8 /home/breno/.local/share/stm32cube/bundles/gnu-tools-for-stm32/14.3.1+st.2/bin/../lib/gcc/arm-none-eabi/14.3.1/thumb/v7e-m+fp/hard/libgcc.a(_udivmoddi4.o)
                0x08000588                __udivmoddi4
 .text          0x08000880        0x4 /home/breno/.local/share/stm32cube/bundles/gnu-tools-for-stm32/14.3.1+st.2/bin/../lib/gcc/arm-none-eabi/14.3.1/thumb/v7e-m+fp/hard/libgcc.a(_dvmd_tls.o)
                0x08000880                __aeabi_ldiv0
                0x08000880                __aeabi_idiv0
 *fill*         0x08000884        0xc 
 .text          0x08000890       0xa0 /home/breno/.local/share/stm32cube/bundles/gnu-tools-for-stm32/14.3.1+st.2/bin/../lib/gcc/arm-none-eabi/14.3.1/../../../../arm-none-eabi/lib/thumb/v7e-m+fp/hard/libg_nano.a(libc_a-memchr.o)
                0x08000890                memchr
 .text          0x08000930       0x10 /home/breno/.local/share/stm32cube/bundles/gnu-tools-for-stm32/14.3.1+st.2/bin/../lib/gcc/arm-none-eabi/14.3.1/../../../../arm-none-eabi/lib/thumb/v7e-m+fp/hard/libg_nano.a(libc_a-strlen.o)
                0x08000930                strlen
 .text          0x08000940      0x424 /home/breno/.local/share/stm32cube/bundles/gnu-tools-for-stm32/14.3.1+st.2/bin/../lib/gcc/arm-none-eabi/14.3.1/thumb/v7e-m+fp/hard/libgcc.a(_arm_muldivdf3.o)
                0x08000940                __aeabi_dmul
                0x08000940                __muldf3
                0x08000b94                __aeabi_ddiv
                0x08000b94                __divdf3
 .text          0x08000d64      0x110 /home/breno/.local/share/stm32cube/bundles/gnu-tools-for-stm32/14.3.1+st.2/bin/../lib/gcc/arm-none-eabi/14.3.1/thumb/v7e-m+fp/hard/libgcc.a(_arm_cmpdf2.o)
                0x08000d64                __gtdf2
                0x08000d64                __gedf2
                0x08000d6c                __ltdf2
                0x08000d6c                __ledf2
                0x08000d74                __cmpdf2
                0x08000d74                __eqdf2
                0x08000d74                __nedf2
                0x08000df0                __aeabi_cdrcmple
                0x08000e00                __aeabi_cdcmple
                0x08000e00                __aeabi_cdcmpeq
                0x08000e10                __aeabi_dcmpeq
                0x08000e24                __aeabi_dcmplt
                0x08000e38                __aeabi_dcmple
                0x08000e4c                __aeabi_dcmpge
                0x08000e60                __aeabi_dcmpgt
 .text          0x08000e74       0x2c /home/breno/.local/share/stm32cube/bundles/gnu-tools-for-stm32/14.3.1+st.2/bin/../lib/gcc/arm-none-eabi/14.3.1/thumb/v7e-m+fp/hard/libgcc.a(_arm_unorddf2.o)
                0x08000e74                __aeabi_dcmpun
                0x08000e74                __unorddf2
 .text          0x08000ea0       0x50 /home/breno/.local/share/stm32cube/bundles/gnu-tools-for-stm32/14.3.1+st.2/bin/../lib/gcc/arm-none-eabi/14.3.1/thumb/v7e-m+fp/hard/libgcc.a(_arm_fixdfsi.o)
                0x08000ea0                __fixdfsi
                0x08000ea0                __aeabi_d2iz
 *(.text*)
 .text.SystemInit
                0x08000ef0       0x24 Firmware/cmake/stm32cubemx/CMakeFiles/STM32_Drivers.dir/__/__/Core/Src/system_stm32f4xx.c.obj
                0x08000ef0                SystemInit
 .text.HAL_PCD_Init
                0x08000f14      0x21e Firmware/cmake/stm32cubemx/CMakeFiles/STM32_Drivers.dir/__/__/Drivers/STM32F4xx_HAL_Driver/Src/stm32f4xx_hal_pcd.c.obj
                0x08000f14                HAL_PCD_Init
 .text.HAL_PCD_Start
                0x08001132       0x6a Firmware/cmake/stm32cubemx/CMakeFiles/STM32_Drivers.dir/__/__/Drivers/STM32F4xx_HAL_Driver/Src/stm32f4xx_hal_pcd.c.obj
                0x08001132                HAL_PCD_Start
 .text.HAL_PCD_IRQHandler
                0x0800119c      0x942 Firmware/cmake/stm32cubemx/CMakeFiles/STM32_Drivers.dir/__/__/Drivers/STM32F4xx_HAL_Driver/Src/stm32f4xx_hal_pcd.c.obj
                0x0800119c                HAL_PCD_IRQHandler
 .text.HAL_PCD_SetAddress
                0x08001ade       0x48 Firmware/cmake/stm32cubemx/CMakeFiles/STM32_Drivers.dir/__/__/Drivers/STM32F4xx_HAL_Driver/Src/stm32f4xx_hal_pcd.c.obj
                0x08001ade                HAL_PCD_SetAddress
 .text.HAL_PCD_EP_Open
                0x08001b26       0xd4 Firmware/cmake/stm32cubemx/CMakeFiles/STM32_Drivers.dir/__/__/Drivers/STM32F4xx_HAL_Driver/Src/stm32f4xx_hal_pcd.c.obj
                0x08001b26                HAL_PCD_EP_Open
 .text.HAL_PCD_EP_Close
                0x08001bfa       0x94 Firmware/cmake/stm32cubemx/CMakeFiles/STM32_Drivers.dir/__/__/Drivers/STM32F4xx_HAL_Driver/Src/stm32f4xx_hal_pcd.c.obj
                0x08001bfa                HAL_PCD_EP_Close
 .text.HAL_PCD_EP_Receive
                0x08001c8e       0x76 Firmware/cmake/stm32cubemx/CMakeFiles/STM32_Drivers.dir/__/__/Drivers/STM32F4xx_HAL_Driver/Src/stm32f4xx_hal_pcd.c.obj
                0x08001c8e                HAL_PCD_EP_Receive
 .text.HAL_PCD_EP_GetRxCount
                0x08001d04       0x30 Firmware/cmake/stm32cubemx/CMakeFiles/STM32_Drivers.dir/__/__/Drivers/STM32F4xx_HAL_Driver/Src/stm32f4xx_hal_pcd.c.obj
                0x08001d04                HAL_PCD_EP_GetRxCount
 .text.HAL_PCD_EP_Transmit
                0x08001d34       0x74 Firmware/cmake/stm32cubemx/CMakeFiles/STM32_Drivers.dir/__/__/Drivers/STM32F4xx_HAL_Driver/Src/stm32f4xx_hal_pcd.c.obj
                0x08001d34                HAL_PCD_EP_Transmit
 .text.HAL_PCD_EP_SetStall
                0x08001da8       0xc6 Firmware/cmake/stm32cubemx/CMakeFiles/STM32_Drivers.dir/__/__/Drivers/STM32F4xx_HAL_Driver/Src/stm32f4xx_hal_pcd.c.obj
                0x08001da8                HAL_PCD_EP_SetStall
 .text.HAL_PCD_EP_ClrStall
                0x08001e6e       0xac Firmware/cmake/stm32cubemx/CMakeFiles/STM32_Drivers.dir/__/__/Drivers/STM32F4xx_HAL_Driver/Src/stm32f4xx_hal_pcd.c.obj
                0x08001e6e                HAL_PCD_EP_ClrStall
 .text.HAL_PCD_EP_Abort
                0x08001f1a       0x62 Firmware/cmake/stm32cubemx/CMakeFiles/STM32_Drivers.dir/__/__/Drivers/STM32F4xx_HAL_Driver/Src/stm32f4xx_hal_pcd.c.obj
                0x08001f1a                HAL_PCD_EP_Abort
 .text.PCD_WriteEmptyTxFifo
                0x08001f7c      0x118 Firmware/cmake/stm32cubemx/CMakeFiles/STM32_Drivers.dir/__/__/Drivers/STM32F4xx_HAL_Driver/Src/stm32f4xx_hal_pcd.c.obj
 .text.PCD_EP_OutXfrComplete_int
                0x08002094      0x1d0 Firmware/cmake/stm32cubemx/CMakeFiles/STM32_Drivers.dir/__/__/Drivers/STM32F4xx_HAL_Driver/Src/stm32f4xx_hal_pcd.c.obj
 .text.PCD_EP_OutSetupPacket_int
                0x08002264       0x8c Firmware/cmake/stm32cubemx/CMakeFiles/STM32_Drivers.dir/__/__/Drivers/STM32F4xx_HAL_Driver/Src/stm32f4xx_hal_pcd.c.obj
 .text.HAL_PCDEx_SetTxFiFo
                0x080022f0       0x8e Firmware/cmake/stm32cubemx/CMakeFiles/STM32_Drivers.dir/__/__/Drivers/STM32F4xx_HAL_Driver/Src/stm32f4xx_hal_pcd_ex.c.obj
                0x080022f0                HAL_PCDEx_SetTxFiFo
 .text.HAL_PCDEx_SetRxFiFo
                0x0800237e       0x22 Firmware/cmake/stm32cubemx/CMakeFiles/STM32_Drivers.dir/__/__/Drivers/STM32F4xx_HAL_Driver/Src/stm32f4xx_hal_pcd_ex.c.obj
                0x0800237e                HAL_PCDEx_SetRxFiFo
 .text.HAL_PCDEx_LPM_Callback
                0x080023a0       0x18 Firmware/cmake/stm32cubemx/CMakeFiles/STM32_Drivers.dir/__/__/Drivers/STM32F4xx_HAL_Driver/Src/stm32f4xx_hal_pcd_ex.c.obj
                0x080023a0                HAL_PCDEx_LPM_Callback
 .text.USB_CoreInit
                0x080023b8       0xc8 Firmware/cmake/stm32cubemx/CMakeFiles/STM32_Drivers.dir/__/__/Drivers/STM32F4xx_HAL_Driver/Src/stm32f4xx_ll_usb.c.obj
                0x080023b8                USB_CoreInit
 .text.USB_SetTurnaroundTime
                0x08002480      0x144 Firmware/cmake/stm32cubemx/CMakeFiles/STM32_Drivers.dir/__/__/Drivers/STM32F4xx_HAL_Driver/Src/stm32f4xx_ll_usb.c.obj
                0x08002480                USB_SetTurnaroundTime
 .text.USB_EnableGlobalInt
                0x080025c4       0x22 Firmware/cmake/stm32cubemx/CMakeFiles/STM32_Drivers.dir/__/__/Drivers/STM32F4xx_HAL_Driver/Src/stm32f4xx_ll_usb.c.obj
                0x080025c4                USB_EnableGlobalInt
 .text.USB_DisableGlobalInt
                0x080025e6       0x22 Firmware/cmake/stm32cubemx/CMakeFiles/STM32_Drivers.dir/__/__/Drivers/STM32F4xx_HAL_Driver/Src/stm32f4xx_ll_usb.c.obj
                0x080025e6                USB_DisableGlobalInt
 .text.USB_SetCurrentMode
                0x08002608       0x98 Firmware/cmake/stm32cubemx/CMakeFiles/STM32_Drivers.dir/__/__/Drivers/STM32F4xx_HAL_Driver/Src/stm32f4xx_ll_usb.c.obj
                0x08002608                USB_SetCurrentMode
 .text.USB_DevInit
                0x080026a0      0x2c8 Firmware/cmake/stm32cubemx/CMakeFiles/STM32_Drivers.dir/__/__/Drivers/STM32F4xx_HAL_Driver/Src/stm32f4xx_ll_usb.c.obj
                0x080026a0                USB_DevInit
 .text.USB_FlushTxFifo
                0x08002968       0x64 Firmware/cmake/stm32cubemx/CMakeFiles/STM32_Drivers.dir/__/__/Drivers/STM32F4xx_HAL_Driver/Src/stm32f4xx_ll_usb.c.obj
                0x08002968                USB_FlushTxFifo
 .text.USB_FlushRxFifo
                0x080029cc       0x5c Firmware/cmake/stm32cubemx/CMakeFiles/STM32_Drivers.dir/__/__/Drivers/STM32F4xx_HAL_Driver/Src/stm32f4xx_ll_usb.c.obj
                0x080029cc                USB_FlushRxFifo
 .text.USB_SetDevSpeed
                0x08002a28       0x32 Firmware/cmake/stm32cubemx/CMakeFiles/STM32_Drivers.dir/__/__/Drivers/STM32F4xx_HAL_Driver/Src/stm32f4xx_ll_usb.c.obj
                0x08002a28                USB_SetDevSpeed
 .text.USB_GetDevSpeed
                0x08002a5a       0x4a Firmware/cmake/stm32cubemx/CMakeFiles/STM32_Drivers.dir/__/__/Drivers/STM32F4xx_HAL_Driver/Src/stm32f4xx_ll_usb.c.obj
                0x08002a5a                USB_GetDevSpeed
 .text.USB_ActivateEndpoint
                0x08002aa4      0x10e Firmware/cmake/stm32cubemx/CMakeFiles/STM32_Drivers.dir/__/__/Drivers/STM32F4xx_HAL_Driver/Src/stm32f4xx_ll_usb.c.obj
                0x08002aa4                USB_ActivateEndpoint
 *fill*         0x08002bb2        0x2 
 .text.USB_DeactivateEndpoint
                0x08002bb4      0x1b8 Firmware/cmake/stm32cubemx/CMakeFiles/STM32_Drivers.dir/__/__/Drivers/STM32F4xx_HAL_Driver/Src/stm32f4xx_ll_usb.c.obj
                0x08002bb4                USB_DeactivateEndpoint
 .text.USB_EPStartXfer
                0x08002d6c      0x53c Firmware/cmake/stm32cubemx/CMakeFiles/STM32_Drivers.dir/__/__/Drivers/STM32F4xx_HAL_Driver/Src/stm32f4xx_ll_usb.c.obj
                0x08002d6c                USB_EPStartXfer
 .text.USB_EPStopXfer
                0x080032a8      0x154 Firmware/cmake/stm32cubemx/CMakeFiles/STM32_Drivers.dir/__/__/Drivers/STM32F4xx_HAL_Driver/Src/stm32f4xx_ll_usb.c.obj
                0x080032a8                USB_EPStopXfer
 .text.USB_WritePacket
                0x080033fc       0x7c Firmware/cmake/stm32cubemx/CMakeFiles/STM32_Drivers.dir/__/__/Drivers/STM32F4xx_HAL_Driver/Src/stm32f4xx_ll_usb.c.obj
                0x080033fc                USB_WritePacket
 .text.USB_ReadPacket
                0x08003478       0xb0 Firmware/cmake/stm32cubemx/CMakeFiles/STM32_Drivers.dir/__/__/Drivers/STM32F4xx_HAL_Driver/Src/stm32f4xx_ll_usb.c.obj
                0x08003478                USB_ReadPacket
 .text.USB_EPSetStall
                0x08003528       0xdc Firmware/cmake/stm32cubemx/CMakeFiles/STM32_Drivers.dir/__/__/Drivers/STM32F4xx_HAL_Driver/Src/stm32f4xx_ll_usb.c.obj
                0x08003528                USB_EPSetStall
 .text.USB_EPClearStall
                0x08003604       0xcc Firmware/cmake/stm32cubemx/CMakeFiles/STM32_Drivers.dir/__/__/Drivers/STM32F4xx_HAL_Driver/Src/stm32f4xx_ll_usb.c.obj
                0x08003604                USB_EPClearStall
 .text.USB_SetDevAddress
                0x080036d0       0x4c Firmware/cmake/stm32cubemx/CMakeFiles/STM32_Drivers.dir/__/__/Drivers/STM32F4xx_HAL_Driver/Src/stm32f4xx_ll_usb.c.obj
                0x080036d0                USB_SetDevAddress
 .text.USB_DevConnect
                0x0800371c       0x42 Firmware/cmake/stm32cubemx/CMakeFiles/STM32_Drivers.dir/__/__/Drivers/STM32F4xx_HAL_Driver/Src/stm32f4xx_ll_usb.c.obj
                0x0800371c                USB_DevConnect
 .text.USB_DevDisconnect
                0x0800375e       0x42 Firmware/cmake/stm32cubemx/CMakeFiles/STM32_Drivers.dir/__/__/Drivers/STM32F4xx_HAL_Driver/Src/stm32f4xx_ll_usb.c.obj
                0x0800375e                USB_DevDisconnect
 .text.USB_ReadInterrupts
                0x080037a0       0x26 Firmware/cmake/stm32cubemx/CMakeFiles/STM32_Drivers.dir/__/__/Drivers/STM32F4xx_HAL_Driver/Src/stm32f4xx_ll_usb.c.obj
                0x080037a0                USB_ReadInterrupts
 .text.USB_ReadDevAllOutEpInterrupt
                0x080037c6       0x34 Firmware/cmake/stm32cubemx/CMakeFiles/STM32_Drivers.dir/__/__/Drivers/STM32F4xx_HAL_Driver/Src/stm32f4xx_ll_usb.c.obj
                0x080037c6                USB_ReadDevAllOutEpInterrupt
 .text.USB_ReadDevAllInEpInterrupt
                0x080037fa       0x34 Firmware/cmake/stm32cubemx/CMakeFiles/STM32_Drivers.dir/__/__/Drivers/STM32F4xx_HAL_Driver/Src/stm32f4xx_ll_usb.c.obj
                0x080037fa                USB_ReadDevAllInEpInterrupt
 .text.USB_ReadDevOutEPInterrupt
                0x0800382e       0x3c Firmware/cmake/stm32cubemx/CMakeFiles/STM32_Drivers.dir/__/__/Drivers/STM32F4xx_HAL_Driver/Src/stm32f4xx_ll_usb.c.obj
                0x0800382e                USB_ReadDevOutEPInterrupt
 .text.USB_ReadDevInEPInterrupt
                0x0800386a       0x5c Firmware/cmake/stm32cubemx/CMakeFiles/STM32_Drivers.dir/__/__/Drivers/STM32F4xx_HAL_Driver/Src/stm32f4xx_ll_usb.c.obj
                0x0800386a                USB_ReadDevInEPInterrupt
 .text.USB_GetMode
                0x080038c6       0x1c Firmware/cmake/stm32cubemx/CMakeFiles/STM32_Drivers.dir/__/__/Drivers/STM32F4xx_HAL_Driver/Src/stm32f4xx_ll_usb.c.obj
                0x080038c6                USB_GetMode
 .text.USB_ActivateSetup
                0x080038e2       0x46 Firmware/cmake/stm32cubemx/CMakeFiles/STM32_Drivers.dir/__/__/Drivers/STM32F4xx_HAL_Driver/Src/stm32f4xx_ll_usb.c.obj
                0x080038e2                USB_ActivateSetup
 .text.USB_EP0_OutStart
                0x08003928       0xbc Firmware/cmake/stm32cubemx/CMakeFiles/STM32_Drivers.dir/__/__/Drivers/STM32F4xx_HAL_Driver/Src/stm32f4xx_ll_usb.c.obj
                0x08003928                USB_EP0_OutStart
 .text.USB_CoreReset
                0x080039e4       0x70 Firmware/cmake/stm32cubemx/CMakeFiles/STM32_Drivers.dir/__/__/Drivers/STM32F4xx_HAL_Driver/Src/stm32f4xx_ll_usb.c.obj
 .text.HAL_RCC_OscConfig
                0x08003a54      0x4f0 Firmware/cmake/stm32cubemx/CMakeFiles/STM32_Drivers.dir/__/__/Drivers/STM32F4xx_HAL_Driver/Src/stm32f4xx_hal_rcc.c.obj
                0x08003a54                HAL_RCC_OscConfig
 .text.HAL_RCC_ClockConfig
                0x08003f44      0x1cc Firmware/cmake/stm32cubemx/CMakeFiles/STM32_Drivers.dir/__/__/Drivers/STM32F4xx_HAL_Driver/Src/stm32f4xx_hal_rcc.c.obj
                0x08003f44                HAL_RCC_ClockConfig
 .text.HAL_RCC_GetSysClockFreq
                0x08004110      0x188 Firmware/cmake/stm32cubemx/CMakeFiles/STM32_Drivers.dir/__/__/Drivers/STM32F4xx_HAL_Driver/Src/stm32f4xx_hal_rcc.c.obj
                0x08004110                HAL_RCC_GetSysClockFreq
 .text.HAL_RCC_GetHCLKFreq
                0x08004298       0x18 Firmware/cmake/stm32cubemx/CMakeFiles/STM32_Drivers.dir/__/__/Drivers/STM32F4xx_HAL_Driver/Src/stm32f4xx_hal_rcc.c.obj
                0x08004298                HAL_RCC_GetHCLKFreq
 .text.HAL_RCC_GetPCLK1Freq
                0x080042b0       0x28 Firmware/cmake/stm32cubemx/CMakeFiles/STM32_Drivers.dir/__/__/Drivers/STM32F4xx_HAL_Driver/Src/stm32f4xx_hal_rcc.c.obj
                0x080042b0                HAL_RCC_GetPCLK1Freq
 .text.HAL_GPIO_Init
                0x080042d8      0x308 Firmware/cmake/stm32cubemx/CMakeFiles/STM32_Drivers.dir/__/__/Drivers/STM32F4xx_HAL_Driver/Src/stm32f4xx_hal_gpio.c.obj
                0x080042d8                HAL_GPIO_Init
 .text.HAL_GPIO_WritePin
                0x080045e0       0x32 Firmware/cmake/stm32cubemx/CMakeFiles/STM32_Drivers.dir/__/__/Drivers/STM32F4xx_HAL_Driver/Src/stm32f4xx_hal_gpio.c.obj
                0x080045e0                HAL_GPIO_WritePin
 .text.HAL_GPIO_TogglePin
                0x08004612       0x34 Firmware/cmake/stm32cubemx/CMakeFiles/STM32_Drivers.dir/__/__/Drivers/STM32F4xx_HAL_Driver/Src/stm32f4xx_hal_gpio.c.obj
                0x08004612                HAL_GPIO_TogglePin
 *fill*         0x08004646        0x2 
 .text.__NVIC_SetPriorityGrouping
                0x08004648       0x48 Firmware/cmake/stm32cubemx/CMakeFiles/STM32_Drivers.dir/__/__/Drivers/STM32F4xx_HAL_Driver/Src/stm32f4xx_hal_cortex.c.obj
 .text.__NVIC_GetPriorityGrouping
                0x08004690       0x1c Firmware/cmake/stm32cubemx/CMakeFiles/STM32_Drivers.dir/__/__/Drivers/STM32F4xx_HAL_Driver/Src/stm32f4xx_hal_cortex.c.obj
 .text.__NVIC_EnableIRQ
                0x080046ac       0x3c Firmware/cmake/stm32cubemx/CMakeFiles/STM32_Drivers.dir/__/__/Drivers/STM32F4xx_HAL_Driver/Src/stm32f4xx_hal_cortex.c.obj
 .text.__NVIC_SetPriority
                0x080046e8       0x54 Firmware/cmake/stm32cubemx/CMakeFiles/STM32_Drivers.dir/__/__/Drivers/STM32F4xx_HAL_Driver/Src/stm32f4xx_hal_cortex.c.obj
 .text.NVIC_EncodePriority
                0x0800473c       0x66 Firmware/cmake/stm32cubemx/CMakeFiles/STM32_Drivers.dir/__/__/Drivers/STM32F4xx_HAL_Driver/Src/stm32f4xx_hal_cortex.c.obj
 *fill*         0x080047a2        0x2 
 .text.SysTick_Config
                0x080047a4       0x44 Firmware/cmake/stm32cubemx/CMakeFiles/STM32_Drivers.dir/__/__/Drivers/STM32F4xx_HAL_Driver/Src/stm32f4xx_hal_cortex.c.obj
 .text.HAL_NVIC_SetPriorityGrouping
                0x080047e8       0x16 Firmware/cmake/stm32cubemx/CMakeFiles/STM32_Drivers.dir/__/__/Drivers/STM32F4xx_HAL_Driver/Src/stm32f4xx_hal_cortex.c.obj
                0x080047e8                HAL_NVIC_SetPriorityGrouping
 .text.HAL_NVIC_SetPriority
                0x080047fe       0x38 Firmware/cmake/stm32cubemx/CMakeFiles/STM32_Drivers.dir/__/__/Drivers/STM32F4xx_HAL_Driver/Src/stm32f4xx_hal_cortex.c.obj
                0x080047fe                HAL_NVIC_SetPriority
 .text.HAL_NVIC_EnableIRQ
                0x08004836       0x1c Firmware/cmake/stm32cubemx/CMakeFiles/STM32_Drivers.dir/__/__/Drivers/STM32F4xx_HAL_Driver/Src/stm32f4xx_hal_cortex.c.obj
                0x08004836                HAL_NVIC_EnableIRQ
 .text.HAL_SYSTICK_Config
                0x08004852       0x18 Firmware/cmake/stm32cubemx/CMakeFiles/STM32_Drivers.dir/__/__/Drivers/STM32F4xx_HAL_Driver/Src/stm32f4xx_hal_cortex.c.obj
                0x08004852                HAL_SYSTICK_Config
 *fill*         0x0800486a        0x2 
 .text.HAL_Init
                0x0800486c       0x44 Firmware/cmake/stm32cubemx/CMakeFiles/STM32_Drivers.dir/__/__/Drivers/STM32F4xx_HAL_Driver/Src/stm32f4xx_hal.c.obj
                0x0800486c                HAL_Init
 .text.HAL_InitTick
                0x080048b0       0x60 Firmware/cmake/stm32cubemx/CMakeFiles/STM32_Drivers.dir/__/__/Drivers/STM32F4xx_HAL_Driver/Src/stm32f4xx_hal.c.obj
                0x080048b0                HAL_InitTick
 .text.HAL_IncTick
                0x08004910       0x28 Firmware/cmake/stm32cubemx/CMakeFiles/STM32_Drivers.dir/__/__/Drivers/STM32F4xx_HAL_Driver/Src/stm32f4xx_hal.c.obj
                0x08004910                HAL_IncTick
 .text.HAL_GetTick
                0x08004938       0x18 Firmware/cmake/stm32cubemx/CMakeFiles/STM32_Drivers.dir/__/__/Drivers/STM32F4xx_HAL_Driver/Src/stm32f4xx_hal.c.obj
                0x08004938                HAL_GetTick
 .text.HAL_Delay
                0x08004950       0x48 Firmware/cmake/stm32cubemx/CMakeFiles/STM32_Drivers.dir/__/__/Drivers/STM32F4xx_HAL_Driver/Src/stm32f4xx_hal.c.obj
                0x08004950                HAL_Delay
 .text.HAL_I2C_Init
                0x08004998      0x288 Firmware/cmake/stm32cubemx/CMakeFiles/STM32_Drivers.dir/__/__/Drivers/STM32F4xx_HAL_Driver/Src/stm32f4xx_hal_i2c.c.obj
                0x08004998                HAL_I2C_Init
 .text.HAL_I2C_Mem_Write
                0x08004c20      0x1f4 Firmware/cmake/stm32cubemx/CMakeFiles/STM32_Drivers.dir/__/__/Drivers/STM32F4xx_HAL_Driver/Src/stm32f4xx_hal_i2c.c.obj
                0x08004c20                HAL_I2C_Mem_Write
 .text.HAL_I2C_Mem_Read
                0x08004e14      0x464 Firmware/cmake/stm32cubemx/CMakeFiles/STM32_Drivers.dir/__/__/Drivers/STM32F4xx_HAL_Driver/Src/stm32f4xx_hal_i2c.c.obj
                0x08004e14                HAL_I2C_Mem_Read
 .text.I2C_RequestMemoryWrite
                0x08005278      0x12c Firmware/cmake/stm32cubemx/CMakeFiles/STM32_Drivers.dir/__/__/Drivers/STM32F4xx_HAL_Driver/Src/stm32f4xx_hal_i2c.c.obj
 .text.I2C_RequestMemoryRead
                0x080053a4      0x1d0 Firmware/cmake/stm32cubemx/CMakeFiles/STM32_Drivers.dir/__/__/Drivers/STM32F4xx_HAL_Driver/Src/stm32f4xx_hal_i2c.c.obj
 .text.I2C_WaitOnFlagUntilTimeout
                0x08005574       0xf4 Firmware/cmake/stm32cubemx/CMakeFiles/STM32_Drivers.dir/__/__/Drivers/STM32F4xx_HAL_Driver/Src/stm32f4xx_hal_i2c.c.obj
 .text.I2C_WaitOnMasterAddressFlagUntilTimeout
                0x08005668      0x140 Firmware/cmake/stm32cubemx/CMakeFiles/STM32_Drivers.dir/__/__/Drivers/STM32F4xx_HAL_Driver/Src/stm32f4xx_hal_i2c.c.obj
 .text.I2C_WaitOnTXEFlagUntilTimeout
                0x080057a8       0x90 Firmware/cmake/stm32cubemx/CMakeFiles/STM32_Drivers.dir/__/__/Drivers/STM32F4xx_HAL_Driver/Src/stm32f4xx_hal_i2c.c.obj
 .text.I2C_WaitOnBTFFlagUntilTimeout
                0x08005838       0x90 Firmware/cmake/stm32cubemx/CMakeFiles/STM32_Drivers.dir/__/__/Drivers/STM32F4xx_HAL_Driver/Src/stm32f4xx_hal_i2c.c.obj
 .text.I2C_WaitOnRXNEFlagUntilTimeout
                0x080058c8       0xba Firmware/cmake/stm32cubemx/CMakeFiles/STM32_Drivers.dir/__/__/Drivers/STM32F4xx_HAL_Driver/Src/stm32f4xx_hal_i2c.c.obj
 .text.I2C_IsAcknowledgeFailed
                0x08005982       0x5e Firmware/cmake/stm32cubemx/CMakeFiles/STM32_Drivers.dir/__/__/Drivers/STM32F4xx_HAL_Driver/Src/stm32f4xx_hal_i2c.c.obj
 .text.USBD_Init
                0x080059e0       0x60 Firmware/cmake/stm32cubemx/CMakeFiles/USB_Device_Library.dir/__/__/Middlewares/ST/STM32_USB_Device_Library/Core/Src/usbd_core.c.obj
                0x080059e0                USBD_Init
 .text.USBD_RegisterClass
                0x08005a40       0x6c Firmware/cmake/stm32cubemx/CMakeFiles/USB_Device_Library.dir/__/__/Middlewares/ST/STM32_USB_Device_Library/Core/Src/usbd_core.c.obj
                0x08005a40                USBD_RegisterClass
 .text.USBD_Start
                0x08005aac       0x18 Firmware/cmake/stm32cubemx/CMakeFiles/USB_Device_Library.dir/__/__/Middlewares/ST/STM32_USB_Device_Library/Core/Src/usbd_core.c.obj
                0x08005aac                USBD_Start
 .text.USBD_RunTestMode
                0x08005ac4       0x16 Firmware/cmake/stm32cubemx/CMakeFiles/USB_Device_Library.dir/__/__/Middlewares/ST/STM32_USB_Device_Library/Core/Src/usbd_core.c.obj
                0x08005ac4                USBD_RunTestMode
 .text.USBD_SetClassConfig
                0x08005ada       0x38 Firmware/cmake/stm32cubemx/CMakeFiles/USB_Device_Library.dir/__/__/Middlewares/ST/STM32_USB_Device_Library/Core/Src/usbd_core.c.obj
                0x08005ada                USBD_SetClassConfig
 .text.USBD_ClrClassConfig
                0x08005b12       0x34 Firmware/cmake/stm32cubemx/CMakeFiles/USB_Device_Library.dir/__/__/Middlewares/ST/STM32_USB_Device_Library/Core/Src/usbd_core.c.obj
                0x08005b12                USBD_ClrClassConfig
 .text.USBD_LL_SetupStage
                0x08005b46       0xaa Firmware/cmake/stm32cubemx/CMakeFiles/USB_Device_Library.dir/__/__/Middlewares/ST/STM32_USB_Device_Library/Core/Src/usbd_core.c.obj
                0x08005b46                USBD_LL_SetupStage
 .text.USBD_LL_DataOutStage
                0x08005bf0      0x178 Firmware/cmake/stm32cubemx/CMakeFiles/USB_Device_Library.dir/__/__/Middlewares/ST/STM32_USB_Device_Library/Core/Src/usbd_core.c.obj
                0x08005bf0                USBD_LL_DataOutStage
 .text.USBD_LL_DataInStage
                0x08005d68      0x176 Firmware/cmake/stm32cubemx/CMakeFiles/USB_Device_Library.dir/__/__/Middlewares/ST/STM32_USB_Device_Library/Core/Src/usbd_core.c.obj
                0x08005d68                USBD_LL_DataInStage
 .text.USBD_LL_Reset
                0x08005ede       0xa6 Firmware/cmake/stm32cubemx/CMakeFiles/USB_Device_Library.dir/__/__/Middlewares/ST/STM32_USB_Device_Library/Core/Src/usbd_core.c.obj
                0x08005ede                USBD_LL_Reset
 .text.USBD_LL_SetSpeed
                0x08005f84       0x20 Firmware/cmake/stm32cubemx/CMakeFiles/USB_Device_Library.dir/__/__/Middlewares/ST/STM32_USB_Device_Library/Core/Src/usbd_core.c.obj
                0x08005f84                USBD_LL_SetSpeed
 .text.USBD_LL_Suspend
                0x08005fa4       0x38 Firmware/cmake/stm32cubemx/CMakeFiles/USB_Device_Library.dir/__/__/Middlewares/ST/STM32_USB_Device_Library/Core/Src/usbd_core.c.obj
                0x08005fa4                USBD_LL_Suspend
 .text.USBD_LL_Resume
                0x08005fdc       0x30 Firmware/cmake/stm32cubemx/CMakeFiles/USB_Device_Library.dir/__/__/Middlewares/ST/STM32_USB_Device_Library/Core/Src/usbd_core.c.obj
                0x08005fdc                USBD_LL_Resume
 .text.USBD_LL_SOF
                0x0800600c       0x40 Firmware/cmake/stm32cubemx/CMakeFiles/USB_Device_Library.dir/__/__/Middlewares/ST/STM32_USB_Device_Library/Core/Src/usbd_core.c.obj
                0x0800600c                USBD_LL_SOF
 .text.USBD_LL_IsoINIncomplete
                0x0800604c       0x64 Firmware/cmake/stm32cubemx/CMakeFiles/USB_Device_Library.dir/__/__/Middlewares/ST/STM32_USB_Device_Library/Core/Src/usbd_core.c.obj
                0x0800604c                USBD_LL_IsoINIncomplete
 .text.USBD_LL_IsoOUTIncomplete
                0x080060b0       0x64 Firmware/cmake/stm32cubemx/CMakeFiles/USB_Device_Library.dir/__/__/Middlewares/ST/STM32_USB_Device_Library/Core/Src/usbd_core.c.obj
                0x080060b0                USBD_LL_IsoOUTIncomplete
 .text.USBD_LL_DevConnected
                0x08006114       0x16 Firmware/cmake/stm32cubemx/CMakeFiles/USB_Device_Library.dir/__/__/Middlewares/ST/STM32_USB_Device_Library/Core/Src/usbd_core.c.obj
                0x08006114                USBD_LL_DevConnected
 .text.USBD_LL_DevDisconnected
                0x0800612a       0x46 Firmware/cmake/stm32cubemx/CMakeFiles/USB_Device_Library.dir/__/__/Middlewares/ST/STM32_USB_Device_Library/Core/Src/usbd_core.c.obj
                0x0800612a                USBD_LL_DevDisconnected
 .text.USBD_CoreFindIF
                0x08006170       0x1a Firmware/cmake/stm32cubemx/CMakeFiles/USB_Device_Library.dir/__/__/Middlewares/ST/STM32_USB_Device_Library/Core/Src/usbd_core.c.obj
                0x08006170                USBD_CoreFindIF
 .text.USBD_CoreFindEP
                0x0800618a       0x1a Firmware/cmake/stm32cubemx/CMakeFiles/USB_Device_Library.dir/__/__/Middlewares/ST/STM32_USB_Device_Library/Core/Src/usbd_core.c.obj
                0x0800618a                USBD_CoreFindEP
 .text.USBD_GetEpDesc
                0x080061a4       0x70 Firmware/cmake/stm32cubemx/CMakeFiles/USB_Device_Library.dir/__/__/Middlewares/ST/STM32_USB_Device_Library/Core/Src/usbd_core.c.obj
                0x080061a4                USBD_GetEpDesc
 .text.USBD_GetNextDesc
                0x08006214       0x38 Firmware/cmake/stm32cubemx/CMakeFiles/USB_Device_Library.dir/__/__/Middlewares/ST/STM32_USB_Device_Library/Core/Src/usbd_core.c.obj
                0x08006214                USBD_GetNextDesc
 .text.SWAPBYTE
                0x0800624c       0x3e Firmware/cmake/stm32cubemx/CMakeFiles/USB_Device_Library.dir/__/__/Middlewares/ST/STM32_USB_Device_Library/Core/Src/usbd_ctlreq.c.obj
 *fill*         0x0800628a        0x2 
 .text.USBD_StdDevReq
                0x0800628c       0xe4 Firmware/cmake/stm32cubemx/CMakeFiles/USB_Device_Library.dir/__/__/Middlewares/ST/STM32_USB_Device_Library/Core/Src/usbd_ctlreq.c.obj
                0x0800628c                USBD_StdDevReq
 .text.USBD_StdItfReq
                0x08006370       0xd8 Firmware/cmake/stm32cubemx/CMakeFiles/USB_Device_Library.dir/__/__/Middlewares/ST/STM32_USB_Device_Library/Core/Src/usbd_ctlreq.c.obj
                0x08006370                USBD_StdItfReq
 .text.USBD_StdEPReq
                0x08006448      0x33e Firmware/cmake/stm32cubemx/CMakeFiles/USB_Device_Library.dir/__/__/Middlewares/ST/STM32_USB_Device_Library/Core/Src/usbd_ctlreq.c.obj
                0x08006448                USBD_StdEPReq
 *fill*         0x08006786        0x2 
 .text.USBD_GetDescriptor
                0x08006788      0x2d4 Firmware/cmake/stm32cubemx/CMakeFiles/USB_Device_Library.dir/__/__/Middlewares/ST/STM32_USB_Device_Library/Core/Src/usbd_ctlreq.c.obj
 .text.USBD_SetAddress
                0x08006a5c       0x88 Firmware/cmake/stm32cubemx/CMakeFiles/USB_Device_Library.dir/__/__/Middlewares/ST/STM32_USB_Device_Library/Core/Src/usbd_ctlreq.c.obj
 .text.USBD_SetConfig
                0x08006ae4      0x154 Firmware/cmake/stm32cubemx/CMakeFiles/USB_Device_Library.dir/__/__/Middlewares/ST/STM32_USB_Device_Library/Core/Src/usbd_ctlreq.c.obj
 .text.USBD_GetConfig
                0x08006c38       0x6c Firmware/cmake/stm32cubemx/CMakeFiles/USB_Device_Library.dir/__/__/Middlewares/ST/STM32_USB_Device_Library/Core/Src/usbd_ctlreq.c.obj
 .text.USBD_GetStatus
                0x08006ca4       0x68 Firmware/cmake/stm32cubemx/CMakeFiles/USB_Device_Library.dir/__/__/Middlewares/ST/STM32_USB_Device_Library/Core/Src/usbd_ctlreq.c.obj
 .text.USBD_SetFeature
                0x08006d0c       0x52 Firmware/cmake/stm32cubemx/CMakeFiles/USB_Device_Library.dir/__/__/Middlewares/ST/STM32_USB_Device_Library/Core/Src/usbd_ctlreq.c.obj
 .text.USBD_ClrFeature
                0x08006d5e       0x44 Firmware/cmake/stm32cubemx/CMakeFiles/USB_Device_Library.dir/__/__/Middlewares/ST/STM32_USB_Device_Library/Core/Src/usbd_ctlreq.c.obj
 .text.USBD_ParseSetupRequest
                0x08006da2       0x74 Firmware/cmake/stm32cubemx/CMakeFiles/USB_Device_Library.dir/__/__/Middlewares/ST/STM32_USB_Device_Library/Core/Src/usbd_ctlreq.c.obj
                0x08006da2                USBD_ParseSetupRequest
 .text.USBD_CtlError
                0x08006e16       0x22 Firmware/cmake/stm32cubemx/CMakeFiles/USB_Device_Library.dir/__/__/Middlewares/ST/STM32_USB_Device_Library/Core/Src/usbd_ctlreq.c.obj
                0x08006e16                USBD_CtlError
 .text.USBD_GetString
                0x08006e38       0xa4 Firmware/cmake/stm32cubemx/CMakeFiles/USB_Device_Library.dir/__/__/Middlewares/ST/STM32_USB_Device_Library/Core/Src/usbd_ctlreq.c.obj
                0x08006e38                USBD_GetString
 .text.USBD_GetLen
                0x08006edc       0x34 Firmware/cmake/stm32cubemx/CMakeFiles/USB_Device_Library.dir/__/__/Middlewares/ST/STM32_USB_Device_Library/Core/Src/usbd_ctlreq.c.obj
 .text.USBD_CtlSendData
                0x08006f10       0x3c Firmware/cmake/stm32cubemx/CMakeFiles/USB_Device_Library.dir/__/__/Middlewares/ST/STM32_USB_Device_Library/Core/Src/usbd_ioreq.c.obj
                0x08006f10                USBD_CtlSendData
 .text.USBD_CtlContinueSendData
                0x08006f4c       0x22 Firmware/cmake/stm32cubemx/CMakeFiles/USB_Device_Library.dir/__/__/Middlewares/ST/STM32_USB_Device_Library/Core/Src/usbd_ioreq.c.obj
                0x08006f4c                USBD_CtlContinueSendData
 .text.USBD_CtlPrepareRx
                0x08006f6e       0x42 Firmware/cmake/stm32cubemx/CMakeFiles/USB_Device_Library.dir/__/__/Middlewares/ST/STM32_USB_Device_Library/Core/Src/usbd_ioreq.c.obj
                0x08006f6e                USBD_CtlPrepareRx
 .text.USBD_CtlContinueRx
                0x08006fb0       0x22 Firmware/cmake/stm32cubemx/CMakeFiles/USB_Device_Library.dir/__/__/Middlewares/ST/STM32_USB_Device_Library/Core/Src/usbd_ioreq.c.obj
                0x08006fb0                USBD_CtlContinueRx
 .text.USBD_CtlSendStatus
                0x08006fd2       0x26 Firmware/cmake/stm32cubemx/CMakeFiles/USB_Device_Library.dir/__/__/Middlewares/ST/STM32_USB_Device_Library/Core/Src/usbd_ioreq.c.obj
                0x08006fd2                USBD_CtlSendStatus
 .text.USBD_CtlReceiveStatus
                0x08006ff8       0x26 Firmware/cmake/stm32cubemx/CMakeFiles/USB_Device_Library.dir/__/__/Middlewares/ST/STM32_USB_Device_Library/Core/Src/usbd_ioreq.c.obj
                0x08006ff8                USBD_CtlReceiveStatus
 *fill*         0x0800701e        0x2 
 .text.USBD_CDC_Init
                0x08007020      0x1f0 Firmware/cmake/stm32cubemx/CMakeFiles/USB_Device_Library.dir/__/__/Middlewares/ST/STM32_USB_Device_Library/Class/CDC/Src/usbd_cdc.c.obj
 .text.USBD_CDC_DeInit
                0x08007210      0x104 Firmware/cmake/stm32cubemx/CMakeFiles/USB_Device_Library.dir/__/__/Middlewares/ST/STM32_USB_Device_Library/Class/CDC/Src/usbd_cdc.c.obj
 .text.USBD_CDC_Setup
                0x08007314      0x1b8 Firmware/cmake/stm32cubemx/CMakeFiles/USB_Device_Library.dir/__/__/Middlewares/ST/STM32_USB_Device_Library/Class/CDC/Src/usbd_cdc.c.obj
 .text.USBD_CDC_DataIn
                0x080074cc       0xfe Firmware/cmake/stm32cubemx/CMakeFiles/USB_Device_Library.dir/__/__/Middlewares/ST/STM32_USB_Device_Library/Class/CDC/Src/usbd_cdc.c.obj
 .text.USBD_CDC_DataOut
                0x080075ca       0x70 Firmware/cmake/stm32cubemx/CMakeFiles/USB_Device_Library.dir/__/__/Middlewares/ST/STM32_USB_Device_Library/Class/CDC/Src/usbd_cdc.c.obj
 .text.USBD_CDC_EP0_RxReady
                0x0800763a       0x74 Firmware/cmake/stm32cubemx/CMakeFiles/USB_Device_Library.dir/__/__/Middlewares/ST/STM32_USB_Device_Library/Class/CDC/Src/usbd_cdc.c.obj
 *fill*         0x080076ae        0x2 
 .text.USBD_CDC_GetFSCfgDesc
                0x080076b0       0x70 Firmware/cmake/stm32cubemx/CMakeFiles/USB_Device_Library.dir/__/__/Middlewares/ST/STM32_USB_Device_Library/Class/CDC/Src/usbd_cdc.c.obj
 .text.USBD_CDC_GetHSCfgDesc
                0x08007720       0x70 Firmware/cmake/stm32cubemx/CMakeFiles/USB_Device_Library.dir/__/__/Middlewares/ST/STM32_USB_Device_Library/Class/CDC/Src/usbd_cdc.c.obj
 .text.USBD_CDC_GetOtherSpeedCfgDesc
                0x08007790       0x70 Firmware/cmake/stm32cubemx/CMakeFiles/USB_Device_Library.dir/__/__/Middlewares/ST/STM32_USB_Device_Library/Class/CDC/Src/usbd_cdc.c.obj
 .text.USBD_CDC_GetDeviceQualifierDescriptor
                0x08007800       0x20 Firmware/cmake/stm32cubemx/CMakeFiles/USB_Device_Library.dir/__/__/Middlewares/ST/STM32_USB_Device_Library/Class/CDC/Src/usbd_cdc.c.obj
                0x08007800                USBD_CDC_GetDeviceQualifierDescriptor
 .text.USBD_CDC_RegisterInterface
                0x08007820       0x34 Firmware/cmake/stm32cubemx/CMakeFiles/USB_Device_Library.dir/__/__/Middlewares/ST/STM32_USB_Device_Library/Class/CDC/Src/usbd_cdc.c.obj
                0x08007820                USBD_CDC_RegisterInterface
 .text.USBD_CDC_SetTxBuffer
                0x08007854       0x44 Firmware/cmake/stm32cubemx/CMakeFiles/USB_Device_Library.dir/__/__/Middlewares/ST/STM32_USB_Device_Library/Class/CDC/Src/usbd_cdc.c.obj
                0x08007854                USBD_CDC_SetTxBuffer
 .text.USBD_CDC_SetRxBuffer
                0x08007898       0x3a Firmware/cmake/stm32cubemx/CMakeFiles/USB_Device_Library.dir/__/__/Middlewares/ST/STM32_USB_Device_Library/Class/CDC/Src/usbd_cdc.c.obj
                0x08007898                USBD_CDC_SetRxBuffer
 *fill*         0x080078d2        0x2 
 .text.USBD_CDC_TransmitPacket
                0x080078d4       0x80 Firmware/cmake/stm32cubemx/CMakeFiles/USB_Device_Library.dir/__/__/Middlewares/ST/STM32_USB_Device_Library/Class/CDC/Src/usbd_cdc.c.obj
                0x080078d4                USBD_CDC_TransmitPacket
 .text.USBD_CDC_ReceivePacket
                0x08007954       0x6c Firmware/cmake/stm32cubemx/CMakeFiles/USB_Device_Library.dir/__/__/Middlewares/ST/STM32_USB_Device_Library/Class/CDC/Src/usbd_cdc.c.obj
                0x08007954                USBD_CDC_ReceivePacket
 .text.HAL_PCD_MspInit
                0x080079c0       0xa8 Firmware/CMakeFiles/Firmware.dir/USB_DEVICE/Target/usbd_conf.c.obj
                0x080079c0                HAL_PCD_MspInit
 .text.HAL_PCD_SetupStageCallback
                0x08007a68       0x24 Firmware/CMakeFiles/Firmware.dir/USB_DEVICE/Target/usbd_conf.c.obj
                0x08007a68                HAL_PCD_SetupStageCallback
 .text.HAL_PCD_DataOutStageCallback
                0x08007a8c       0x36 Firmware/CMakeFiles/Firmware.dir/USB_DEVICE/Target/usbd_conf.c.obj
                0x08007a8c                HAL_PCD_DataOutStageCallback
 .text.HAL_PCD_DataInStageCallback
                0x08007ac2       0x34 Firmware/CMakeFiles/Firmware.dir/USB_DEVICE/Target/usbd_conf.c.obj
                0x08007ac2                HAL_PCD_DataInStageCallback
 .text.HAL_PCD_SOFCallback
                0x08007af6       0x1c Firmware/CMakeFiles/Firmware.dir/USB_DEVICE/Target/usbd_conf.c.obj
                0x08007af6                HAL_PCD_SOFCallback
 .text.HAL_PCD_ResetCallback
                0x08007b12       0x3c Firmware/CMakeFiles/Firmware.dir/USB_DEVICE/Target/usbd_conf.c.obj
                0x08007b12                HAL_PCD_ResetCallback
 *fill*         0x08007b4e        0x2 
 .text.HAL_PCD_SuspendCallback
                0x08007b50       0x4c Firmware/CMakeFiles/Firmware.dir/USB_DEVICE/Target/usbd_conf.c.obj
                0x08007b50                HAL_PCD_SuspendCallback
 .text.HAL_PCD_ResumeCallback
                0x08007b9c       0x1c Firmware/CMakeFiles/Firmware.dir/USB_DEVICE/Target/usbd_conf.c.obj
                0x08007b9c                HAL_PCD_ResumeCallback
 .text.HAL_PCD_ISOOUTIncompleteCallback
                0x08007bb8       0x24 Firmware/CMakeFiles/Firmware.dir/USB_DEVICE/Target/usbd_conf.c.obj
                0x08007bb8                HAL_PCD_ISOOUTIncompleteCallback
 .text.HAL_PCD_ISOINIncompleteCallback
                0x08007bdc       0x24 Firmware/CMakeFiles/Firmware.dir/USB_DEVICE/Target/usbd_conf.c.obj
                0x08007bdc                HAL_PCD_ISOINIncompleteCallback
 .text.HAL_PCD_ConnectCallback
                0x08007c00       0x1c Firmware/CMakeFiles/Firmware.dir/USB_DEVICE/Target/usbd_conf.c.obj
                0x08007c00                HAL_PCD_ConnectCallback
 .text.HAL_PCD_DisconnectCallback
                0x08007c1c       0x1c Firmware/CMakeFiles/Firmware.dir/USB_DEVICE/Target/usbd_conf.c.obj
                0x08007c1c                HAL_PCD_DisconnectCallback
 .text.USBD_LL_Init
                0x08007c38       0x98 Firmware/CMakeFiles/Firmware.dir/USB_DEVICE/Target/usbd_conf.c.obj
                0x08007c38                USBD_LL_Init
 .text.USBD_LL_Start
                0x08007cd0       0x36 Firmware/CMakeFiles/Firmware.dir/USB_DEVICE/Target/usbd_conf.c.obj
                0x08007cd0                USBD_LL_Start
 .text.USBD_LL_OpenEP
                0x08007d06       0x4c Firmware/CMakeFiles/Firmware.dir/USB_DEVICE/Target/usbd_conf.c.obj
                0x08007d06                USBD_LL_OpenEP
 .text.USBD_LL_CloseEP
                0x08007d52       0x3e Firmware/CMakeFiles/Firmware.dir/USB_DEVICE/Target/usbd_conf.c.obj
                0x08007d52                USBD_LL_CloseEP
 .text.USBD_LL_StallEP
                0x08007d90       0x3e Firmware/CMakeFiles/Firmware.dir/USB_DEVICE/Target/usbd_conf.c.obj
                0x08007d90                USBD_LL_StallEP
 .text.USBD_LL_ClearStallEP
                0x08007dce       0x3e Firmware/CMakeFiles/Firmware.dir/USB_DEVICE/Target/usbd_conf.c.obj
                0x08007dce                USBD_LL_ClearStallEP
 .text.USBD_LL_IsStallEP
                0x08007e0c       0x58 Firmware/CMakeFiles/Firmware.dir/USB_DEVICE/Target/usbd_conf.c.obj
                0x08007e0c                USBD_LL_IsStallEP
 .text.USBD_LL_SetUSBAddress
                0x08007e64       0x3e Firmware/CMakeFiles/Firmware.dir/USB_DEVICE/Target/usbd_conf.c.obj
                0x08007e64                USBD_LL_SetUSBAddress
 .text.USBD_LL_Transmit
                0x08007ea2       0x42 Firmware/CMakeFiles/Firmware.dir/USB_DEVICE/Target/usbd_conf.c.obj
                0x08007ea2                USBD_LL_Transmit
 .text.USBD_LL_PrepareReceive
                0x08007ee4       0x42 Firmware/CMakeFiles/Firmware.dir/USB_DEVICE/Target/usbd_conf.c.obj
                0x08007ee4                USBD_LL_PrepareReceive
 .text.USBD_LL_GetRxDataSize
                0x08007f26       0x26 Firmware/CMakeFiles/Firmware.dir/USB_DEVICE/Target/usbd_conf.c.obj
                0x08007f26                USBD_LL_GetRxDataSize
 .text.USBD_static_malloc
                0x08007f4c       0x1c Firmware/CMakeFiles/Firmware.dir/USB_DEVICE/Target/usbd_conf.c.obj
                0x08007f4c                USBD_static_malloc
 .text.USBD_static_free
                0x08007f68       0x14 Firmware/CMakeFiles/Firmware.dir/USB_DEVICE/Target/usbd_conf.c.obj
                0x08007f68                USBD_static_free
 .text.USBD_Get_USB_Status
                0x08007f7c       0x58 Firmware/CMakeFiles/Firmware.dir/USB_DEVICE/Target/usbd_conf.c.obj
                0x08007f7c                USBD_Get_USB_Status
 .text.MX_USB_DEVICE_Init
                0x08007fd4       0x60 Firmware/CMakeFiles/Firmware.dir/USB_DEVICE/App/usb_device.c.obj
                0x08007fd4                MX_USB_DEVICE_Init
 .text.USBD_FS_DeviceDescriptor
                0x08008034       0x24 Firmware/CMakeFiles/Firmware.dir/USB_DEVICE/App/usbd_desc.c.obj
                0x08008034                USBD_FS_DeviceDescriptor
 .text.USBD_FS_LangIDStrDescriptor
                0x08008058       0x24 Firmware/CMakeFiles/Firmware.dir/USB_DEVICE/App/usbd_desc.c.obj
                0x08008058                USBD_FS_LangIDStrDescriptor
 .text.USBD_FS_ProductStrDescriptor
                0x0800807c       0x3c Firmware/CMakeFiles/Firmware.dir/USB_DEVICE/App/usbd_desc.c.obj
                0x0800807c                USBD_FS_ProductStrDescriptor
 .text.USBD_FS_ManufacturerStrDescriptor
                0x080080b8       0x28 Firmware/CMakeFiles/Firmware.dir/USB_DEVICE/App/usbd_desc.c.obj
                0x080080b8                USBD_FS_ManufacturerStrDescriptor
 .text.USBD_FS_SerialStrDescriptor
                0x080080e0       0x24 Firmware/CMakeFiles/Firmware.dir/USB_DEVICE/App/usbd_desc.c.obj
                0x080080e0                USBD_FS_SerialStrDescriptor
 .text.USBD_FS_ConfigStrDescriptor
                0x08008104       0x3c Firmware/CMakeFiles/Firmware.dir/USB_DEVICE/App/usbd_desc.c.obj
                0x08008104                USBD_FS_ConfigStrDescriptor
 .text.USBD_FS_InterfaceStrDescriptor
                0x08008140       0x3c Firmware/CMakeFiles/Firmware.dir/USB_DEVICE/App/usbd_desc.c.obj
                0x08008140                USBD_FS_InterfaceStrDescriptor
 .text.Get_SerialNum
                0x0800817c       0x58 Firmware/CMakeFiles/Firmware.dir/USB_DEVICE/App/usbd_desc.c.obj
 .text.IntToUnicode
                0x080081d4       0x7e Firmware/CMakeFiles/Firmware.dir/USB_DEVICE/App/usbd_desc.c.obj
 *fill*         0x08008252        0x2 
 .text.CDC_Init_FS
                0x08008254       0x28 Firmware/CMakeFiles/Firmware.dir/USB_DEVICE/App/usbd_cdc_if.c.obj
 .text.CDC_DeInit_FS
                0x0800827c       0x10 Firmware/CMakeFiles/Firmware.dir/USB_DEVICE/App/usbd_cdc_if.c.obj
 .text.CDC_Control_FS
                0x0800828c       0xbc Firmware/CMakeFiles/Firmware.dir/USB_DEVICE/App/usbd_cdc_if.c.obj
 .text.CDC_Receive_FS
                0x08008348       0x28 Firmware/CMakeFiles/Firmware.dir/USB_DEVICE/App/usbd_cdc_if.c.obj
 .text.CDC_Transmit_FS
                0x08008370       0x4c Firmware/CMakeFiles/Firmware.dir/USB_DEVICE/App/usbd_cdc_if.c.obj
                0x08008370                CDC_Transmit_FS
 .text.CDC_TransmitCplt_FS
                0x080083bc       0x22 Firmware/CMakeFiles/Firmware.dir/USB_DEVICE/App/usbd_cdc_if.c.obj
 .text._write   0x080083de       0x22 Firmware/CMakeFiles/Firmware.dir/Core/Src/main.c.obj
                0x080083de                _write
 .text.main     0x08008400      0x134 Firmware/CMakeFiles/Firmware.dir/Core/Src/main.c.obj
                0x08008400                main
 .text.SystemClock_Config
                0x08008534       0xd0 Firmware/CMakeFiles/Firmware.dir/Core/Src/main.c.obj
                0x08008534                SystemClock_Config
 .text.MX_I2C1_Init
                0x08008604       0x5c Firmware/CMakeFiles/Firmware.dir/Core/Src/main.c.obj
 .text.MX_GPIO_Init
                0x08008660       0xc0 Firmware/CMakeFiles/Firmware.dir/Core/Src/main.c.obj
 .text.Error_Handler
                0x08008720        0xc Firmware/CMakeFiles/Firmware.dir/Core/Src/main.c.obj
                0x08008720                Error_Handler
 .text.NMI_Handler
                0x0800872c        0x8 Firmware/CMakeFiles/Firmware.dir/Core/Src/stm32f4xx_it.c.obj
                0x0800872c                NMI_Handler
 .text.HardFault_Handler
                0x08008734       0x30 Firmware/CMakeFiles/Firmware.dir/Core/Src/stm32f4xx_it.c.obj
                0x08008734                HardFault_Handler
 .text.MemManage_Handler
                0x08008764        0x8 Firmware/CMakeFiles/Firmware.dir/Core/Src/stm32f4xx_it.c.obj
                0x08008764                MemManage_Handler
 .text.BusFault_Handler
                0x0800876c        0x8 Firmware/CMakeFiles/Firmware.dir/Core/Src/stm32f4xx_it.c.obj
                0x0800876c                BusFault_Handler
 .text.UsageFault_Handler
                0x08008774        0x8 Firmware/CMakeFiles/Firmware.dir/Core/Src/stm32f4xx_it.c.obj
                0x08008774                UsageFault_Handler
 .text.SVC_Handler
                0x0800877c        0xe Firmware/CMakeFiles/Firmware.dir/Core/Src/stm32f4xx_it.c.obj
                0x0800877c                SVC_Handler
 .text.DebugMon_Handler
                0x0800878a        0xe Firmware/CMakeFiles/Firmware.dir/Core/Src/stm32f4xx_it.c.obj
                0x0800878a                DebugMon_Handler
 .text.PendSV_Handler
                0x08008798        0xe Firmware/CMakeFiles/Firmware.dir/Core/Src/stm32f4xx_it.c.obj
                0x08008798                PendSV_Handler
 .text.SysTick_Handler
                0x080087a6        0xc Firmware/CMakeFiles/Firmware.dir/Core/Src/stm32f4xx_it.c.obj
                0x080087a6                SysTick_Handler
 *fill*         0x080087b2        0x2 
 .text.OTG_FS_IRQHandler
                0x080087b4       0x14 Firmware/CMakeFiles/Firmware.dir/Core/Src/stm32f4xx_it.c.obj
                0x080087b4                OTG_FS_IRQHandler
 .text.HAL_MspInit
                0x080087c8       0x50 Firmware/CMakeFiles/Firmware.dir/Core/Src/stm32f4xx_hal_msp.c.obj
                0x080087c8                HAL_MspInit
 .text.HAL_I2C_MspInit
                0x08008818       0x90 Firmware/CMakeFiles/Firmware.dir/Core/Src/stm32f4xx_hal_msp.c.obj
                0x08008818                HAL_I2C_MspInit
 .text._sbrk    0x080088a8       0x6c Firmware/CMakeFiles/Firmware.dir/Core/Src/sysmem.c.obj
                0x080088a8                _sbrk
 .text._getpid  0x08008914       0x10 Firmware/CMakeFiles/Firmware.dir/Core/Src/syscalls.c.obj
                0x08008914                _getpid
 .text._kill    0x08008924       0x20 Firmware/CMakeFiles/Firmware.dir/Core/Src/syscalls.c.obj
                0x08008924                _kill
 .text._exit    0x08008944       0x16 Firmware/CMakeFiles/Firmware.dir/Core/Src/syscalls.c.obj
                0x08008944                _exit
 .text._read    0x0800895a       0x3a Firmware/CMakeFiles/Firmware.dir/Core/Src/syscalls.c.obj
                0x0800895a                _read
 .text._close   0x08008994       0x18 Firmware/CMakeFiles/Firmware.dir/Core/Src/syscalls.c.obj
                0x08008994                _close
 .text._fstat   0x080089ac       0x20 Firmware/CMakeFiles/Firmware.dir/Core/Src/syscalls.c.obj
                0x080089ac                _fstat
 .text._isatty  0x080089cc       0x16 Firmware/CMakeFiles/Firmware.dir/Core/Src/syscalls.c.obj
                0x080089cc                _isatty
 .text._lseek   0x080089e2       0x1a Firmware/CMakeFiles/Firmware.dir/Core/Src/syscalls.c.obj
                0x080089e2                _lseek
 .text.Reset_Handler
                0x080089fc       0x50 Firmware/CMakeFiles/Firmware.dir/startup_stm32f411xe.s.obj
                0x080089fc                Reset_Handler
 .text.Default_Handler
                0x08008a4c        0x2 Firmware/CMakeFiles/Firmware.dir/startup_stm32f411xe.s.obj
                0x08008a4c                RTC_Alarm_IRQHandler
                0x08008a4c                EXTI2_IRQHandler
                0x08008a4c                SPI4_IRQHandler
                0x08008a4c                TIM1_CC_IRQHandler
                0x08008a4c                DMA2_Stream5_IRQHandler
                0x08008a4c                DMA1_Stream5_IRQHandler
                0x08008a4c                PVD_IRQHandler
                0x08008a4c                SDIO_IRQHandler
                0x08008a4c                TAMP_STAMP_IRQHandler
                0x08008a4c                EXTI3_IRQHandler
                0x08008a4c                TIM1_UP_TIM10_IRQHandler
                0x08008a4c                I2C3_ER_IRQHandler
                0x08008a4c                EXTI0_IRQHandler
                0x08008a4c                I2C2_EV_IRQHandler
                0x08008a4c                DMA1_Stream2_IRQHandler
                0x08008a4c                FPU_IRQHandler
                0x08008a4c                DMA2_Stream2_IRQHandler
                0x08008a4c                SPI1_IRQHandler
                0x08008a4c                TIM1_BRK_TIM9_IRQHandler
                0x08008a4c                DMA2_Stream3_IRQHandler
                0x08008a4c                USART6_IRQHandler
                0x08008a4c                DMA2_Stream0_IRQHandler
                0x08008a4c                TIM4_IRQHandler
                0x08008a4c                I2C1_EV_IRQHandler
                0x08008a4c                DMA1_Stream6_IRQHandler
                0x08008a4c                DMA1_Stream1_IRQHandler
                0x08008a4c                TIM3_IRQHandler
                0x08008a4c                RCC_IRQHandler
                0x08008a4c                Default_Handler
                0x08008a4c                EXTI15_10_IRQHandler
                0x08008a4c                ADC_IRQHandler
                0x08008a4c                DMA1_Stream7_IRQHandler
                0x08008a4c                SPI5_IRQHandler
                0x08008a4c                TIM5_IRQHandler
                0x08008a4c                DMA2_Stream7_IRQHandler
                0x08008a4c                I2C3_EV_IRQHandler
                0x08008a4c                EXTI9_5_IRQHandler
                0x08008a4c                RTC_WKUP_IRQHandler
                0x08008a4c                SPI2_IRQHandler
                0x08008a4c                DMA1_Stream0_IRQHandler
                0x08008a4c                EXTI4_IRQHandler
                0x08008a4c                WWDG_IRQHandler
                0x08008a4c                TIM2_IRQHandler
                0x08008a4c                OTG_FS_WKUP_IRQHandler
                0x08008a4c                TIM1_TRG_COM_TIM11_IRQHandler
                0x08008a4c                EXTI1_IRQHandler
                0x08008a4c                USART2_IRQHandler
                0x08008a4c                I2C2_ER_IRQHandler
                0x08008a4c                DMA2_Stream1_IRQHandler
                0x08008a4c                FLASH_IRQHandler
                0x08008a4c                DMA2_Stream4_IRQHandler
                0x08008a4c                USART1_IRQHandler
                0x08008a4c                SPI3_IRQHandler
                0x08008a4c                DMA1_Stream4_IRQHandler
                0x08008a4c                I2C1_ER_IRQHandler
                0x08008a4c                DMA2_Stream6_IRQHandler
                0x08008a4c                DMA1_Stream3_IRQHandler
 *fill*         0x08008a4e        0x2 
 .text.mpu9250_get_accel_scale
                0x08008a50       0x74 Firmware/CMakeFiles/Firmware.dir/Drivers/MPU9250/mpu9250.c.obj
 .text.mpu9250_get_gyro_scale
                0x08008ac4       0x7c Firmware/CMakeFiles/Firmware.dir/Drivers/MPU9250/mpu9250.c.obj
 .text.mpu9250_apply_accel_range
                0x08008b40       0x56 Firmware/CMakeFiles/Firmware.dir/Drivers/MPU9250/mpu9250.c.obj
 .text.mpu9250_apply_gyro_range
                0x08008b96       0x56 Firmware/CMakeFiles/Firmware.dir/Drivers/MPU9250/mpu9250.c.obj
 .text.mpu9250_set_clock
                0x08008bec       0x26 Firmware/CMakeFiles/Firmware.dir/Drivers/MPU9250/mpu9250.c.obj
 .text.mpu9250_configure
                0x08008c12       0xa0 Firmware/CMakeFiles/Firmware.dir/Drivers/MPU9250/mpu9250.c.obj
 .text.mpu9250_init
                0x08008cb2       0xd2 Firmware/CMakeFiles/Firmware.dir/Drivers/MPU9250/mpu9250.c.obj
                0x08008cb2                mpu9250_init
 .text.mpu9250_read_data
                0x08008d84      0x1d0 Firmware/CMakeFiles/Firmware.dir/Drivers/MPU9250/mpu9250.c.obj
                0x08008d84                mpu9250_read_data
 .text.mpu9250_read_register
                0x08008f54       0x52 Firmware/CMakeFiles/Firmware.dir/Drivers/MPU9250/mpu9250.c.obj
                0x08008f54                mpu9250_read_register
 .text.mpu9250_write_register
                0x08008fa6       0x4e Firmware/CMakeFiles/Firmware.dir/Drivers/MPU9250/mpu9250.c.obj
                0x08008fa6                mpu9250_write_register
 .text.get_status
                0x08008ff4       0x38 Firmware/CMakeFiles/Firmware.dir/Drivers/Protocol/i2c_protocol.c.obj
 .text.i2c_protocol_init
                0x0800902c       0x36 Firmware/CMakeFiles/Firmware.dir/Drivers/Protocol/i2c_protocol.c.obj
                0x0800902c                i2c_protocol_init
 .text.i2c_protocol_read
                0x08009062       0x64 Firmware/CMakeFiles/Firmware.dir/Drivers/Protocol/i2c_protocol.c.obj
                0x08009062                i2c_protocol_read
 .text.i2c_protocol_write
                0x080090c6       0x64 Firmware/CMakeFiles/Firmware.dir/Drivers/Protocol/i2c_protocol.c.obj
                0x080090c6                i2c_protocol_write
 .text.__cvt    0x0800912a       0xca /home/breno/.local/share/stm32cube/bundles/gnu-tools-for-stm32/14.3.1+st.2/bin/../lib/gcc/arm-none-eabi/14.3.1/../../../../arm-none-eabi/lib/thumb/v7e-m+fp/hard/libg_nano.a(libc_a-nano-vfprintf_float.o)
                0x0800912a                __cvt
 .text.__exponent
                0x080091f4       0x74 /home/breno/.local/share/stm32cube/bundles/gnu-tools-for-stm32/14.3.1+st.2/bin/../lib/gcc/arm-none-eabi/14.3.1/../../../../arm-none-eabi/lib/thumb/v7e-m+fp/hard/libg_nano.a(libc_a-nano-vfprintf_float.o)
                0x080091f4                __exponent
 .text._printf_float
                0x08009268      0x450 /home/breno/.local/share/stm32cube/bundles/gnu-tools-for-stm32/14.3.1+st.2/bin/../lib/gcc/arm-none-eabi/14.3.1/../../../../arm-none-eabi/lib/thumb/v7e-m+fp/hard/libg_nano.a(libc_a-nano-vfprintf_float.o)
                0x08009268                _printf_float
 .text._printf_common
                0x080096b8       0xda /home/breno/.local/share/stm32cube/bundles/gnu-tools-for-stm32/14.3.1+st.2/bin/../lib/gcc/arm-none-eabi/14.3.1/../../../../arm-none-eabi/lib/thumb/v7e-m+fp/hard/libg_nano.a(libc_a-nano-vfprintf_i.o)
                0x080096b8                _printf_common
 *fill*         0x08009792        0x2 
 .text._printf_i
                0x08009794      0x24c /home/breno/.local/share/stm32cube/bundles/gnu-tools-for-stm32/14.3.1+st.2/bin/../lib/gcc/arm-none-eabi/14.3.1/../../../../arm-none-eabi/lib/thumb/v7e-m+fp/hard/libg_nano.a(libc_a-nano-vfprintf_i.o)
                0x08009794                _printf_i
 .text.std      0x080099e0       0x6c /home/breno/.local/share/stm32cube/bundles/gnu-tools-for-stm32/14.3.1+st.2/bin/../lib/gcc/arm-none-eabi/14.3.1/../../../../arm-none-eabi/lib/thumb/v7e-m+fp/hard/libg_nano.a(libc_a-findfp.o)
 .text.stdio_exit_handler
                0x08009a4c       0x18 /home/breno/.local/share/stm32cube/bundles/gnu-tools-for-stm32/14.3.1+st.2/bin/../lib/gcc/arm-none-eabi/14.3.1/../../../../arm-none-eabi/lib/thumb/v7e-m+fp/hard/libg_nano.a(libc_a-findfp.o)
 .text.cleanup_stdio
                0x08009a64       0x40 /home/breno/.local/share/stm32cube/bundles/gnu-tools-for-stm32/14.3.1+st.2/bin/../lib/gcc/arm-none-eabi/14.3.1/../../../../arm-none-eabi/lib/thumb/v7e-m+fp/hard/libg_nano.a(libc_a-findfp.o)
 .text.global_stdio_init.part.0
                0x08009aa4       0x40 /home/breno/.local/share/stm32cube/bundles/gnu-tools-for-stm32/14.3.1+st.2/bin/../lib/gcc/arm-none-eabi/14.3.1/../../../../arm-none-eabi/lib/thumb/v7e-m+fp/hard/libg_nano.a(libc_a-findfp.o)
 .text.__sfp_lock_acquire
                0x08009ae4        0xc /home/breno/.local/share/stm32cube/bundles/gnu-tools-for-stm32/14.3.1+st.2/bin/../lib/gcc/arm-none-eabi/14.3.1/../../../../arm-none-eabi/lib/thumb/v7e-m+fp/hard/libg_nano.a(libc_a-findfp.o)
                0x08009ae4                __sfp_lock_acquire
 .text.__sfp_lock_release
                0x08009af0        0xc /home/breno/.local/share/stm32cube/bundles/gnu-tools-for-stm32/14.3.1+st.2/bin/../lib/gcc/arm-none-eabi/14.3.1/../../../../arm-none-eabi/lib/thumb/v7e-m+fp/hard/libg_nano.a(libc_a-findfp.o)
                0x08009af0                __sfp_lock_release
 .text.__sinit  0x08009afc       0x30 /home/breno/.local/share/stm32cube/bundles/gnu-tools-for-stm32/14.3.1+st.2/bin/../lib/gcc/arm-none-eabi/14.3.1/../../../../arm-none-eabi/lib/thumb/v7e-m+fp/hard/libg_nano.a(libc_a-findfp.o)
                0x08009afc                __sinit
 .text._fwalk_sglue
                0x08009b2c       0x3c /home/breno/.local/share/stm32cube/bundles/gnu-tools-for-stm32/14.3.1+st.2/bin/../lib/gcc/arm-none-eabi/14.3.1/../../../../arm-none-eabi/lib/thumb/v7e-m+fp/hard/libg_nano.a(libc_a-fwalk.o)
                0x08009b2c                _fwalk_sglue
 .text.printf   0x08009b68       0x24 /home/breno/.local/share/stm32cube/bundles/gnu-tools-for-stm32/14.3.1+st.2/bin/../lib/gcc/arm-none-eabi/14.3.1/../../../../arm-none-eabi/lib/thumb/v7e-m+fp/hard/libg_nano.a(libc_a-printf.o)
                0x08009b68                printf
                0x08009b68                iprintf
 .text._puts_r  0x08009b8c       0xaa /home/breno/.local/share/stm32cube/bundles/gnu-tools-for-stm32/14.3.1+st.2/bin/../lib/gcc/arm-none-eabi/14.3.1/../../../../arm-none-eabi/lib/thumb/v7e-m+fp/hard/libg_nano.a(libc_a-puts.o)
                0x08009b8c                _puts_r
 *fill*         0x08009c36        0x2 
 .text.puts     0x08009c38       0x10 /home/breno/.local/share/stm32cube/bundles/gnu-tools-for-stm32/14.3.1+st.2/bin/../lib/gcc/arm-none-eabi/14.3.1/../../../../arm-none-eabi/lib/thumb/v7e-m+fp/hard/libg_nano.a(libc_a-puts.o)
                0x08009c38                puts
 .text.__sread  0x08009c48       0x22 /home/breno/.local/share/stm32cube/bundles/gnu-tools-for-stm32/14.3.1+st.2/bin/../lib/gcc/arm-none-eabi/14.3.1/../../../../arm-none-eabi/lib/thumb/v7e-m+fp/hard/libg_nano.a(libc_a-stdio.o)
                0x08009c48                __sread
 .text.__swrite
                0x08009c6a       0x38 /home/breno/.local/share/stm32cube/bundles/gnu-tools-for-stm32/14.3.1+st.2/bin/../lib/gcc/arm-none-eabi/14.3.1/../../../../arm-none-eabi/lib/thumb/v7e-m+fp/hard/libg_nano.a(libc_a-stdio.o)
                0x08009c6a                __swrite
 .text.__sseek  0x08009ca2       0x26 /home/breno/.local/share/stm32cube/bundles/gnu-tools-for-stm32/14.3.1+st.2/bin/../lib/gcc/arm-none-eabi/14.3.1/../../../../arm-none-eabi/lib/thumb/v7e-m+fp/hard/libg_nano.a(libc_a-stdio.o)
                0x08009ca2                __sseek
 .text.__sclose
                0x08009cc8        0x8 /home/breno/.local/share/stm32cube/bundles/gnu-tools-for-stm32/14.3.1+st.2/bin/../lib/gcc/arm-none-eabi/14.3.1/../../../../arm-none-eabi/lib/thumb/v7e-m+fp/hard/libg_nano.a(libc_a-stdio.o)
                0x08009cc8                __sclose
 .text.__swbuf_r
                0x08009cd0       0x7c /home/breno/.local/share/stm32cube/bundles/gnu-tools-for-stm32/14.3.1+st.2/bin/../lib/gcc/arm-none-eabi/14.3.1/../../../../arm-none-eabi/lib/thumb/v7e-m+fp/hard/libg_nano.a(libc_a-wbuf.o)
                0x08009cd0                __swbuf_r
 .text.__swsetup_r
                0x08009d4c       0xa8 /home/breno/.local/share/stm32cube/bundles/gnu-tools-for-stm32/14.3.1+st.2/bin/../lib/gcc/arm-none-eabi/14.3.1/../../../../arm-none-eabi/lib/thumb/v7e-m+fp/hard/libg_nano.a(libc_a-wsetup.o)
                0x08009d4c                __swsetup_r
 .text.memset   0x08009df4       0x10 /home/breno/.local/share/stm32cube/bundles/gnu-tools-for-stm32/14.3.1+st.2/bin/../lib/gcc/arm-none-eabi/14.3.1/../../../../arm-none-eabi/lib/thumb/v7e-m+fp/hard/libg_nano.a(libc_a-memset.o)
                0x08009df4                memset
 .text._localeconv_r
                0x08009e04        0x8 /home/breno/.local/share/stm32cube/bundles/gnu-tools-for-stm32/14.3.1+st.2/bin/../lib/gcc/arm-none-eabi/14.3.1/../../../../arm-none-eabi/lib/thumb/v7e-m+fp/hard/libg_nano.a(libc_a-localeconv.o)
                0x08009e04                _localeconv_r
 .text._close_r
                0x08009e0c       0x20 /home/breno/.local/share/stm32cube/bundles/gnu-tools-for-stm32/14.3.1+st.2/bin/../lib/gcc/arm-none-eabi/14.3.1/../../../../arm-none-eabi/lib/thumb/v7e-m+fp/hard/libg_nano.a(libc_a-closer.o)
                0x08009e0c                _close_r
 .text._lseek_r
                0x08009e2c       0x24 /home/breno/.local/share/stm32cube/bundles/gnu-tools-for-stm32/14.3.1+st.2/bin/../lib/gcc/arm-none-eabi/14.3.1/../../../../arm-none-eabi/lib/thumb/v7e-m+fp/hard/libg_nano.a(libc_a-lseekr.o)
                0x08009e2c                _lseek_r
 .text._read_r  0x08009e50       0x24 /home/breno/.local/share/stm32cube/bundles/gnu-tools-for-stm32/14.3.1+st.2/bin/../lib/gcc/arm-none-eabi/14.3.1/../../../../arm-none-eabi/lib/thumb/v7e-m+fp/hard/libg_nano.a(libc_a-readr.o)
                0x08009e50                _read_r
 .text._write_r
                0x08009e74       0x24 /home/breno/.local/share/stm32cube/bundles/gnu-tools-for-stm32/14.3.1+st.2/bin/../lib/gcc/arm-none-eabi/14.3.1/../../../../arm-none-eabi/lib/thumb/v7e-m+fp/hard/libg_nano.a(libc_a-writer.o)
                0x08009e74                _write_r
 .text.__errno  0x08009e98        0xc /home/breno/.local/share/stm32cube/bundles/gnu-tools-for-stm32/14.3.1+st.2/bin/../lib/gcc/arm-none-eabi/14.3.1/../../../../arm-none-eabi/lib/thumb/v7e-m+fp/hard/libg_nano.a(libc_a-errno.o)
                0x08009e98                __errno
 .text.__libc_init_array
                0x08009ea4       0x48 /home/breno/.local/share/stm32cube/bundles/gnu-tools-for-stm32/14.3.1+st.2/bin/../lib/gcc/arm-none-eabi/14.3.1/../../../../arm-none-eabi/lib/thumb/v7e-m+fp/hard/libg_nano.a(libc_a-init.o)
                0x08009ea4                __libc_init_array
 .text.__retarget_lock_init_recursive
                0x08009eec        0x2 /home/breno/.local/share/stm32cube/bundles/gnu-tools-for-stm32/14.3.1+st.2/bin/../lib/gcc/arm-none-eabi/14.3.1/../../../../arm-none-eabi/lib/thumb/v7e-m+fp/hard/libg_nano.a(libc_a-lock.o)
                0x08009eec                __retarget_lock_init_recursive
 .text.__retarget_lock_acquire_recursive
                0x08009eee        0x2 /home/breno/.local/share/stm32cube/bundles/gnu-tools-for-stm32/14.3.1+st.2/bin/../lib/gcc/arm-none-eabi/14.3.1/../../../../arm-none-eabi/lib/thumb/v7e-m+fp/hard/libg_nano.a(libc_a-lock.o)
                0x08009eee                __retarget_lock_acquire_recursive
 .text.__retarget_lock_release_recursive
                0x08009ef0        0x2 /home/breno/.local/share/stm32cube/bundles/gnu-tools-for-stm32/14.3.1+st.2/bin/../lib/gcc/arm-none-eabi/14.3.1/../../../../arm-none-eabi/lib/thumb/v7e-m+fp/hard/libg_nano.a(libc_a-lock.o)
                0x08009ef0                __retarget_lock_release_recursive
 .text.quorem   0x08009ef2      0x110 /home/breno/.local/share/stm32cube/bundles/gnu-tools-for-stm32/14.3.1+st.2/bin/../lib/gcc/arm-none-eabi/14.3.1/../../../../arm-none-eabi/lib/thumb/v7e-m+fp/hard/libg_nano.a(libc_a-dtoa.o)
 *fill*         0x0800a002        0x6 
 .text._dtoa_r  0x0800a008      0xbb8 /home/breno/.local/share/stm32cube/bundles/gnu-tools-for-stm32/14.3.1+st.2/bin/../lib/gcc/arm-none-eabi/14.3.1/../../../../arm-none-eabi/lib/thumb/v7e-m+fp/hard/libg_nano.a(libc_a-dtoa.o)
                0x0800a008                _dtoa_r
 .text._free_r  0x0800abc0       0x94 /home/breno/.local/share/stm32cube/bundles/gnu-tools-for-stm32/14.3.1+st.2/bin/../lib/gcc/arm-none-eabi/14.3.1/../../../../arm-none-eabi/lib/thumb/v7e-m+fp/hard/libg_nano.a(libc_a-freer.o)
                0x0800abc0                _free_r
 .text.malloc   0x0800ac54       0x10 /home/breno/.local/share/stm32cube/bundles/gnu-tools-for-stm32/14.3.1+st.2/bin/../lib/gcc/arm-none-eabi/14.3.1/../../../../arm-none-eabi/lib/thumb/v7e-m+fp/hard/libg_nano.a(libc_a-malloc.o)
                0x0800ac54                malloc
 .text.sbrk_aligned
                0x0800ac64       0x44 /home/breno/.local/share/stm32cube/bundles/gnu-tools-for-stm32/14.3.1+st.2/bin/../lib/gcc/arm-none-eabi/14.3.1/../../../../arm-none-eabi/lib/thumb/v7e-m+fp/hard/libg_nano.a(libc_a-mallocr.o)
 .text._malloc_r
                0x0800aca8      0x100 /home/breno/.local/share/stm32cube/bundles/gnu-tools-for-stm32/14.3.1+st.2/bin/../lib/gcc/arm-none-eabi/14.3.1/../../../../arm-none-eabi/lib/thumb/v7e-m+fp/hard/libg_nano.a(libc_a-mallocr.o)
                0x0800aca8                _malloc_r
 .text.__malloc_lock
                0x0800ada8        0xc /home/breno/.local/share/stm32cube/bundles/gnu-tools-for-stm32/14.3.1+st.2/bin/../lib/gcc/arm-none-eabi/14.3.1/../../../../arm-none-eabi/lib/thumb/v7e-m+fp/hard/libg_nano.a(libc_a-mlock.o)
                0x0800ada8                __malloc_lock
 .text.__malloc_unlock
                0x0800adb4        0xc /home/breno/.local/share/stm32cube/bundles/gnu-tools-for-stm32/14.3.1+st.2/bin/../lib/gcc/arm-none-eabi/14.3.1/../../../../arm-none-eabi/lib/thumb/v7e-m+fp/hard/libg_nano.a(libc_a-mlock.o)
                0x0800adb4                __malloc_unlock
 .text._Balloc  0x0800adc0       0x7c /home/breno/.local/share/stm32cube/bundles/gnu-tools-for-stm32/14.3.1+st.2/bin/../lib/gcc/arm-none-eabi/14.3.1/../../../../arm-none-eabi/lib/thumb/v7e-m+fp/hard/libg_nano.a(libc_a-mprec.o)
                0x0800adc0                _Balloc
 .text._Bfree   0x0800ae3c       0x44 /home/breno/.local/share/stm32cube/bundles/gnu-tools-for-stm32/14.3.1+st.2/bin/../lib/gcc/arm-none-eabi/14.3.1/../../../../arm-none-eabi/lib/thumb/v7e-m+fp/hard/libg_nano.a(libc_a-mprec.o)
                0x0800ae3c                _Bfree
 .text.__multadd
                0x0800ae80       0x8c /home/breno/.local/share/stm32cube/bundles/gnu-tools-for-stm32/14.3.1+st.2/bin/../lib/gcc/arm-none-eabi/14.3.1/../../../../arm-none-eabi/lib/thumb/v7e-m+fp/hard/libg_nano.a(libc_a-mprec.o)
                0x0800ae80                __multadd
 .text.__hi0bits
                0x0800af0c       0x3e /home/breno/.local/share/stm32cube/bundles/gnu-tools-for-stm32/14.3.1+st.2/bin/../lib/gcc/arm-none-eabi/14.3.1/../../../../arm-none-eabi/lib/thumb/v7e-m+fp/hard/libg_nano.a(libc_a-mprec.o)
                0x0800af0c                __hi0bits
 .text.__lo0bits
                0x0800af4a       0x5a /home/breno/.local/share/stm32cube/bundles/gnu-tools-for-stm32/14.3.1+st.2/bin/../lib/gcc/arm-none-eabi/14.3.1/../../../../arm-none-eabi/lib/thumb/v7e-m+fp/hard/libg_nano.a(libc_a-mprec.o)
                0x0800af4a                __lo0bits
 .text.__i2b    0x0800afa4       0x2c /home/breno/.local/share/stm32cube/bundles/gnu-tools-for-stm32/14.3.1+st.2/bin/../lib/gcc/arm-none-eabi/14.3.1/../../../../arm-none-eabi/lib/thumb/v7e-m+fp/hard/libg_nano.a(libc_a-mprec.o)
                0x0800afa4                __i2b
 .text.__multiply
                0x0800afd0      0x154 /home/breno/.local/share/stm32cube/bundles/gnu-tools-for-stm32/14.3.1+st.2/bin/../lib/gcc/arm-none-eabi/14.3.1/../../../../arm-none-eabi/lib/thumb/v7e-m+fp/hard/libg_nano.a(libc_a-mprec.o)
                0x0800afd0                __multiply
 .text.__pow5mult
                0x0800b124       0xb8 /home/breno/.local/share/stm32cube/bundles/gnu-tools-for-stm32/14.3.1+st.2/bin/../lib/gcc/arm-none-eabi/14.3.1/../../../../arm-none-eabi/lib/thumb/v7e-m+fp/hard/libg_nano.a(libc_a-mprec.o)
                0x0800b124                __pow5mult
 .text.__lshift
                0x0800b1dc       0xdc /home/breno/.local/share/stm32cube/bundles/gnu-tools-for-stm32/14.3.1+st.2/bin/../lib/gcc/arm-none-eabi/14.3.1/../../../../arm-none-eabi/lib/thumb/v7e-m+fp/hard/libg_nano.a(libc_a-mprec.o)
                0x0800b1dc                __lshift
 .text.__mcmp   0x0800b2b8       0x36 /home/breno/.local/share/stm32cube/bundles/gnu-tools-for-stm32/14.3.1+st.2/bin/../lib/gcc/arm-none-eabi/14.3.1/../../../../arm-none-eabi/lib/thumb/v7e-m+fp/hard/libg_nano.a(libc_a-mprec.o)
                0x0800b2b8                __mcmp
 *fill*         0x0800b2ee        0x2 
 .text.__mdiff  0x0800b2f0      0x130 /home/breno/.local/share/stm32cube/bundles/gnu-tools-for-stm32/14.3.1+st.2/bin/../lib/gcc/arm-none-eabi/14.3.1/../../../../arm-none-eabi/lib/thumb/v7e-m+fp/hard/libg_nano.a(libc_a-mprec.o)
                0x0800b2f0                __mdiff
 .text.__d2b    0x0800b420       0xb0 /home/breno/.local/share/stm32cube/bundles/gnu-tools-for-stm32/14.3.1+st.2/bin/../lib/gcc/arm-none-eabi/14.3.1/../../../../arm-none-eabi/lib/thumb/v7e-m+fp/hard/libg_nano.a(libc_a-mprec.o)
                0x0800b420                __d2b
 .text.__sfputc_r
                0x0800b4d0       0x2e /home/breno/.local/share/stm32cube/bundles/gnu-tools-for-stm32/14.3.1+st.2/bin/../lib/gcc/arm-none-eabi/14.3.1/../../../../arm-none-eabi/lib/thumb/v7e-m+fp/hard/libg_nano.a(libc_a-nano-vfprintf.o)
 .text.__sfputs_r
                0x0800b4fe       0x24 /home/breno/.local/share/stm32cube/bundles/gnu-tools-for-stm32/14.3.1+st.2/bin/../lib/gcc/arm-none-eabi/14.3.1/../../../../arm-none-eabi/lib/thumb/v7e-m+fp/hard/libg_nano.a(libc_a-nano-vfprintf.o)
                0x0800b4fe                __sfputs_r
 *fill*         0x0800b522        0x2 
 .text._vfprintf_r
                0x0800b524      0x228 /home/breno/.local/share/stm32cube/bundles/gnu-tools-for-stm32/14.3.1+st.2/bin/../lib/gcc/arm-none-eabi/14.3.1/../../../../arm-none-eabi/lib/thumb/v7e-m+fp/hard/libg_nano.a(libc_a-nano-vfprintf.o)
                0x0800b524                _vfiprintf_r
                0x0800b524                _vfprintf_r
 .text.__sflush_r
                0x0800b74c      0x104 /home/breno/.local/share/stm32cube/bundles/gnu-tools-for-stm32/14.3.1+st.2/bin/../lib/gcc/arm-none-eabi/14.3.1/../../../../arm-none-eabi/lib/thumb/v7e-m+fp/hard/libg_nano.a(libc_a-fflush.o)
                0x0800b74c                __sflush_r
 .text._fflush_r
                0x0800b850       0x50 /home/breno/.local/share/stm32cube/bundles/gnu-tools-for-stm32/14.3.1+st.2/bin/../lib/gcc/arm-none-eabi/14.3.1/../../../../arm-none-eabi/lib/thumb/v7e-m+fp/hard/libg_nano.a(libc_a-fflush.o)
                0x0800b850                _fflush_r
 .text.__swhatbuf_r
                0x0800b8a0       0x48 /home/breno/.local/share/stm32cube/bundles/gnu-tools-for-stm32/14.3.1+st.2/bin/../lib/gcc/arm-none-eabi/14.3.1/../../../../arm-none-eabi/lib/thumb/v7e-m+fp/hard/libg_nano.a(libc_a-makebuf.o)
                0x0800b8a0                __swhatbuf_r
 .text.__smakebuf_r
                0x0800b8e8       0x72 /home/breno/.local/share/stm32cube/bundles/gnu-tools-for-stm32/14.3.1+st.2/bin/../lib/gcc/arm-none-eabi/14.3.1/../../../../arm-none-eabi/lib/thumb/v7e-m+fp/hard/libg_nano.a(libc_a-makebuf.o)
                0x0800b8e8                __smakebuf_r
 *fill*         0x0800b95a        0x2 
 .text._fstat_r
                0x0800b95c       0x24 /home/breno/.local/share/stm32cube/bundles/gnu-tools-for-stm32/14.3.1+st.2/bin/../lib/gcc/arm-none-eabi/14.3.1/../../../../arm-none-eabi/lib/thumb/v7e-m+fp/hard/libg_nano.a(libc_a-fstatr.o)
                0x0800b95c                _fstat_r
 .text._isatty_r
                0x0800b980       0x20 /home/breno/.local/share/stm32cube/bundles/gnu-tools-for-stm32/14.3.1+st.2/bin/../lib/gcc/arm-none-eabi/14.3.1/../../../../arm-none-eabi/lib/thumb/v7e-m+fp/hard/libg_nano.a(libc_a-isattyr.o)
                0x0800b980                _isatty_r
 .text._sbrk_r  0x0800b9a0       0x20 /home/breno/.local/share/stm32cube/bundles/gnu-tools-for-stm32/14.3.1+st.2/bin/../lib/gcc/arm-none-eabi/14.3.1/../../../../arm-none-eabi/lib/thumb/v7e-m+fp/hard/libg_nano.a(libc_a-sbrkr.o)
                0x0800b9a0                _sbrk_r
 .text.memcpy   0x0800b9c0       0x1c /home/breno/.local/share/stm32cube/bundles/gnu-tools-for-stm32/14.3.1+st.2/bin/../lib/gcc/arm-none-eabi/14.3.1/../../../../arm-none-eabi/lib/thumb/v7e-m+fp/hard/libg_nano.a(libc_a-memcpy-stub.o)
                0x0800b9c0                memcpy
 .text.__assert_func
                0x0800b9dc       0x3c /home/breno/.local/share/stm32cube/bundles/gnu-tools-for-stm32/14.3.1+st.2/bin/../lib/gcc/arm-none-eabi/14.3.1/../../../../arm-none-eabi/lib/thumb/v7e-m+fp/hard/libg_nano.a(libc_a-assert.o)
                0x0800b9dc                __assert_func
 .text._calloc_r
                0x0800ba18       0x28 /home/breno/.local/share/stm32cube/bundles/gnu-tools-for-stm32/14.3.1+st.2/bin/../lib/gcc/arm-none-eabi/14.3.1/../../../../arm-none-eabi/lib/thumb/v7e-m+fp/hard/libg_nano.a(libc_a-callocr.o)
                0x0800ba18                _calloc_r
 .text.__ascii_mbtowc
                0x0800ba40       0x24 /home/breno/.local/share/stm32cube/bundles/gnu-tools-for-stm32/14.3.1+st.2/bin/../lib/gcc/arm-none-eabi/14.3.1/../../../../arm-none-eabi/lib/thumb/v7e-m+fp/hard/libg_nano.a(libc_a-mbtowc_r.o)
                0x0800ba40                __ascii_mbtowc
 .text.__ascii_wctomb
                0x0800ba64       0x1a /home/breno/.local/share/stm32cube/bundles/gnu-tools-for-stm32/14.3.1+st.2/bin/../lib/gcc/arm-none-eabi/14.3.1/../../../../arm-none-eabi/lib/thumb/v7e-m+fp/hard/libg_nano.a(libc_a-wctomb_r.o)
                0x0800ba64                __ascii_wctomb
 *fill*         0x0800ba7e        0x2 
 .text.fprintf  0x0800ba80       0x24 /home/breno/.local/share/stm32cube/bundles/gnu-tools-for-stm32/14.3.1+st.2/bin/../lib/gcc/arm-none-eabi/14.3.1/../../../../arm-none-eabi/lib/thumb/v7e-m+fp/hard/libg_nano.a(libc_a-fprintf.o)
                0x0800ba80                fprintf
                0x0800ba80                fiprintf
 .text.abort    0x0800baa4        0xe /home/breno/.local/share/stm32cube/bundles/gnu-tools-for-stm32/14.3.1+st.2/bin/../lib/gcc/arm-none-eabi/14.3.1/../../../../arm-none-eabi/lib/thumb/v7e-m+fp/hard/libg_nano.a(libc_a-abort.o)
                0x0800baa4                abort
 .text._raise_r
                0x0800bab2       0x50 /home/breno/.local/share/stm32cube/bundles/gnu-tools-for-stm32/14.3.1+st.2/bin/../lib/gcc/arm-none-eabi/14.3.1/../../../../arm-none-eabi/lib/thumb/v7e-m+fp/hard/libg_nano.a(libc_a-signal.o)
                0x0800bab2                _raise_r
 *fill*         0x0800bb02        0x2 
 .text.raise    0x0800bb04       0x10 /home/breno/.local/share/stm32cube/bundles/gnu-tools-for-stm32/14.3.1+st.2/bin/../lib/gcc/arm-none-eabi/14.3.1/../../../../arm-none-eabi/lib/thumb/v7e-m+fp/hard/libg_nano.a(libc_a-signal.o)
                0x0800bb04                raise
 .text._kill_r  0x0800bb14       0x24 /home/breno/.local/share/stm32cube/bundles/gnu-tools-for-stm32/14.3.1+st.2/bin/../lib/gcc/arm-none-eabi/14.3.1/../../../../arm-none-eabi/lib/thumb/v7e-m+fp/hard/libg_nano.a(libc_a-signalr.o)
                0x0800bb14                _kill_r
 .text._getpid_r
                0x0800bb38        0x4 /home/breno/.local/share/stm32cube/bundles/gnu-tools-for-stm32/14.3.1+st.2/bin/../lib/gcc/arm-none-eabi/14.3.1/../../../../arm-none-eabi/lib/thumb/v7e-m+fp/hard/libg_nano.a(libc_a-signalr.o)
                0x0800bb38                _getpid_r
 *(.glue_7)
 .glue_7        0x0800bb3c        0x0 linker stubs
 *(.glue_7t)
 .glue_7t       0x0800bb3c        0x0 linker stubs
 *(.eh_frame)
 .eh_frame      0x0800bb3c        0x0 /home/breno/.local/share/stm32cube/bundles/gnu-tools-for-stm32/14.3.1+st.2/bin/../lib/gcc/arm-none-eabi/14.3.1/thumb/v7e-m+fp/hard/crtbegin.o
 *(.init)
 .init          0x0800bb3c        0x4 /home/breno/.local/share/stm32cube/bundles/gnu-tools-for-stm32/14.3.1+st.2/bin/../lib/gcc/arm-none-eabi/14.3.1/thumb/v7e-m+fp/hard/crti.o
                0x0800bb3c                _init
 .init          0x0800bb40        0x8 /home/breno/.local/share/stm32cube/bundles/gnu-tools-for-stm32/14.3.1+st.2/bin/../lib/gcc/arm-none-eabi/14.3.1/thumb/v7e-m+fp/hard/crtn.o
 *(.fini)
 .fini          0x0800bb48        0x4 /home/breno/.local/share/stm32cube/bundles/gnu-tools-for-stm32/14.3.1+st.2/bin/../lib/gcc/arm-none-eabi/14.3.1/thumb/v7e-m+fp/hard/crti.o
                0x0800bb48                _fini
 .fini          0x0800bb4c        0x8 /home/breno/.local/share/stm32cube/bundles/gnu-tools-for-stm32/14.3.1+st.2/bin/../lib/gcc/arm-none-eabi/14.3.1/thumb/v7e-m+fp/hard/crtn.o
                0x0800bb54                        . = ALIGN (0x4)
                0x0800bb54                        _etext = .

.vfp11_veneer   0x0800bb54        0x0
 .vfp11_veneer  0x0800bb54        0x0 linker stubs

.v4_bx          0x0800bb54        0x0
 .v4_bx         0x0800bb54        0x0 linker stubs

.iplt           0x0800bb54        0x0
 .iplt          0x0800bb54        0x0 /home/breno/.local/share/stm32cube/bundles/gnu-tools-for-stm32/14.3.1+st.2/bin/../lib/gcc/arm-none-eabi/14.3.1/thumb/v7e-m+fp/hard/crtbegin.o

.rodata         0x0800bb58      0x4d4
                0x0800bb58                        . = ALIGN (0x4)
 *(.rodata)
 .rodata        0x0800bb58       0x46 Firmware/CMakeFiles/Firmware.dir/USB_DEVICE/App/usbd_desc.c.obj
 *fill*         0x0800bb9e        0x2 
 .rodata        0x0800bba0       0xfe Firmware/CMakeFiles/Firmware.dir/Core/Src/main.c.obj
 *(.rodata*)
 *fill*         0x0800bc9e        0x2 
 .rodata.AHBPrescTable
                0x0800bca0       0x10 Firmware/cmake/stm32cubemx/CMakeFiles/STM32_Drivers.dir/__/__/Core/Src/system_stm32f4xx.c.obj
                0x0800bca0                AHBPrescTable
 .rodata.APBPrescTable
                0x0800bcb0        0x8 Firmware/cmake/stm32cubemx/CMakeFiles/STM32_Drivers.dir/__/__/Core/Src/system_stm32f4xx.c.obj
                0x0800bcb0                APBPrescTable
 .rodata._printf_float.str1.1
                0x0800bcb8      0x171 /home/breno/.local/share/stm32cube/bundles/gnu-tools-for-stm32/14.3.1+st.2/bin/../lib/gcc/arm-none-eabi/14.3.1/../../../../arm-none-eabi/lib/thumb/v7e-m+fp/hard/libg_nano.a(libc_a-nano-vfprintf_float.o)
                                 0x12 (size before relaxing)
 .rodata._printf_i.str1.1
                0x0800be29       0x22 /home/breno/.local/share/stm32cube/bundles/gnu-tools-for-stm32/14.3.1+st.2/bin/../lib/gcc/arm-none-eabi/14.3.1/../../../../arm-none-eabi/lib/thumb/v7e-m+fp/hard/libg_nano.a(libc_a-nano-vfprintf_i.o)
 .rodata._dtoa_r.str1.1
                0x0800be29       0x8f /home/breno/.local/share/stm32cube/bundles/gnu-tools-for-stm32/14.3.1+st.2/bin/../lib/gcc/arm-none-eabi/14.3.1/../../../../arm-none-eabi/lib/thumb/v7e-m+fp/hard/libg_nano.a(libc_a-dtoa.o)
 .rodata._Balloc.str1.1
                0x0800be29       0x70 /home/breno/.local/share/stm32cube/bundles/gnu-tools-for-stm32/14.3.1+st.2/bin/../lib/gcc/arm-none-eabi/14.3.1/../../../../arm-none-eabi/lib/thumb/v7e-m+fp/hard/libg_nano.a(libc_a-mprec.o)
 .rodata.__multadd.str1.1
                0x0800be29       0x11 /home/breno/.local/share/stm32cube/bundles/gnu-tools-for-stm32/14.3.1+st.2/bin/../lib/gcc/arm-none-eabi/14.3.1/../../../../arm-none-eabi/lib/thumb/v7e-m+fp/hard/libg_nano.a(libc_a-mprec.o)
 *fill*         0x0800be29        0x3 
 .rodata.p05.0  0x0800be2c        0xc /home/breno/.local/share/stm32cube/bundles/gnu-tools-for-stm32/14.3.1+st.2/bin/../lib/gcc/arm-none-eabi/14.3.1/../../../../arm-none-eabi/lib/thumb/v7e-m+fp/hard/libg_nano.a(libc_a-mprec.o)
 .rodata.__mprec_bigtens
                0x0800be38       0x28 /home/breno/.local/share/stm32cube/bundles/gnu-tools-for-stm32/14.3.1+st.2/bin/../lib/gcc/arm-none-eabi/14.3.1/../../../../arm-none-eabi/lib/thumb/v7e-m+fp/hard/libg_nano.a(libc_a-mprec.o)
                0x0800be38                __mprec_bigtens
 .rodata.__mprec_tens
                0x0800be60       0xc8 /home/breno/.local/share/stm32cube/bundles/gnu-tools-for-stm32/14.3.1+st.2/bin/../lib/gcc/arm-none-eabi/14.3.1/../../../../arm-none-eabi/lib/thumb/v7e-m+fp/hard/libg_nano.a(libc_a-mprec.o)
                0x0800be60                __mprec_tens
 .rodata._vfprintf_r.str1.1
                0x0800bf28       0x11 /home/breno/.local/share/stm32cube/bundles/gnu-tools-for-stm32/14.3.1+st.2/bin/../lib/gcc/arm-none-eabi/14.3.1/../../../../arm-none-eabi/lib/thumb/v7e-m+fp/hard/libg_nano.a(libc_a-nano-vfprintf.o)
 .rodata._setlocale_r.str1.1
                0x0800bf28        0x9 /home/breno/.local/share/stm32cube/bundles/gnu-tools-for-stm32/14.3.1+st.2/bin/../lib/gcc/arm-none-eabi/14.3.1/../../../../arm-none-eabi/lib/thumb/v7e-m+fp/hard/libg_nano.a(libc_a-locale.o)
 .rodata.str1.1
                0x0800bf28        0x2 /home/breno/.local/share/stm32cube/bundles/gnu-tools-for-stm32/14.3.1+st.2/bin/../lib/gcc/arm-none-eabi/14.3.1/../../../../arm-none-eabi/lib/thumb/v7e-m+fp/hard/libg_nano.a(libc_a-locale.o)
 .rodata.__assert_func.str1.1
                0x0800bf28       0x3d /home/breno/.local/share/stm32cube/bundles/gnu-tools-for-stm32/14.3.1+st.2/bin/../lib/gcc/arm-none-eabi/14.3.1/../../../../arm-none-eabi/lib/thumb/v7e-m+fp/hard/libg_nano.a(libc_a-assert.o)
 .rodata._ctype_
                0x0800bf28      0x101 /home/breno/.local/share/stm32cube/bundles/gnu-tools-for-stm32/14.3.1+st.2/bin/../lib/gcc/arm-none-eabi/14.3.1/../../../../arm-none-eabi/lib/thumb/v7e-m+fp/hard/libg_nano.a(libc_a-ctype_.o)
                0x0800bf28                _ctype_
                0x0800c02c                        . = ALIGN (0x4)
 *fill*         0x0800c029        0x3 

.ARM.extab      0x0800c02c        0x0
                0x0800c02c                        . = ALIGN (0x4)
 *(.ARM.extab* .gnu.linkonce.armextab.*)
                0x0800c02c                        . = ALIGN (0x4)

.ARM            0x0800c02c        0x8
                0x0800c02c                        . = ALIGN (0x4)
                0x0800c02c                        __exidx_start = .
 *(.ARM.exidx*)
 .ARM.exidx     0x0800c02c        0x8 /home/breno/.local/share/stm32cube/bundles/gnu-tools-for-stm32/14.3.1+st.2/bin/../lib/gcc/arm-none-eabi/14.3.1/thumb/v7e-m+fp/hard/libgcc.a(_udivmoddi4.o)
 .ARM.exidx     0x0800c034        0x0 /home/breno/.local/share/stm32cube/bundles/gnu-tools-for-stm32/14.3.1+st.2/bin/../lib/gcc/arm-none-eabi/14.3.1/../../../../arm-none-eabi/lib/thumb/v7e-m+fp/hard/libg_nano.a(libc_a-memchr.o)
                                  0x8 (size before relaxing)
 .ARM.exidx     0x0800c034        0x0 /home/breno/.local/share/stm32cube/bundles/gnu-tools-for-stm32/14.3.1+st.2/bin/../lib/gcc/arm-none-eabi/14.3.1/../../../../arm-none-eabi/lib/thumb/v7e-m+fp/hard/libg_nano.a(libc_a-strlen.o)
                                  0x8 (size before relaxing)
                0x0800c034                        __exidx_end = .
                0x0800c034                        . = ALIGN (0x4)

.preinit_array  0x0800c034        0x0
                0x0800c034                        . = ALIGN (0x4)
                0x0800c034                        PROVIDE (__preinit_array_start = .)
 *(.preinit_array*)
                0x0800c034                        PROVIDE (__preinit_array_end = .)
                0x0800c034                        . = ALIGN (0x4)

.init_array     0x0800c034        0x4
                0x0800c034                        . = ALIGN (0x4)
                0x0800c034                        PROVIDE (__init_array_start = .)
 *(SORT_BY_NAME(.init_array.*))
 *(.init_array*)
 .init_array    0x0800c034        0x4 /home/breno/.local/share/stm32cube/bundles/gnu-tools-for-stm32/14.3.1+st.2/bin/../lib/gcc/arm-none-eabi/14.3.1/thumb/v7e-m+fp/hard/crtbegin.o
                0x0800c038                        PROVIDE (__init_array_end = .)
                0x0800c038                        . = ALIGN (0x4)

.fini_array     0x0800c038        0x4
                0x0800c038                        . = ALIGN (0x4)
                [!provide]                        PROVIDE (__fini_array_start = .)
 *(SORT_BY_NAME(.fini_array.*))
 *(.fini_array*)
 .fini_array    0x0800c038        0x4 /home/breno/.local/share/stm32cube/bundles/gnu-tools-for-stm32/14.3.1+st.2/bin/../lib/gcc/arm-none-eabi/14.3.1/thumb/v7e-m+fp/hard/crtbegin.o
                [!provide]                        PROVIDE (__fini_array_end = .)
                0x0800c03c                        . = ALIGN (0x4)
                0x0800c03c                        _sidata = LOADADDR (.data)

.rel.dyn        0x0800c03c        0x0
 .rel.iplt      0x0800c03c        0x0 /home/breno/.local/share/stm32cube/bundles/gnu-tools-for-stm32/14.3.1+st.2/bin/../lib/gcc/arm-none-eabi/14.3.1/thumb/v7e-m+fp/hard/crtbegin.o

.data           0x20000000      0x2c4 load address 0x0800c03c
                0x20000000                        . = ALIGN (0x4)
                0x20000000                        _sdata = .
 *(.data)
 *(.data*)
 .data.SystemCoreClock
                0x20000000        0x4 Firmware/cmake/stm32cubemx/CMakeFiles/STM32_Drivers.dir/__/__/Core/Src/system_stm32f4xx.c.obj
                0x20000000                SystemCoreClock
 .data.uwTickPrio
                0x20000004        0x4 Firmware/cmake/stm32cubemx/CMakeFiles/STM32_Drivers.dir/__/__/Drivers/STM32F4xx_HAL_Driver/Src/stm32f4xx_hal.c.obj
                0x20000004                uwTickPrio
 .data.uwTickFreq