Archive member included to satisfy reference by file (symbol)

../Core/libhelius_core.a(vec3.c.obj)
                              CMakeFiles/Firmware.dir/Core/Src/main.c.obj (vec3_length)
../Core/libhelius_core.a(ahrs.c.obj)
                              CMakeFiles/Firmware.dir/Core/Src/main.c.obj (ahrs_init)
../Core/libhelius_core.a(quat.c.obj)
                              ../Core/libhelius_core.a(ahrs.c.obj) (quat_identity)
../Core/libhelius_core.a(mat3.c.obj)
                              ../Core/libhelius_core.a(ahrs.c.obj) (mat3_zero)
../Core/libhelius_core.a(mat6.c.obj)
                              ../Core/libhelius_core.a(ahrs.c.obj) (mat6_zero)
../Core/libhelius_core.a(mat_ret.c.obj)
                              ../Core/libhelius_core.a(ahrs.c.obj) (mat3x6_zero)
/home/breno/.local/share/stm32cube/bundles/gnu-tools-for-stm32/14.3.1+st.2/bin/../lib/gcc/arm-none-eabi/14.3.1/../../../../arm-none-eabi/lib/thumb/v7e-m+fp/hard/libm.a(libm_a-wf_asin.o)
                              ../Core/libhelius_core.a(quat.c.obj) (asinf)
/home/breno/.local/share/stm32cube/bundles/gnu-tools-for-stm32/14.3.1+st.2/bin/../lib/gcc/arm-none-eabi/14.3.1/../../../../arm-none-eabi/lib/thumb/v7e-m+fp/hard/libm.a(libm_a-wf_atan2.o)
                              ../Core/libhelius_core.a(quat.c.obj) (atan2f)
/home/breno/.local/share/stm32cube/bundles/gnu-tools-for-stm32/14.3.1+st.2/bin/../lib/gcc/arm-none-eabi/14.3.1/../../../../arm-none-eabi/lib/thumb/v7e-m+fp/hard/libm.a(libm_a-wf_sqrt.o)
                              ../Core/libhelius_core.a(vec3.c.obj) (sqrtf)
/home/breno/.local/share/stm32cube/bundles/gnu-tools-for-stm32/14.3.1+st.2/bin/../lib/gcc/arm-none-eabi/14.3.1/../../../../arm-none-eabi/lib/thumb/v7e-m+fp/hard/libm.a(libm_a-sf_cos.o)
                              ../Core/libhelius_core.a(quat.c.obj) (cosf)
/home/breno/.local/share/stm32cube/bundles/gnu-tools-for-stm32/14.3.1+st.2/bin/../lib/gcc/arm-none-eabi/14.3.1/../../../../arm-none-eabi/lib/thumb/v7e-m+fp/hard/libm.a(libm_a-sf_fabs.o)
                              /home/breno/.local/share/stm32cube/bundles/gnu-tools-for-stm32/14.3.1+st.2/bin/../lib/gcc/arm-none-eabi/14.3.1/../../../../arm-none-eabi/lib/thumb/v7e-m+fp/hard/libm.a(libm_a-wf_asin.o) (fabsf)
/home/breno/.local/share/stm32cube/bundles/gnu-tools-for-stm32/14.3.1+st.2/bin/../lib/gcc/arm-none-eabi/14.3.1/../../../../arm-none-eabi/lib/thumb/v7e-m+fp/hard/libm.a(libm_a-sf_sin.o)
                              ../Core/libhelius_core.a(quat.c.obj) (sinf)
/home/breno/.local/share/stm32cube/bundles/gnu-tools-for-stm32/14.3.1+st.2/bin/../lib/gcc/arm-none-eabi/14.3.1/../../../../arm-none-eabi/lib/thumb/v7e-m+fp/hard/libm.a(libm_a-sf_copysign.o)
                              ../Core/libhelius_core.a(quat.c.obj) (copysignf)
/home/breno/.local/share/stm32cube/bundles/gnu-tools-for-stm32/14.3.1+st.2/bin/../lib/gcc/arm-none-eabi/14.3.1/../../../../arm-none-eabi/lib/thumb/v7e-m+fp/hard/libm.a(libm_a-sf_nan.o)
                              /home/breno/.local/share/stm32cube/bundles/gnu-tools-for-stm32/14.3.1+st.2/bin/../lib/gcc/arm-none-eabi/14.3.1/../../../../arm-none-eabi/lib/thumb/v7e-m+fp/hard/libm.a(libm_a-wf_asin.o) (nanf)
/home/breno/.local/share/stm32cube/bundles/gnu-tools-for-stm32/14.3.1+st.2/bin/../lib/gcc/arm-none-eabi/14.3.1/../../../../arm-none-eabi/lib/thumb/v7e-m+fp/hard/libm.a(libm_a-ef_sqrt.o)
                              /home/breno/.local/share/stm32cube/bundles/gnu-tools-for-stm32/14.3.1+st.2/bin/../lib/gcc/arm-none-eabi/14.3.1/../../../../arm-none-eabi/lib/thumb/v7e-m+fp/hard/libm.a(libm_a-wf_sqrt.o) (__ieee754_sqrtf)
/home/breno/.local/share/stm32cube/bundles/gnu-tools-for-stm32/14.3.1+st.2/bin/../lib/gcc/arm-none-eabi/14.3.1/../../../../arm-none-eabi/lib/thumb/v7e-m+fp/hard/libm.a(libm_a-kf_cos.o)
                              /home/breno/.local/share/stm32cube/bundles/gnu-tools-for-stm32/14.3.1+st.2/bin/../lib/gcc/arm-none-eabi/14.3.1/../../../../arm-none-eabi/lib/thumb/v7e-m+fp/hard/libm.a(libm_a-sf_cos.o) (__kernel_cosf)
/home/breno/.local/share/stm32cube/bundles/gnu-tools-for-stm32/14.3.1+st.2/bin/../lib/gcc/arm-none-eabi/14.3.1/../../../../arm-none-eabi/lib/thumb/v7e-m+fp/hard/libm.a(libm_a-kf_sin.o)
                              /home/breno/.local/share/stm32cube/bundles/gnu-tools-for-stm32/14.3.1+st.2/bin/../lib/gcc/arm-none-eabi/14.3.1/../../../../arm-none-eabi/lib/thumb/v7e-m+fp/hard/libm.a(libm_a-sf_cos.o) (__kernel_sinf)
/home/breno/.local/share/stm32cube/bundles/gnu-tools-for-stm32/14.3.1+st.2/bin/../lib/gcc/arm-none-eabi/14.3.1/../../../../arm-none-eabi/lib/thumb/v7e-m+fp/hard/libm.a(libm_a-ef_asin.o)
                              /home/breno/.local/share/stm32cube/bundles/gnu-tools-for-stm32/14.3.1+st.2/bin/../lib/gcc/arm-none-eabi/14.3.1/../../../../arm-none-eabi/lib/thumb/v7e-m+fp/hard/libm.a(libm_a-wf_asin.o) (__ieee754_asinf)
[...]
Memory Configuration

Name             Origin             Length             Attributes
RAM              0x20000000         0x00020000         xrw
FLASH            0x08000000         0x00080000         xr
*default*        0x00000000         0xffffffff

Linker script and memory map

LOAD /home/breno/.local/share/stm32cube/bundles/gnu-tools-for-stm32/14.3.1+st.2/bin/../lib/gcc/arm-none-eabi/14.3.1/thumb/v7e-m+fp/hard/crti.o
LOAD /home/breno/.local/share/stm32cube/bundles/gnu-tools-for-stm32/14.3.1+st.2/bin/../lib/gcc/arm-none-eabi/14.3.1/thumb/v7e-m+fp/hard/crtbegin.o
LOAD /home/breno/.local/share/stm32cube/bundles/gnu-tools-for-stm32/14.3.1+st.2/bin/../lib/gcc/arm-none-eabi/14.3.1/../../../../arm-none-eabi/lib/thumb/v7e-m+fp/hard/crt0.o
LOAD CMakeFiles/Firmware.dir/USB_DEVICE/Target/usbd_conf.c.obj
LOAD CMakeFiles/Firmware.dir/USB_DEVICE/App/usb_device.c.obj
LOAD CMakeFiles/Firmware.dir/USB_DEVICE/App/usbd_desc.c.obj
LOAD CMakeFiles/Firmware.dir/USB_DEVICE/App/usbd_cdc_if.c.obj
LOAD CMakeFiles/Firmware.dir/Core/Src/main.c.obj
LOAD CMakeFiles/Firmware.dir/Core/Src/stm32f4xx_it.c.obj
LOAD CMakeFiles/Firmware.dir/Core/Src/stm32f4xx_hal_msp.c.obj
LOAD CMakeFiles/Firmware.dir/Core/Src/sysmem.c.obj
LOAD CMakeFiles/Firmware.dir/Core/Src/syscalls.c.obj
LOAD CMakeFiles/Firmware.dir/startup_stm32f411xe.s.obj
LOAD CMakeFiles/Firmware.dir/Drivers/MPU9250/mpu9250.c.obj
LOAD CMakeFiles/Firmware.dir/Drivers/Protocol/i2c_protocol.c.obj
LOAD cmake/stm32cubemx/CMakeFiles/STM32_Drivers.dir/__/__/Core/Src/system_stm32f4xx.c.obj
LOAD cmake/stm32cubemx/CMakeFiles/STM32_Drivers.dir/__/__/Drivers/STM32F4xx_HAL_Driver/Src/stm32f4xx_hal_pcd.c.obj
LOAD cmake/stm32cubemx/CMakeFiles/STM32_Drivers.dir/__/__/Drivers/STM32F4xx_HAL_Driver/Src/stm32f4xx_hal_pcd_ex.c.obj
LOAD cmake/stm32cubemx/CMakeFiles/STM32_Drivers.dir/__/__/Drivers/STM32F4xx_HAL_Driver/Src/stm32f4xx_ll_usb.c.obj
LOAD cmake/stm32cubemx/CMakeFiles/STM32_Drivers.dir/__/__/Drivers/STM32F4xx_HAL_Driver/Src/stm32f4xx_hal_rcc.c.obj
LOAD cmake/stm32cubemx/CMakeFiles/STM32_Drivers.dir/__/__/Drivers/STM32F4xx_HAL_Driver/Src/stm32f4xx_hal_rcc_ex.c.obj
LOAD cmake/stm32cubemx/CMakeFiles/STM32_Drivers.dir/__/__/Drivers/STM32F4xx_HAL_Driver/Src/stm32f4xx_hal_flash.c.obj
LOAD cmake/stm32cubemx/CMakeFiles/STM32_Drivers.dir/__/__/Drivers/STM32F4xx_HAL_Driver/Src/stm32f4xx_hal_flash_ex.c.obj
LOAD cmake/stm32cubemx/CMakeFiles/STM32_Drivers.dir/__/__/Drivers/STM32F4xx_HAL_Driver/Src/stm32f4xx_hal_flash_ramfunc.c.obj
LOAD cmake/stm32cubemx/CMakeFiles/STM32_Drivers.dir/__/__/Drivers/STM32F4xx_HAL_Driver/Src/stm32f4xx_hal_gpio.c.obj
LOAD cmake/stm32cubemx/CMakeFiles/STM32_Drivers.dir/__/__/Drivers/STM32F4xx_HAL_Driver/Src/stm32f4xx_hal_dma_ex.c.obj
LOAD cmake/stm32cubemx/CMakeFiles/STM32_Drivers.dir/__/__/Drivers/STM32F4xx_HAL_Driver/Src/stm32f4xx_hal_dma.c.obj
LOAD cmake/stm32cubemx/CMakeFiles/STM32_Drivers.dir/__/__/Drivers/STM32F4xx_HAL_Driver/Src/stm32f4xx_hal_pwr.c.obj
LOAD cmake/stm32cubemx/CMakeFiles/STM32_Drivers.dir/__/__/Drivers/STM32F4xx_HAL_Driver/Src/stm32f4xx_hal_pwr_ex.c.obj
LOAD cmake/stm32cubemx/CMakeFiles/STM32_Drivers.dir/__/__/Drivers/STM32F4xx_HAL_Driver/Src/stm32f4xx_hal_cortex.c.obj
LOAD cmake/stm32cubemx/CMakeFiles/STM32_Drivers.dir/__/__/Drivers/STM32F4xx_HAL_Driver/Src/stm32f4xx_hal.c.obj
LOAD cmake/stm32cubemx/CMakeFiles/STM32_Drivers.dir/__/__/Drivers/STM32F4xx_HAL_Driver/Src/stm32f4xx_hal_exti.c.obj
LOAD cmake/stm32cubemx/CMakeFiles/STM32_Drivers.dir/__/__/Drivers/STM32F4xx_HAL_Driver/Src/stm32f4xx_hal_i2c.c.obj
LOAD cmake/stm32cubemx/CMakeFiles/STM32_Drivers.dir/__/__/Drivers/STM32F4xx_HAL_Driver/Src/stm32f4xx_hal_i2c_ex.c.obj
LOAD cmake/stm32cubemx/CMakeFiles/USB_Device_Library.dir/__/__/Middlewares/ST/STM32_USB_Device_Library/Core/Src/usbd_core.c.obj
LOAD cmake/stm32cubemx/CMakeFiles/USB_Device_Library.dir/__/__/Middlewares/ST/STM32_USB_Device_Library/Core/Src/usbd_ctlreq.c.obj
LOAD cmake/stm32cubemx/CMakeFiles/USB_Device_Library.dir/__/__/Middlewares/ST/STM32_USB_Device_Library/Core/Src/usbd_ioreq.c.obj
LOAD cmake/stm32cubemx/CMakeFiles/USB_Device_Library.dir/__/__/Middlewares/ST/STM32_USB_Device_Library/Class/CDC/Src/usbd_cdc.c.obj
LOAD /home/breno/.local/share/stm32cube/bundles/gnu-tools-for-stm32/14.3.1+st.2/bin/../lib/gcc/arm-none-eabi/14.3.1/../../../../arm-none-eabi/lib/thumb/v7e-m+fp/hard/libm.a
LOAD ../Core/libhelius_core.a
LOAD /home/breno/.local/share/stm32cube/bundles/gnu-tools-for-stm32/14.3.1+st.2/bin/../lib/gcc/arm-none-eabi/14.3.1/../../../../arm-none-eabi/lib/thumb/v7e-m+fp/hard/libm.a
START GROUP
LOAD /home/breno/.local/share/stm32cube/bundles/gnu-tools-for-stm32/14.3.1+st.2/bin/../lib/gcc/arm-none-eabi/14.3.1/thumb/v7e-m+fp/hard/libgcc.a
LOAD /home/breno/.local/share/stm32cube/bundles/gnu-tools-for-stm32/14.3.1+st.2/bin/../lib/gcc/arm-none-eabi/14.3.1/../../../../arm-none-eabi/lib/thumb/v7e-m+fp/hard/libg_nano.a
LOAD /home/breno/.local/share/stm32cube/bundles/gnu-tools-for-stm32/14.3.1+st.2/bin/../lib/gcc/arm-none-eabi/14.3.1/../../../../arm-none-eabi/lib/thumb/v7e-m+fp/hard/libc_nano.a
END GROUP
START GROUP
LOAD /home/breno/.local/share/stm32cube/bundles/gnu-tools-for-stm32/14.3.1+st.2/bin/../lib/gcc/arm-none-eabi/14.3.1/thumb/v7e-m+fp/hard/libgcc.a
LOAD /home/breno/.local/share/stm32cube/bundles/gnu-tools-for-stm32/14.3.1+st.2/bin/../lib/gcc/arm-none-eabi/14.3.1/../../../../arm-none-eabi/lib/thumb/v7e-m+fp/hard/libc_nano.a
END GROUP
LOAD /home/breno/.local/share/stm32cube/bundles/gnu-tools-for-stm32/14.3.1+st.2/bin/../lib/gcc/arm-none-eabi/14.3.1/thumb/v7e-m+fp/hard/crtend.o
LOAD /home/breno/.local/share/stm32cube/bundles/gnu-tools-for-stm32/14.3.1+st.2/bin/../lib/gcc/arm-none-eabi/14.3.1/thumb/v7e-m+fp/hard/crtn.o
                0x20020000                        _estack = (ORIGIN (RAM) + LENGTH (RAM))
                0x2001c000                        _sstack = (_estack - _Min_Stack_Size)
                0x00002000                        _Min_Heap_Size = 0x2000
                0x00004000                        _Min_Stack_Size = 0x4000

.isr_vector     0x08000000      0x198
                0x08000000                        . = ALIGN (0x4)
 *(.isr_vector)
 .isr_vector    0x08000000      0x198 CMakeFiles/Firmware.dir/startup_stm32f411xe.s.obj
                0x08000000                g_pfnVectors
                0x08000198                        . = ALIGN (0x4)

.text           0x080001a0     0xf460
                0x080001a0                        . = ALIGN (0x4)
 *(.text)
 .text          0x080001a0       0x40 /home/breno/.local/share/stm32cube/bundles/gnu-tools-for-stm32/14.3.1+st.2/bin/../lib/gcc/arm-none-eabi/14.3.1/thumb/v7e-m+fp/hard/crtbegin.o
 .text          0x080001e0      0x378 /home/breno/.local/share/stm32cube/bundles/gnu-tools-for-stm32/14.3.1+st.2/bin/../lib/gcc/arm-none-eabi/14.3.1/thumb/v7e-m+fp/hard/libgcc.a(_arm_addsubdf3.o)
                0x080001e0                __aeabi_drsub
                0x080001e8                __aeabi_dsub
                0x080001e8                __subdf3
                0x080001ec                __adddf3
                0x080001ec                __aeabi_dadd
                0x08000464                __aeabi_ui2d
                0x08000464                __floatunsidf
                0x08000484                __floatsidf
                0x08000484                __aeabi_i2d
                0x080004a8                __extendsfdf2
                0x080004a8                __aeabi_f2d
                0x080004ec                __aeabi_ul2d
                0x080004ec                __floatundidf
                0x080004fc                __floatdidf
                0x080004fc                __aeabi_l2d
 .text          0x08000558       0x30 /home/breno/.local/share/stm32cube/bundles/gnu-tools-for-stm32/14.3.1+st.2/bin/../lib/gcc/arm-none-eabi/14.3.1/thumb/v7e-m+fp/hard/libgcc.a(_aeabi_uldivmod.o)
                0x08000558                __aeabi_uldivmod
 .text          0x08000588      0x2f8 /home/breno/.local/share/stm32cube/bundles/gnu-tools-for-stm32/14.3.1+st.2/bin/../lib/gcc/arm-none-eabi/14.3.1/thumb/v7e-m+fp/hard/libgcc.a(_udivmoddi4.o)
                0x08000588                __udivmoddi4
 .text          0x08000880        0x4 /home/breno/.local/share/stm32cube/bundles/gnu-tools-for-stm32/14.3.1+st.2/bin/../lib/gcc/arm-none-eabi/14.3.1/thumb/v7e-m+fp/hard/libgcc.a(_dvmd_tls.o)
                0x08000880                __aeabi_ldiv0
                0x08000880                __aeabi_idiv0
 *fill*         0x08000884        0xc 
 .text          0x08000890       0xa0 /home/breno/.local/share/stm32cube/bundles/gnu-tools-for-stm32/14.3.1+st.2/bin/../lib/gcc/arm-none-eabi/14.3.1/../../../../arm-none-eabi/lib/thumb/v7e-m+fp/hard/libg_nano.a(libc_a-memchr.o)
                0x08000890                memchr
 .text          0x08000930       0x10 /home/breno/.local/share/stm32cube/bundles/gnu-tools-for-stm32/14.3.1+st.2/bin/../lib/gcc/arm-none-eabi/14.3.1/../../../../arm-none-eabi/lib/thumb/v7e-m+fp/hard/libg_nano.a(libc_a-strlen.o)
                0x08000930                strlen
 .text          0x08000940      0x424 /home/breno/.local/share/stm32cube/bundles/gnu-tools-for-stm32/14.3.1+st.2/bin/../lib/gcc/arm-none-eabi/14.3.1/thumb/v7e-m+fp/hard/libgcc.a(_arm_muldivdf3.o)
                0x08000940                __aeabi_dmul
                0x08000940                __muldf3
                0x08000b94                __aeabi_ddiv
                0x08000b94                __divdf3
 .text          0x08000d64      0x110 /home/breno/.local/share/stm32cube/bundles/gnu-tools-for-stm32/14.3.1+st.2/bin/../lib/gcc/arm-none-eabi/14.3.1/thumb/v7e-m+fp/hard/libgcc.a(_arm_cmpdf2.o)
                0x08000d64                __gtdf2
                0x08000d64                __gedf2
                0x08000d6c                __ltdf2
                0x08000d6c                __ledf2
                0x08000d74                __cmpdf2
                0x08000d74                __eqdf2
                0x08000d74                __nedf2
                0x08000df0                __aeabi_cdrcmple
                0x08000e00                __aeabi_cdcmple
                0x08000e00                __aeabi_cdcmpeq
                0x08000e10                __aeabi_dcmpeq
                0x08000e24                __aeabi_dcmplt
                0x08000e38                __aeabi_dcmple
                0x08000e4c                __aeabi_dcmpge
                0x08000e60                __aeabi_dcmpgt
 .text          0x08000e74       0x2c /home/breno/.local/share/stm32cube/bundles/gnu-tools-for-stm32/14.3.1+st.2/bin/../lib/gcc/arm-none-eabi/14.3.1/thumb/v7e-m+fp/hard/libgcc.a(_arm_unorddf2.o)
                0x08000e74                __aeabi_dcmpun
                0x08000e74                __unorddf2
 .text          0x08000ea0       0x50 /home/breno/.local/share/stm32cube/bundles/gnu-tools-for-stm32/14.3.1+st.2/bin/../lib/gcc/arm-none-eabi/14.3.1/thumb/v7e-m+fp/hard/libgcc.a(_arm_fixdfsi.o)
                0x08000ea0                __fixdfsi
                0x08000ea0                __aeabi_d2iz
 *(.text*)
 .text.HAL_PCD_MspInit
                0x08000ef0       0xa8 CMakeFiles/Firmware.dir/USB_DEVICE/Target/usbd_conf.c.obj
                0x08000ef0                HAL_PCD_MspInit
 .text.HAL_PCD_SetupStageCallback
                0x08000f98       0x24 CMakeFiles/Firmware.dir/USB_DEVICE/Target/usbd_conf.c.obj
                0x08000f98                HAL_PCD_SetupStageCallback
 .text.HAL_PCD_DataOutStageCallback
                0x08000fbc       0x36 CMakeFiles/Firmware.dir/USB_DEVICE/Target/usbd_conf.c.obj
                0x08000fbc                HAL_PCD_DataOutStageCallback
 .text.HAL_PCD_DataInStageCallback
                0x08000ff2       0x34 CMakeFiles/Firmware.dir/USB_DEVICE/Target/usbd_conf.c.obj
                0x08000ff2                HAL_PCD_DataInStageCallback
 .text.HAL_PCD_SOFCallback
                0x08001026       0x1c CMakeFiles/Firmware.dir/USB_DEVICE/Target/usbd_conf.c.obj
                0x08001026                HAL_PCD_SOFCallback
 .text.HAL_PCD_ResetCallback
                0x08001042       0x3c CMakeFiles/Firmware.dir/USB_DEVICE/Target/usbd_conf.c.obj
                0x08001042                HAL_PCD_ResetCallback
 *fill*         0x0800107e        0x2 
 .text.HAL_PCD_SuspendCallback
                0x08001080       0x4c CMakeFiles/Firmware.dir/USB_DEVICE/Target/usbd_conf.c.obj
                0x08001080                HAL_PCD_SuspendCallback
 .text.HAL_PCD_ResumeCallback
                0x080010cc       0x1c CMakeFiles/Firmware.dir/USB_DEVICE/Target/usbd_conf.c.obj
                0x080010cc                HAL_PCD_ResumeCallback
 .text.HAL_PCD_ISOOUTIncompleteCallback
                0x080010e8       0x24 CMakeFiles/Firmware.dir/USB_DEVICE/Target/usbd_conf.c.obj
                0x080010e8                HAL_PCD_ISOOUTIncompleteCallback
 .text.HAL_PCD_ISOINIncompleteCallback
                0x0800110c       0x24 CMakeFiles/Firmware.dir/USB_DEVICE/Target/usbd_conf.c.obj
                0x0800110c                HAL_PCD_ISOINIncompleteCallback
 .text.HAL_PCD_ConnectCallback
                0x08001130       0x1c CMakeFiles/Firmware.dir/USB_DEVICE/Target/usbd_conf.c.obj
                0x08001130                HAL_PCD_ConnectCallback
 .text.HAL_PCD_DisconnectCallback
                0x0800114c       0x1c CMakeFiles/Firmware.dir/USB_DEVICE/Target/usbd_conf.c.obj
                0x0800114c                HAL_PCD_DisconnectCallback
 .text.USBD_LL_Init
                0x08001168       0x98 CMakeFiles/Firmware.dir/USB_DEVICE/Target/usbd_conf.c.obj
                0x08001168                USBD_LL_Init
 .text.USBD_LL_Start
                0x08001200       0x36 CMakeFiles/Firmware.dir/USB_DEVICE/Target/usbd_conf.c.obj
                0x08001200                USBD_LL_Start
 .text.USBD_LL_OpenEP
                0x08001236       0x4c CMakeFiles/Firmware.dir/USB_DEVICE/Target/usbd_conf.c.obj
                0x08001236                USBD_LL_OpenEP
 .text.USBD_LL_CloseEP
                0x08001282       0x3e CMakeFiles/Firmware.dir/USB_DEVICE/Target/usbd_conf.c.obj
                0x08001282                USBD_LL_CloseEP
 .text.USBD_LL_StallEP
                0x080012c0       0x3e CMakeFiles/Firmware.dir/USB_DEVICE/Target/usbd_conf.c.obj
                0x080012c0                USBD_LL_StallEP
 .text.USBD_LL_ClearStallEP
                0x080012fe       0x3e CMakeFiles/Firmware.dir/USB_DEVICE/Target/usbd_conf.c.obj
                0x080012fe                USBD_LL_ClearStallEP
 .text.USBD_LL_IsStallEP
                0x0800133c       0x58 CMakeFiles/Firmware.dir/USB_DEVICE/Target/usbd_conf.c.obj
                0x0800133c                USBD_LL_IsStallEP
 .text.USBD_LL_SetUSBAddress
                0x08001394       0x3e CMakeFiles/Firmware.dir/USB_DEVICE/Target/usbd_conf.c.obj
                0x08001394                USBD_LL_SetUSBAddress
 .text.USBD_LL_Transmit
                0x080013d2       0x42 CMakeFiles/Firmware.dir/USB_DEVICE/Target/usbd_conf.c.obj
                0x080013d2                USBD_LL_Transmit
 .text.USBD_LL_PrepareReceive
                0x08001414       0x42 CMakeFiles/Firmware.dir/USB_DEVICE/Target/usbd_conf.c.obj
                0x08001414                USBD_LL_PrepareReceive
 .text.USBD_LL_GetRxDataSize
                0x08001456       0x26 CMakeFiles/Firmware.dir/USB_DEVICE/Target/usbd_conf.c.obj
                0x08001456                USBD_LL_GetRxDataSize
 .text.USBD_static_malloc
                0x0800147c       0x1c CMakeFiles/Firmware.dir/USB_DEVICE/Target/usbd_conf.c.obj
                0x0800147c                USBD_static_malloc
 .text.USBD_static_free
                0x08001498       0x14 CMakeFiles/Firmware.dir/USB_DEVICE/Target/usbd_conf.c.obj
                0x08001498                USBD_static_free
 .text.USBD_Get_USB_Status
                0x080014ac       0x58 CMakeFiles/Firmware.dir/USB_DEVICE/Target/usbd_conf.c.obj
                0x080014ac                USBD_Get_USB_Status
 .text.MX_USB_DEVICE_Init
                0x08001504       0x60 CMakeFiles/Firmware.dir/USB_DEVICE/App/usb_device.c.obj
                0x08001504                MX_USB_DEVICE_Init
 .text.USBD_FS_DeviceDescriptor
                0x08001564       0x24 CMakeFiles/Firmware.dir/USB_DEVICE/App/usbd_desc.c.obj
                0x08001564                USBD_FS_DeviceDescriptor
 .text.USBD_FS_LangIDStrDescriptor
                0x08001588       0x24 CMakeFiles/Firmware.dir/USB_DEVICE/App/usbd_desc.c.obj
                0x08001588                USBD_FS_LangIDStrDescriptor
 .text.USBD_FS_ProductStrDescriptor
                0x080015ac       0x3c CMakeFiles/Firmware.dir/USB_DEVICE/App/usbd_desc.c.obj
                0x080015ac                USBD_FS_ProductStrDescriptor
 .text.USBD_FS_ManufacturerStrDescriptor
                0x080015e8       0x28 CMakeFiles/Firmware.dir/USB_DEVICE/App/usbd_desc.c.obj
                0x080015e8                USBD_FS_ManufacturerStrDescriptor
 .text.USBD_FS_SerialStrDescriptor
                0x08001610       0x24 CMakeFiles/Firmware.dir/USB_DEVICE/App/usbd_desc.c.obj
                0x08001610                USBD_FS_SerialStrDescriptor
 .text.USBD_FS_ConfigStrDescriptor
                0x08001634       0x3c CMakeFiles/Firmware.dir/USB_DEVICE/App/usbd_desc.c.obj
                0x08001634                USBD_FS_ConfigStrDescriptor
 .text.USBD_FS_InterfaceStrDescriptor
                0x08001670       0x3c CMakeFiles/Firmware.dir/USB_DEVICE/App/usbd_desc.c.obj
                0x08001670                USBD_FS_InterfaceStrDescriptor
 .text.Get_SerialNum
                0x080016ac       0x58 CMakeFiles/Firmware.dir/USB_DEVICE/App/usbd_desc.c.obj
 .text.IntToUnicode
                0x08001704       0x7e CMakeFiles/Firmware.dir/USB_DEVICE/App/usbd_desc.c.obj
 *fill*         0x08001782        0x2 
 .text.CDC_Init_FS
                0x08001784       0x28 CMakeFiles/Firmware.dir/USB_DEVICE/App/usbd_cdc_if.c.obj
 .text.CDC_DeInit_FS
                0x080017ac       0x10 CMakeFiles/Firmware.dir/USB_DEVICE/App/usbd_cdc_if.c.obj
 .text.CDC_Control_FS
                0x080017bc       0xbc CMakeFiles/Firmware.dir/USB_DEVICE/App/usbd_cdc_if.c.obj
 .text.CDC_Receive_FS
                0x08001878       0x28 CMakeFiles/Firmware.dir/USB_DEVICE/App/usbd_cdc_if.c.obj
 .text.CDC_Transmit_FS
                0x080018a0       0x4c CMakeFiles/Firmware.dir/USB_DEVICE/App/usbd_cdc_if.c.obj
                0x080018a0                CDC_Transmit_FS
 .text.CDC_TransmitCplt_FS
                0x080018ec       0x22 CMakeFiles/Firmware.dir/USB_DEVICE/App/usbd_cdc_if.c.obj
 *fill*         0x0800190e        0x2 
 .text.main     0x08001910      0x2ec CMakeFiles/Firmware.dir/Core/Src/main.c.obj
                0x08001910                main
 .text.SystemClock_Config
                0x08001bfc       0xd0 CMakeFiles/Firmware.dir/Core/Src/main.c.obj
                0x08001bfc                SystemClock_Config
 .text.MX_I2C1_Init
                0x08001ccc       0x5c CMakeFiles/Firmware.dir/Core/Src/main.c.obj
 .text.MX_GPIO_Init
                0x08001d28       0xc0 CMakeFiles/Firmware.dir/Core/Src/main.c.obj
 .text._write   0x08001de8      0x108 CMakeFiles/Firmware.dir/Core/Src/main.c.obj
                0x08001de8                _write
 .text.Error_Handler
                0x08001ef0        0xc CMakeFiles/Firmware.dir/Core/Src/main.c.obj
                0x08001ef0                Error_Handler
 .text.NMI_Handler
                0x08001efc        0x8 CMakeFiles/Firmware.dir/Core/Src/stm32f4xx_it.c.obj
                0x08001efc                NMI_Handler
 .text.HardFault_Handler
                0x08001f04       0x30 CMakeFiles/Firmware.dir/Core/Src/stm32f4xx_it.c.obj
                0x08001f04                HardFault_Handler
 .text.MemManage_Handler
                0x08001f34        0x8 CMakeFiles/Firmware.dir/Core/Src/stm32f4xx_it.c.obj
                0x08001f34                MemManage_Handler
 .text.BusFault_Handler
                0x08001f3c        0x8 CMakeFiles/Firmware.dir/Core/Src/stm32f4xx_it.c.obj
                0x08001f3c                BusFault_Handler
 .text.UsageFault_Handler
                0x08001f44        0x8 CMakeFiles/Firmware.dir/Core/Src/stm32f4xx_it.c.obj
                0x08001f44                UsageFault_Handler
 .text.SVC_Handler
                0x08001f4c        0xe CMakeFiles/Firmware.dir/Core/Src/stm32f4xx_it.c.obj
                0x08001f4c                SVC_Handler
 .text.DebugMon_Handler
                0x08001f5a        0xe CMakeFiles/Firmware.dir/Core/Src/stm32f4xx_it.c.obj
                0x08001f5a                DebugMon_Handler
 .text.PendSV_Handler
                0x08001f68        0xe CMakeFiles/Firmware.dir/Core/Src/stm32f4xx_it.c.obj
                0x08001f68                PendSV_Handler
 .text.SysTick_Handler
                0x08001f76        0xc CMakeFiles/Firmware.dir/Core/Src/stm32f4xx_it.c.obj
                0x08001f76                SysTick_Handler
 *fill*         0x08001f82        0x2 
 .text.OTG_FS_IRQHandler
                0x08001f84       0x14 CMakeFiles/Firmware.dir/Core/Src/stm32f4xx_it.c.obj
                0x08001f84                OTG_FS_IRQHandler
 .text.HAL_MspInit
                0x08001f98       0x50 CMakeFiles/Firmware.dir/Core/Src/stm32f4xx_hal_msp.c.obj
                0x08001f98                HAL_MspInit
 .text.HAL_I2C_MspInit
                0x08001fe8       0x90 CMakeFiles/Firmware.dir/Core/Src/stm32f4xx_hal_msp.c.obj
                0x08001fe8                HAL_I2C_MspInit
 .text._sbrk    0x08002078       0x6c CMakeFiles/Firmware.dir/Core/Src/sysmem.c.obj
                0x08002078                _sbrk
 .text._getpid  0x080020e4       0x10 CMakeFiles/Firmware.dir/Core/Src/syscalls.c.obj
                0x080020e4                _getpid
 .text._kill    0x080020f4       0x20 CMakeFiles/Firmware.dir/Core/Src/syscalls.c.obj
                0x080020f4                _kill
 .text._exit    0x08002114       0x16 CMakeFiles/Firmware.dir/Core/Src/syscalls.c.obj
                0x08002114                _exit
 .text._read    0x0800212a       0x3a CMakeFiles/Firmware.dir/Core/Src/syscalls.c.obj
                0x0800212a                _read
 .text._close   0x08002164       0x18 CMakeFiles/Firmware.dir/Core/Src/syscalls.c.obj
                0x08002164                _close
 .text._fstat   0x0800217c       0x20 CMakeFiles/Firmware.dir/Core/Src/syscalls.c.obj
                0x0800217c                _fstat
 .text._isatty  0x0800219c       0x16 CMakeFiles/Firmware.dir/Core/Src/syscalls.c.obj
                0x0800219c                _isatty
 .text._lseek   0x080021b2       0x1a CMakeFiles/Firmware.dir/Core/Src/syscalls.c.obj
                0x080021b2                _lseek
 .text.Reset_Handler
                0x080021cc       0x50 CMakeFiles/Firmware.dir/startup_stm32f411xe.s.obj
                0x080021cc                Reset_Handler
 .text.Default_Handler
                0x0800221c        0x2 CMakeFiles/Firmware.dir/startup_stm32f411xe.s.obj
                0x0800221c                RTC_Alarm_IRQHandler
                0x0800221c                EXTI2_IRQHandler
                0x0800221c                SPI4_IRQHandler
                0x0800221c                TIM1_CC_IRQHandler
                0x0800221c                DMA2_Stream5_IRQHandler
                0x0800221c                DMA1_Stream5_IRQHandler
                0x0800221c                PVD_IRQHandler
                0x0800221c                SDIO_IRQHandler
                0x0800221c                TAMP_STAMP_IRQHandler
                0x0800221c                EXTI3_IRQHandler
                0x0800221c                TIM1_UP_TIM10_IRQHandler
                0x0800221c                I2C3_ER_IRQHandler
                0x0800221c                EXTI0_IRQHandler
                0x0800221c                I2C2_EV_IRQHandler
                0x0800221c                DMA1_Stream2_IRQHandler
                0x0800221c                FPU_IRQHandler
                0x0800221c                DMA2_Stream2_IRQHandler
                0x0800221c                SPI1_IRQHandler
                0x0800221c                TIM1_BRK_TIM9_IRQHandler
                0x0800221c                DMA2_Stream3_IRQHandler
                0x0800221c                USART6_IRQHandler
                0x0800221c                DMA2_Stream0_IRQHandler
                0x0800221c                TIM4_IRQHandler
                0x0800221c                I2C1_EV_IRQHandler
                0x0800221c                DMA1_Stream6_IRQHandler
                0x0800221c                DMA1_Stream1_IRQHandler
                0x0800221c                TIM3_IRQHandler
                0x0800221c                RCC_IRQHandler
                0x0800221c                Default_Handler
                0x0800221c                EXTI15_10_IRQHandler
                0x0800221c                ADC_IRQHandler
                0x0800221c                DMA1_Stream7_IRQHandler
                0x0800221c                SPI5_IRQHandler
                0x0800221c                TIM5_IRQHandler
                0x0800221c                DMA2_Stream7_IRQHandler
                0x0800221c                I2C3_EV_IRQHandler
                0x0800221c                EXTI9_5_IRQHandler
                0x0800221c                RTC_WKUP_IRQHandler
                0x0800221c                SPI2_IRQHandler
                0x0800221c                DMA1_Stream0_IRQHandler
                0x0800221c                EXTI4_IRQHandler
                0x0800221c                WWDG_IRQHandler
                0x0800221c                TIM2_IRQHandler
                0x0800221c                OTG_FS_WKUP_IRQHandler
                0x0800221c                TIM1_TRG_COM_TIM11_IRQHandler
                0x0800221c                EXTI1_IRQHandler
                0x0800221c                USART2_IRQHandler
                0x0800221c                I2C2_ER_IRQHandler
                0x0800221c                DMA2_Stream1_IRQHandler
                0x0800221c                FLASH_IRQHandler
                0x0800221c                DMA2_Stream4_IRQHandler
                0x0800221c                USART1_IRQHandler
                0x0800221c                SPI3_IRQHandler
                0x0800221c                DMA1_Stream4_IRQHandler
                0x0800221c                I2C1_ER_IRQHandler
                0x0800221c                DMA2_Stream6_IRQHandler
                0x0800221c                DMA1_Stream3_IRQHandler
 *fill*         0x0800221e        0x2 
 .text.mpu9250_get_accel_scale
                0x08002220       0x74 CMakeFiles/Firmware.dir/Drivers/MPU9250/mpu9250.c.obj
 .text.mpu9250_get_gyro_scale
                0x08002294       0x7c CMakeFiles/Firmware.dir/Drivers/MPU9250/mpu9250.c.obj
 .text.mpu9250_apply_accel_range
                0x08002310       0x56 CMakeFiles/Firmware.dir/Drivers/MPU9250/mpu9250.c.obj
 .text.mpu9250_apply_gyro_range
                0x08002366       0x56 CMakeFiles/Firmware.dir/Drivers/MPU9250/mpu9250.c.obj
 .text.mpu9250_set_clock
                0x080023bc       0x26 CMakeFiles/Firmware.dir/Drivers/MPU9250/mpu9250.c.obj
 .text.mpu9250_configure
                0x080023e2       0xa0 CMakeFiles/Firmware.dir/Drivers/MPU9250/mpu9250.c.obj
 .text.mpu9250_init
                0x08002482       0xd2 CMakeFiles/Firmware.dir/Drivers/MPU9250/mpu9250.c.obj
                0x08002482                mpu9250_init
 .text.mpu9250_set_accel_range
                0x08002554       0x3e CMakeFiles/Firmware.dir/Drivers/MPU9250/mpu9250.c.obj
                0x08002554                mpu9250_set_accel_range
 .text.mpu9250_set_gyro_range
                0x08002592       0x3e CMakeFiles/Firmware.dir/Drivers/MPU9250/mpu9250.c.obj
                0x08002592                mpu9250_set_gyro_range
 .text.mpu9250_read_data
                0x080025d0      0x1d0 CMakeFiles/Firmware.dir/Drivers/MPU9250/mpu9250.c.obj
                0x080025d0                mpu9250_read_data
 .text.mpu9250_read_register
                0x080027a0       0x52 CMakeFiles/Firmware.dir/Drivers/MPU9250/mpu9250.c.obj
                0x080027a0                mpu9250_read_register
 .text.mpu9250_write_register
                0x080027f2       0x4e CMakeFiles/Firmware.dir/Drivers/MPU9250/mpu9250.c.obj
                0x080027f2                mpu9250_write_register
 .text.get_status
                0x08002840       0x38 CMakeFiles/Firmware.dir/Drivers/Protocol/i2c_protocol.c.obj
 .text.i2c_protocol_init
                0x08002878       0x36 CMakeFiles/Firmware.dir/Drivers/Protocol/i2c_protocol.c.obj
                0x08002878                i2c_protocol_init
 .text.i2c_protocol_read
                0x080028ae       0x64 CMakeFiles/Firmware.dir/Drivers/Protocol/i2c_protocol.c.obj
                0x080028ae                i2c_protocol_read
 .text.i2c_protocol_write
                0x08002912       0x64 CMakeFiles/Firmware.dir/Drivers/Protocol/i2c_protocol.c.obj
                0x08002912                i2c_protocol_write
 *fill*         0x08002976        0x2 
 .text.SystemInit
                0x08002978       0x24 cmake/stm32cubemx/CMakeFiles/STM32_Drivers.dir/__/__/Core/Src/system_stm32f4xx.c.obj
                0x08002978                SystemInit
 .text.HAL_PCD_Init
                0x0800299c      0x21e cmake/stm32cubemx/CMakeFiles/STM32_Drivers.dir/__/__/Drivers/STM32F4xx_HAL_Driver/Src/stm32f4xx_hal_pcd.c.obj
                0x0800299c                HAL_PCD_Init
 .text.HAL_PCD_Start
                0x08002bba       0x6a cmake/stm32cubemx/CMakeFiles/STM32_Drivers.dir/__/__/Drivers/STM32F4xx_HAL_Driver/Src/stm32f4xx_hal_pcd.c.obj
                0x08002bba                HAL_PCD_Start
 .text.HAL_PCD_IRQHandler
                0x08002c24      0x942 cmake/stm32cubemx/CMakeFiles/STM32_Drivers.dir/__/__/Drivers/STM32F4xx_HAL_Driver/Src/stm32f4xx_hal_pcd.c.obj
                0x08002c24                HAL_PCD_IRQHandler
 .text.HAL_PCD_SetAddress
                0x08003566       0x48 cmake/stm32cubemx/CMakeFiles/STM32_Drivers.dir/__/__/Drivers/STM32F4xx_HAL_Driver/Src/stm32f4xx_hal_pcd.c.obj
                0x08003566                HAL_PCD_SetAddress
 .text.HAL_PCD_EP_Open
                0x080035ae       0xd4 cmake/stm32cubemx/CMakeFiles/STM32_Drivers.dir/__/__/Drivers/STM32F4xx_HAL_Driver/Src/stm32f4xx_hal_pcd.c.obj
                0x080035ae                HAL_PCD_EP_Open
 .text.HAL_PCD_EP_Close
                0x08003682       0x94 cmake/stm32cubemx/CMakeFiles/STM32_Drivers.dir/__/__/Drivers/STM32F4xx_HAL_Driver/Src/stm32f4xx_hal_pcd.c.obj
                0x08003682                HAL_PCD_EP_Close
 .text.HAL_PCD_EP_Receive
                0x08003716       0x76 cmake/stm32cubemx/CMakeFiles/STM32_Drivers.dir/__/__/Drivers/STM32F4xx_HAL_Driver/Src/stm32f4xx_hal_pcd.c.obj
                0x08003716                HAL_PCD_EP_Receive
 .text.HAL_PCD_EP_GetRxCount
                0x0800378c       0x30 cmake/stm32cubemx/CMakeFiles/STM32_Drivers.dir/__/__/Drivers/STM32F4xx_HAL_Driver/Src/stm32f4xx_hal_pcd.c.obj
                0x0800378c                HAL_PCD_EP_GetRxCount
 .text.HAL_PCD_EP_Transmit
                0x080037bc       0x74 cmake/stm32cubemx/CMakeFiles/STM32_Drivers.dir/__/__/Drivers/STM32F4xx_HAL_Driver/Src/stm32f4xx_hal_pcd.c.obj
                0x080037bc                HAL_PCD_EP_Transmit
 .text.HAL_PCD_EP_SetStall
                0x08003830       0xc6 cmake/stm32cubemx/CMakeFiles/STM32_Drivers.dir/__/__/Drivers/STM32F4xx_HAL_Driver/Src/stm32f4xx_hal_pcd.c.obj
                0x08003830                HAL_PCD_EP_SetStall
 .text.HAL_PCD_EP_ClrStall
                0x080038f6       0xac cmake/stm32cubemx/CMakeFiles/STM32_Drivers.dir/__/__/Drivers/STM32F4xx_HAL_Driver/Src/stm32f4xx_hal_pcd.c.obj
                0x080038f6                HAL_PCD_EP_ClrStall
 .text.HAL_PCD_EP_Abort
                0x080039a2       0x62 cmake/stm32cubemx/CMakeFiles/STM32_Drivers.dir/__/__/Drivers/STM32F4xx_HAL_Driver/Src/stm32f4xx_hal_pcd.c.obj
                0x080039a2                HAL_PCD_EP_Abort
 .text.PCD_WriteEmptyTxFifo
                0x08003a04      0x118 cmake/stm32cubemx/CMakeFiles/STM32_Drivers.dir/__/__/Drivers/STM32F4xx_HAL_Driver/Src/stm32f4xx_hal_pcd.c.obj
 .text.PCD_EP_OutXfrComplete_int
                0x08003b1c      0x1d0 cmake/stm32cubemx/CMakeFiles/STM32_Drivers.dir/__/__/Drivers/STM32F4xx_HAL_Driver/Src/stm32f4xx_hal_pcd.c.obj
 .text.PCD_EP_OutSetupPacket_int
                0x08003cec       0x8c cmake/stm32cubemx/CMakeFiles/STM32_Drivers.dir/__/__/Drivers/STM32F4xx_HAL_Driver/Src/stm32f4xx_hal_pcd.c.obj
 .text.HAL_PCDEx_SetTxFiFo
                0x08003d78       0x8e cmake/stm32cubemx/CMakeFiles/STM32_Drivers.dir/__/__/Drivers/STM32F4xx_HAL_Driver/Src/stm32f4xx_hal_pcd_ex.c.obj
                0x08003d78                HAL_PCDEx_SetTxFiFo
 .text.HAL_PCDEx_SetRxFiFo
                0x08003e06       0x22 cmake/stm32cubemx/CMakeFiles/STM32_Drivers.dir/__/__/Drivers/STM32F4xx_HAL_Driver/Src/stm32f4xx_hal_pcd_ex.c.obj
                0x08003e06                HAL_PCDEx_SetRxFiFo
 .text.HAL_PCDEx_LPM_Callback
                0x08003e28       0x18 cmake/stm32cubemx/CMakeFiles/STM32_Drivers.dir/__/__/Drivers/STM32F4xx_HAL_Driver/Src/stm32f4xx_hal_pcd_ex.c.obj
                0x08003e28                HAL_PCDEx_LPM_Callback
 .text.USB_CoreInit
                0x08003e40       0xc8 cmake/stm32cubemx/CMakeFiles/STM32_Drivers.dir/__/__/Drivers/STM32F4xx_HAL_Driver/Src/stm32f4xx_ll_usb.c.obj
                0x08003e40                USB_CoreInit
 .text.USB_SetTurnaroundTime
                0x08003f08      0x144 cmake/stm32cubemx/CMakeFiles/STM32_Drivers.dir/__/__/Drivers/STM32F4xx_HAL_Driver/Src/stm32f4xx_ll_usb.c.obj
                0x08003f08                USB_SetTurnaroundTime
 .text.USB_EnableGlobalInt
                0x0800404c       0x22 cmake/stm32cubemx/CMakeFiles/STM32_Drivers.dir/__/__/Drivers/STM32F4xx_HAL_Driver/Src/stm32f4xx_ll_usb.c.obj
                0x0800404c                USB_EnableGlobalInt
 .text.USB_DisableGlobalInt
                0x0800406e       0x22 cmake/stm32cubemx/CMakeFiles/STM32_Drivers.dir/__/__/Drivers/STM32F4xx_HAL_Driver/Src/stm32f4xx_ll_usb.c.obj
                0x0800406e                USB_DisableGlobalInt
 .text.USB_SetCurrentMode
                0x08004090       0x98 cmake/stm32cubemx/CMakeFiles/STM32_Drivers.dir/__/__/Drivers/STM32F4xx_HAL_Driver/Src/stm32f4xx_ll_usb.c.obj
                0x08004090                USB_SetCurrentMode
 .text.USB_DevInit
                0x08004128      0x2c8 cmake/stm32cubemx/CMakeFiles/STM32_Drivers.dir/__/__/Drivers/STM32F4xx_HAL_Driver/Src/stm32f4xx_ll_usb.c.obj
                0x08004128                USB_DevInit
 .text.USB_FlushTxFifo
                0x080043f0       0x64 cmake/stm32cubemx/CMakeFiles/STM32_Drivers.dir/__/__/Drivers/STM32F4xx_HAL_Driver/Src/stm32f4xx_ll_usb.c.obj
                0x080043f0                USB_FlushTxFifo
 .text.USB_FlushRxFifo
                0x08004454       0x5c cmake/stm32cubemx/CMakeFiles/STM32_Drivers.dir/__/__/Drivers/STM32F4xx_HAL_Driver/Src/stm32f4xx_ll_usb.c.obj
                0x08004454                USB_FlushRxFifo
 .text.USB_SetDevSpeed
                0x080044b0       0x32 cmake/stm32cubemx/CMakeFiles/STM32_Drivers.dir/__/__/Drivers/STM32F4xx_HAL_Driver/Src/stm32f4xx_ll_usb.c.obj
                0x080044b0                USB_SetDevSpeed
 .text.USB_GetDevSpeed
                0x080044e2       0x4a cmake/stm32cubemx/CMakeFiles/STM32_Drivers.dir/__/__/Drivers/STM32F4xx_HAL_Driver/Src/stm32f4xx_ll_usb.c.obj
                0x080044e2                USB_GetDevSpeed
 .text.USB_ActivateEndpoint
                0x0800452c      0x10e cmake/stm32cubemx/CMakeFiles/STM32_Drivers.dir/__/__/Drivers/STM32F4xx_HAL_Driver/Src/stm32f4xx_ll_usb.c.obj
                0x0800452c                USB_ActivateEndpoint
 *fill*         0x0800463a        0x2 
 .text.USB_DeactivateEndpoint
                0x0800463c      0x1b8 cmake/stm32cubemx/CMakeFiles/STM32_Drivers.dir/__/__/Drivers/STM32F4xx_HAL_Driver/Src/stm32f4xx_ll_usb.c.obj
                0x0800463c                USB_DeactivateEndpoint
 .text.USB_EPStartXfer
                0x080047f4      0x53c cmake/stm32cubemx/CMakeFiles/STM32_Drivers.dir/__/__/Drivers/STM32F4xx_HAL_Driver/Src/stm32f4xx_ll_usb.c.obj
                0x080047f4                USB_EPStartXfer
 .text.USB_EPStopXfer
                0x08004d30      0x154 cmake/stm32cubemx/CMakeFiles/STM32_Drivers.dir/__/__/Drivers/STM32F4xx_HAL_Driver/Src/stm32f4xx_ll_usb.c.obj
                0x08004d30                USB_EPStopXfer
 .text.USB_WritePacket
                0x08004e84       0x7c cmake/stm32cubemx/CMakeFiles/STM32_Drivers.dir/__/__/Drivers/STM32F4xx_HAL_Driver/Src/stm32f4xx_ll_usb.c.obj
                0x08004e84                USB_WritePacket
 .text.USB_ReadPacket
                0x08004f00       0xb0 cmake/stm32cubemx/CMakeFiles/STM32_Drivers.dir/__/__/Drivers/STM32F4xx_HAL_Driver/Src/stm32f4xx_ll_usb.c.obj
                0x08004f00                USB_ReadPacket
 .text.USB_EPSetStall
                0x08004fb0       0xdc cmake/stm32cubemx/CMakeFiles/STM32_Drivers.dir/__/__/Drivers/STM32F4xx_HAL_Driver/Src/stm32f4xx_ll_usb.c.obj
                0x08004fb0                USB_EPSetStall
 .text.USB_EPClearStall
                0x0800508c       0xcc cmake/stm32cubemx/CMakeFiles/STM32_Drivers.dir/__/__/Drivers/STM32F4xx_HAL_Driver/Src/stm32f4xx_ll_usb.c.obj
                0x0800508c                USB_EPClearStall
 .text.USB_SetDevAddress
                0x08005158       0x4c cmake/stm32cubemx/CMakeFiles/STM32_Drivers.dir/__/__/Drivers/STM32F4xx_HAL_Driver/Src/stm32f4xx_ll_usb.c.obj
                0x08005158                USB_SetDevAddress
 .text.USB_DevConnect
                0x080051a4       0x42 cmake/stm32cubemx/CMakeFiles/STM32_Drivers.dir/__/__/Drivers/STM32F4xx_HAL_Driver/Src/stm32f4xx_ll_usb.c.obj
                0x080051a4                USB_DevConnect
 .text.USB_DevDisconnect
                0x080051e6       0x42 cmake/stm32cubemx/CMakeFiles/STM32_Drivers.dir/__/__/Drivers/STM32F4xx_HAL_Driver/Src/stm32f4xx_ll_usb.c.obj
                0x080051e6                USB_DevDisconnect
 .text.USB_ReadInterrupts
                0x08005228       0x26 cmake/stm32cubemx/CMakeFiles/STM32_Drivers.dir/__/__/Drivers/STM32F4xx_HAL_Driver/Src/stm32f4xx_ll_usb.c.obj
                0x08005228                USB_ReadInterrupts
 .text.USB_ReadDevAllOutEpInterrupt
                0x0800524e       0x34 cmake/stm32cubemx/CMakeFiles/STM32_Drivers.dir/__/__/Drivers/STM32F4xx_HAL_Driver/Src/stm32f4xx_ll_usb.c.obj
                0x0800524e                USB_ReadDevAllOutEpInterrupt
 .text.USB_ReadDevAllInEpInterrupt
                0x08005282       0x34 cmake/stm32cubemx/CMakeFiles/STM32_Drivers.dir/__/__/Drivers/STM32F4xx_HAL_Driver/Src/stm32f4xx_ll_usb.c.obj
                0x08005282                USB_ReadDevAllInEpInterrupt
 .text.USB_ReadDevOutEPInterrupt
                0x080052b6       0x3c cmake/stm32cubemx/CMakeFiles/STM32_Drivers.dir/__/__/Drivers/STM32F4xx_HAL_Driver/Src/stm32f4xx_ll_usb.c.obj
                0x080052b6                USB_ReadDevOutEPInterrupt
 .text.USB_ReadDevInEPInterrupt
                0x080052f2       0x5c cmake/stm32cubemx/CMakeFiles/STM32_Drivers.dir/__/__/Drivers/STM32F4xx_HAL_Driver/Src/stm32f4xx_ll_usb.c.obj
                0x080052f2                USB_ReadDevInEPInterrupt
 .text.USB_GetMode
                0x0800534e       0x1c cmake/stm32cubemx/CMakeFiles/STM32_Drivers.dir/__/__/Drivers/STM32F4xx_HAL_Driver/Src/stm32f4xx_ll_usb.c.obj
                0x0800534e                USB_GetMode
 .text.USB_ActivateSetup
                0x0800536a       0x46 cmake/stm32cubemx/CMakeFiles/STM32_Drivers.dir/__/__/Drivers/STM32F4xx_HAL_Driver/Src/stm32f4xx_ll_usb.c.obj
                0x0800536a                USB_ActivateSetup
 .text.USB_EP0_OutStart
                0x080053b0       0xbc cmake/stm32cubemx/CMakeFiles/STM32_Drivers.dir/__/__/Drivers/STM32F4xx_HAL_Driver/Src/stm32f4xx_ll_usb.c.obj
                0x080053b0                USB_EP0_OutStart
 .text.USB_CoreReset
                0x0800546c       0x70 cmake/stm32cubemx/CMakeFiles/STM32_Drivers.dir/__/__/Drivers/STM32F4xx_HAL_Driver/Src/stm32f4xx_ll_usb.c.obj
 .text.HAL_RCC_OscConfig
                0x080054dc      0x4f0 cmake/stm32cubemx/CMakeFiles/STM32_Drivers.dir/__/__/Drivers/STM32F4xx_HAL_Driver/Src/stm32f4xx_hal_rcc.c.obj
                0x080054dc                HAL_RCC_OscConfig
 .text.HAL_RCC_ClockConfig
                0x080059cc      0x1cc cmake/stm32cubemx/CMakeFiles/STM32_Drivers.dir/__/__/Drivers/STM32F4xx_HAL_Driver/Src/stm32f4xx_hal_rcc.c.obj
                0x080059cc                HAL_RCC_ClockConfig
 .text.HAL_RCC_GetSysClockFreq
                0x08005b98      0x188 cmake/stm32cubemx/CMakeFiles/STM32_Drivers.dir/__/__/Drivers/STM32F4xx_HAL_Driver/Src/stm32f4xx_hal_rcc.c.obj
                0x08005b98                HAL_RCC_GetSysClockFreq
 .text.HAL_RCC_GetHCLKFreq
                0x08005d20       0x18 cmake/stm32cubemx/CMakeFiles/STM32_Drivers.dir/__/__/Drivers/STM32F4xx_HAL_Driver/Src/stm32f4xx_hal_rcc.c.obj
                0x08005d20                HAL_RCC_GetHCLKFreq
 .text.HAL_RCC_GetPCLK1Freq
                0x08005d38       0x28 cmake/stm32cubemx/CMakeFiles/STM32_Drivers.dir/__/__/Drivers/STM32F4xx_HAL_Driver/Src/stm32f4xx_hal_rcc.c.obj
                0x08005d38                HAL_RCC_GetPCLK1Freq
 .text.HAL_GPIO_Init
                0x08005d60      0x308 cmake/stm32cubemx/CMakeFiles/STM32_Drivers.dir/__/__/Drivers/STM32F4xx_HAL_Driver/Src/stm32f4xx_hal_gpio.c.obj
                0x08005d60                HAL_GPIO_Init
 .text.HAL_GPIO_WritePin
                0x08006068       0x32 cmake/stm32cubemx/CMakeFiles/STM32_Drivers.dir/__/__/Drivers/STM32F4xx_HAL_Driver/Src/stm32f4xx_hal_gpio.c.obj
                0x08006068                HAL_GPIO_WritePin
 .text.HAL_GPIO_TogglePin
                0x0800609a       0x34 cmake/stm32cubemx/CMakeFiles/STM32_Drivers.dir/__/__/Drivers/STM32F4xx_HAL_Driver/Src/stm32f4xx_hal_gpio.c.obj
                0x0800609a                HAL_GPIO_TogglePin
 *fill*         0x080060ce        0x2 
 .text.__NVIC_SetPriorityGrouping
                0x080060d0       0x48 cmake/stm32cubemx/CMakeFiles/STM32_Drivers.dir/__/__/Drivers/STM32F4xx_HAL_Driver/Src/stm32f4xx_hal_cortex.c.obj
 .text.__NVIC_GetPriorityGrouping
                0x08006118       0x1c cmake/stm32cubemx/CMakeFiles/STM32_Drivers.dir/__/__/Drivers/STM32F4xx_HAL_Driver/Src/stm32f4xx_hal_cortex.c.obj
 .text.__NVIC_EnableIRQ
                0x08006134       0x3c cmake/stm32cubemx/CMakeFiles/STM32_Drivers.dir/__/__/Drivers/STM32F4xx_HAL_Driver/Src/stm32f4xx_hal_cortex.c.obj
 .text.__NVIC_SetPriority
                0x08006170       0x54 cmake/stm32cubemx/CMakeFiles/STM32_Drivers.dir/__/__/Drivers/STM32F4xx_HAL_Driver/Src/stm32f4xx_hal_cortex.c.obj
 .text.NVIC_EncodePriority
                0x080061c4       0x66 cmake/stm32cubemx/CMakeFiles/STM32_Drivers.dir/__/__/Drivers/STM32F4xx_HAL_Driver/Src/stm32f4xx_hal_cortex.c.obj
 *fill*         0x0800622a        0x2 
 .text.SysTick_Config
                0x0800622c       0x44 cmake/stm32cubemx/CMakeFiles/STM32_Drivers.dir/__/__/Drivers/STM32F4xx_HAL_Driver/Src/stm32f4xx_hal_cortex.c.obj
 .text.HAL_NVIC_SetPriorityGrouping
                0x08006270       0x16 cmake/stm32cubemx/CMakeFiles/STM32_Drivers.dir/__/__/Drivers/STM32F4xx_HAL_Driver/Src/stm32f4xx_hal_cortex.c.obj
                0x08006270                HAL_NVIC_SetPriorityGrouping
 .text.HAL_NVIC_SetPriority
                0x08006286       0x38 cmake/stm32cubemx/CMakeFiles/STM32_Drivers.dir/__/__/Drivers/STM32F4xx_HAL_Driver/Src/stm32f4xx_hal_cortex.c.obj
                0x08006286                HAL_NVIC_SetPriority
 .text.HAL_NVIC_EnableIRQ
                0x080062be       0x1c cmake/stm32cubemx/CMakeFiles/STM32_Drivers.dir/__/__/Drivers/STM32F4xx_HAL_Driver/Src/stm32f4xx_hal_cortex.c.obj
                0x080062be                HAL_NVIC_EnableIRQ
 .text.HAL_SYSTICK_Config
                0x080062da       0x18 cmake/stm32cubemx/CMakeFiles/STM32_Drivers.dir/__/__/Drivers/STM32F4xx_HAL_Driver/Src/stm32f4xx_hal_cortex.c.obj
                0x080062da                HAL_SYSTICK_Config
 *fill*         0x080062f2        0x2 
 .text.HAL_Init
                0x080062f4       0x44 cmake/stm32cubemx/CMakeFiles/STM32_Drivers.dir/__/__/Drivers/STM32F4xx_HAL_Driver/Src/stm32f4xx_hal.c.obj
                0x080062f4                HAL_Init
 .text.HAL_InitTick
                0x08006338       0x60 cmake/stm32cubemx/CMakeFiles/STM32_Drivers.dir/__/__/Drivers/STM32F4xx_HAL_Driver/Src/stm32f4xx_hal.c.obj
                0x08006338                HAL_InitTick
 .text.HAL_IncTick
                0x08006398       0x28 cmake/stm32cubemx/CMakeFiles/STM32_Drivers.dir/__/__/Drivers/STM32F4xx_HAL_Driver/Src/stm32f4xx_hal.c.obj
                0x08006398                HAL_IncTick
 .text.HAL_GetTick
                0x080063c0       0x18 cmake/stm32cubemx/CMakeFiles/STM32_Drivers.dir/__/__/Drivers/STM32F4xx_HAL_Driver/Src/stm32f4xx_hal.c.obj
                0x080063c0                HAL_GetTick
 .text.HAL_Delay
                0x080063d8       0x48 cmake/stm32cubemx/CMakeFiles/STM32_Drivers.dir/__/__/Drivers/STM32F4xx_HAL_Driver/Src/stm32f4xx_hal.c.obj
                0x080063d8                HAL_Delay
 .text.HAL_I2C_Init
                0x08006420      0x288 cmake/stm32cubemx/CMakeFiles/STM32_Drivers.dir/__/__/Drivers/STM32F4xx_HAL_Driver/Src/stm32f4xx_hal_i2c.c.obj
                0x08006420                HAL_I2C_Init
 .text.HAL_I2C_Mem_Write
                0x080066a8      0x1f4 cmake/stm32cubemx/CMakeFiles/STM32_Drivers.dir/__/__/Drivers/STM32F4xx_HAL_Driver/Src/stm32f4xx_hal_i2c.c.obj
                0x080066a8                HAL_I2C_Mem_Write
 .text.HAL_I2C_Mem_Read
                0x0800689c      0x464 cmake/stm32cubemx/CMakeFiles/STM32_Drivers.dir/__/__/Drivers/STM32F4xx_HAL_Driver/Src/stm32f4xx_hal_i2c.c.obj
                0x0800689c                HAL_I2C_Mem_Read
 .text.I2C_RequestMemoryWrite
                0x08006d00      0x12c cmake/stm32cubemx/CMakeFiles/STM32_Drivers.dir/__/__/Drivers/STM32F4xx_HAL_Driver/Src/stm32f4xx_hal_i2c.c.obj
 .text.I2C_RequestMemoryRead
                0x08006e2c      0x1d0 cmake/stm32cubemx/CMakeFiles/STM32_Drivers.dir/__/__/Drivers/STM32F4xx_HAL_Driver/Src/stm32f4xx_hal_i2c.c.obj
 .text.I2C_WaitOnFlagUntilTimeout
                0x08006ffc       0xf4 cmake/stm32cubemx/CMakeFiles/STM32_Drivers.dir/__/__/Drivers/STM32F4xx_HAL_Driver/Src/stm32f4xx_hal_i2c.c.obj
 .text.I2C_WaitOnMasterAddressFlagUntilTimeout
                0x080070f0      0x140 cmake/stm32cubemx/CMakeFiles/STM32_Drivers.dir/__/__/Drivers/STM32F4xx_HAL_Driver/Src/stm32f4xx_hal_i2c.c.obj
 .text.I2C_WaitOnTXEFlagUntilTimeout
                0x08007230       0x90 cmake/stm32cubemx/CMakeFiles/STM32_Drivers.dir/__/__/Drivers/STM32F4xx_HAL_Driver/Src/stm32f4xx_hal_i2c.c.obj
 .text.I2C_WaitOnBTFFlagUntilTimeout
                0x080072c0       0x90 cmake/stm32cubemx/CMakeFiles/STM32_Drivers.dir/__/__/Drivers/STM32F4xx_HAL_Driver/Src/stm32f4xx_hal_i2c.c.obj
 .text.I2C_WaitOnRXNEFlagUntilTimeout
                0x08007350       0xba cmake/stm32cubemx/CMakeFiles/STM32_Drivers.dir/__/__/Drivers/STM32F4xx_HAL_Driver/Src/stm32f4xx_hal_i2c.c.obj
 .text.I2C_IsAcknowledgeFailed
                0x0800740a       0x5e cmake/stm32cubemx/CMakeFiles/STM32_Drivers.dir/__/__/Drivers/STM32F4xx_HAL_Driver/Src/stm32f4xx_hal_i2c.c.obj
 .text.USBD_Init
                0x08007468       0x60 cmake/stm32cubemx/CMakeFiles/USB_Device_Library.dir/__/__/Middlewares/ST/STM32_USB_Device_Library/Core/Src/usbd_core.c.obj
                0x08007468                USBD_Init
 .text.USBD_RegisterClass
                0x080074c8       0x6c cmake/stm32cubemx/CMakeFiles/USB_Device_Library.dir/__/__/Middlewares/ST/STM32_USB_Device_Library/Core/Src/usbd_core.c.obj
                0x080074c8                USBD_RegisterClass
 .text.USBD_Start
                0x08007534       0x18 cmake/stm32cubemx/CMakeFiles/USB_Device_Library.dir/__/__/Middlewares/ST/STM32_USB_Device_Library/Core/Src/usbd_core.c.obj
                0x08007534                USBD_Start
 .text.USBD_RunTestMode
                0x0800754c       0x16 cmake/stm32cubemx/CMakeFiles/USB_Device_Library.dir/__/__/Middlewares/ST/STM32_USB_Device_Library/Core/Src/usbd_core.c.obj
                0x0800754c                USBD_RunTestMode
 .text.USBD_SetClassConfig
                0x08007562       0x38 cmake/stm32cubemx/CMakeFiles/USB_Device_Library.dir/__/__/Middlewares/ST/STM32_USB_Device_Library/Core/Src/usbd_core.c.obj
                0x08007562                USBD_SetClassConfig
 .text.USBD_ClrClassConfig
                0x0800759a       0x34 cmake/stm32cubemx/CMakeFiles/USB_Device_Library.dir/__/__/Middlewares/ST/STM32_USB_Device_Library/Core/Src/usbd_core.c.obj
                0x0800759a                USBD_ClrClassConfig
 .text.USBD_LL_SetupStage
                0x080075ce       0xaa cmake/stm32cubemx/CMakeFiles/USB_Device_Library.dir/__/__/Middlewares/ST/STM32_USB_Device_Library/Core/Src/usbd_core.c.obj
                0x080075ce                USBD_LL_SetupStage
 .text.USBD_LL_DataOutStage
                0x08007678      0x178 cmake/stm32cubemx/CMakeFiles/USB_Device_Library.dir/__/__/Middlewares/ST/STM32_USB_Device_Library/Core/Src/usbd_core.c.obj
                0x08007678                USBD_LL_DataOutStage
 .text.USBD_LL_DataInStage
                0x080077f0      0x176 cmake/stm32cubemx/CMakeFiles/USB_Device_Library.dir/__/__/Middlewares/ST/STM32_USB_Device_Library/Core/Src/usbd_core.c.obj
                0x080077f0                USBD_LL_DataInStage
 .text.USBD_LL_Reset
                0x08007966       0xa6 cmake/stm32cubemx/CMakeFiles/USB_Device_Library.dir/__/__/Middlewares/ST/STM32_USB_Device_Library/Core/Src/usbd_core.c.obj
                0x08007966                USBD_LL_Reset
 .text.USBD_LL_SetSpeed
                0x08007a0c       0x20 cmake/stm32cubemx/CMakeFiles/USB_Device_Library.dir/__/__/Middlewares/ST/STM32_USB_Device_Library/Core/Src/usbd_core.c.obj
                0x08007a0c                USBD_LL_SetSpeed
 .text.USBD_LL_Suspend
                0x08007a2c       0x38 cmake/stm32cubemx/CMakeFiles/USB_Device_Library.dir/__/__/Middlewares/ST/STM32_USB_Device_Library/Core/Src/usbd_core.c.obj
                0x08007a2c                USBD_LL_Suspend
 .text.USBD_LL_Resume
                0x08007a64       0x30 cmake/stm32cubemx/CMakeFiles/USB_Device_Library.dir/__/__/Middlewares/ST/STM32_USB_Device_Library/Core/Src/usbd_core.c.obj
                0x08007a64                USBD_LL_Resume
 .text.USBD_LL_SOF
                0x08007a94       0x40 cmake/stm32cubemx/CMakeFiles/USB_Device_Library.dir/__/__/Middlewares/ST/STM32_USB_Device_Library/Core/Src/usbd_core.c.obj
                0x08007a94                USBD_LL_SOF
 .text.USBD_LL_IsoINIncomplete
                0x08007ad4       0x64 cmake/stm32cubemx/CMakeFiles/USB_Device_Library.dir/__/__/Middlewares/ST/STM32_USB_Device_Library/Core/Src/usbd_core.c.obj
                0x08007ad4                USBD_LL_IsoINIncomplete
 .text.USBD_LL_IsoOUTIncomplete
                0x08007b38       0x64 cmake/stm32cubemx/CMakeFiles/USB_Device_Library.dir/__/__/Middlewares/ST/STM32_USB_Device_Library/Core/Src/usbd_core.c.obj
                0x08007b38                USBD_LL_IsoOUTIncomplete
 .text.USBD_LL_DevConnected
                0x08007b9c       0x16 cmake/stm32cubemx/CMakeFiles/USB_Device_Library.dir/__/__/Middlewares/ST/STM32_USB_Device_Library/Core/Src/usbd_core.c.obj
                0x08007b9c                USBD_LL_DevConnected
 .text.USBD_LL_DevDisconnected
                0x08007bb2       0x46 cmake/stm32cubemx/CMakeFiles/USB_Device_Library.dir/__/__/Middlewares/ST/STM32_USB_Device_Library/Core/Src/usbd_core.c.obj
                0x08007bb2                USBD_LL_DevDisconnected
 .text.USBD_CoreFindIF
                0x08007bf8       0x1a cmake/stm32cubemx/CMakeFiles/USB_Device_Library.dir/__/__/Middlewares/ST/STM32_USB_Device_Library/Core/Src/usbd_core.c.obj
                0x08007bf8                USBD_CoreFindIF
 .text.USBD_CoreFindEP
                0x08007c12       0x1a cmake/stm32cubemx/CMakeFiles/USB_Device_Library.dir/__/__/Middlewares/ST/STM32_USB_Device_Library/Core/Src/usbd_core.c.obj
                0x08007c12                USBD_CoreFindEP
 .text.USBD_GetEpDesc
                0x08007c2c       0x70 cmake/stm32cubemx/CMakeFiles/USB_Device_Library.dir/__/__/Middlewares/ST/STM32_USB_Device_Library/Core/Src/usbd_core.c.obj
                0x08007c2c                USBD_GetEpDesc
 .text.USBD_GetNextDesc
                0x08007c9c       0x38 cmake/stm32cubemx/CMakeFiles/USB_Device_Library.dir/__/__/Middlewares/ST/STM32_USB_Device_Library/Core/Src/usbd_core.c.obj
                0x08007c9c                USBD_GetNextDesc
 .text.SWAPBYTE
                0x08007cd4       0x3e cmake/stm32cubemx/CMakeFiles/USB_Device_Library.dir/__/__/Middlewares/ST/STM32_USB_Device_Library/Core/Src/usbd_ctlreq.c.obj
 *fill*         0x08007d12        0x2 
 .text.USBD_StdDevReq
                0x08007d14       0xe4 cmake/stm32cubemx/CMakeFiles/USB_Device_Library.dir/__/__/Middlewares/ST/STM32_USB_Device_Library/Core/Src/usbd_ctlreq.c.obj
                0x08007d14                USBD_StdDevReq
 .text.USBD_StdItfReq
                0x08007df8       0xd8 cmake/stm32cubemx/CMakeFiles/USB_Device_Library.dir/__/__/Middlewares/ST/STM32_USB_Device_Library/Core/Src/usbd_ctlreq.c.obj
                0x08007df8                USBD_StdItfReq
 .text.USBD_StdEPReq
                0x08007ed0      0x33e cmake/stm32cubemx/CMakeFiles/USB_Device_Library.dir/__/__/Middlewares/ST/STM32_USB_Device_Library/Core/Src/usbd_ctlreq.c.obj
                0x08007ed0                USBD_StdEPReq
 *fill*         0x0800820e        0x2 
 .text.USBD_GetDescriptor
                0x08008210      0x2d4 cmake/stm32cubemx/CMakeFiles/USB_Device_Library.dir/__/__/Middlewares/ST/STM32_USB_Device_Library/Core/Src/usbd_ctlreq.c.obj
 .text.USBD_SetAddress
                0x080084e4       0x88 cmake/stm32cubemx/CMakeFiles/USB_Device_Library.dir/__/__/Middlewares/ST/STM32_USB_Device_Library/Core/Src/usbd_ctlreq.c.obj
 .text.USBD_SetConfig
                0x0800856c      0x154 cmake/stm32cubemx/CMakeFiles/USB_Device_Library.dir/__/__/Middlewares/ST/STM32_USB_Device_Library/Core/Src/usbd_ctlreq.c.obj
 .text.USBD_GetConfig
                0x080086c0       0x6c cmake/stm32cubemx/CMakeFiles/USB_Device_Library.dir/__/__/Middlewares/ST/STM32_USB_Device_Library/Core/Src/usbd_ctlreq.c.obj
 .text.USBD_GetStatus
                0x0800872c       0x68 cmake/stm32cubemx/CMakeFiles/USB_Device_Library.dir/__/__/Middlewares/ST/STM32_USB_Device_Library/Core/Src/usbd_ctlreq.c.obj
 .text.USBD_SetFeature
                0x08008794       0x52 cmake/stm32cubemx/CMakeFiles/USB_Device_Library.dir/__/__/Middlewares/ST/STM32_USB_Device_Library/Core/Src/usbd_ctlreq.c.obj
 .text.USBD_ClrFeature
                0x080087e6       0x44 cmake/stm32cubemx/CMakeFiles/USB_Device_Library.dir/__/__/Middlewares/ST/STM32_USB_Device_Library/Core/Src/usbd_ctlreq.c.obj
 .text.USBD_ParseSetupRequest
                0x0800882a       0x74 cmake/stm32cubemx/CMakeFiles/USB_Device_Library.dir/__/__/Middlewares/ST/STM32_USB_Device_Library/Core/Src/usbd_ctlreq.c.obj
                0x0800882a                USBD_ParseSetupRequest
 .text.USBD_CtlError
                0x0800889e       0x22 cmake/stm32cubemx/CMakeFiles/USB_Device_Library.dir/__/__/Middlewares/ST/STM32_USB_Device_Library/Core/Src/usbd_ctlreq.c.obj
                0x0800889e                USBD_CtlError
 .text.USBD_GetString
                0x080088c0       0xa4 cmake/stm32cubemx/CMakeFiles/USB_Device_Library.dir/__/__/Middlewares/ST/STM32_USB_Device_Library/Core/Src/usbd_ctlreq.c.obj
                0x080088c0                USBD_GetString
 .text.USBD_GetLen
                0x08008964       0x34 cmake/stm32cubemx/CMakeFiles/USB_Device_Library.dir/__/__/Middlewares/ST/STM32_USB_Device_Library/Core/Src/usbd_ctlreq.c.obj
 .text.USBD_CtlSendData
                0x08008998       0x3c cmake/stm32cubemx/CMakeFiles/USB_Device_Library.dir/__/__/Middlewares/ST/STM32_USB_Device_Library/Core/Src/usbd_ioreq.c.obj
                0x08008998                USBD_CtlSendData
 .text.USBD_CtlContinueSendData
                0x080089d4       0x22 cmake/stm32cubemx/CMakeFiles/USB_Device_Library.dir/__/__/Middlewares/ST/STM32_USB_Device_Library/Core/Src/usbd_ioreq.c.obj
                0x080089d4                USBD_CtlContinueSendData
 .text.USBD_CtlPrepareRx
                0x080089f6       0x42 cmake/stm32cubemx/CMakeFiles/USB_Device_Library.dir/__/__/Middlewares/ST/STM32_USB_Device_Library/Core/Src/usbd_ioreq.c.obj
                0x080089f6                USBD_CtlPrepareRx
 .text.USBD_CtlContinueRx
                0x08008a38       0x22 cmake/stm32cubemx/CMakeFiles/USB_Device_Library.dir/__/__/Middlewares/ST/STM32_USB_Device_Library/Core/Src/usbd_ioreq.c.obj
                0x08008a38                USBD_CtlContinueRx
 .text.USBD_CtlSendStatus
                0x08008a5a       0x26 cmake/stm32cubemx/CMakeFiles/USB_Device_Library.dir/__/__/Middlewares/ST/STM32_USB_Device_Library/Core/Src/usbd_ioreq.c.obj
                0x08008a5a                USBD_CtlSendStatus
 .text.USBD_CtlReceiveStatus
                0x08008a80       0x26 cmake/stm32cubemx/CMakeFiles/USB_Device_Library.dir/__/__/Middlewares/ST/STM32_USB_Device_Library/Core/Src/usbd_ioreq.c.obj
                0x08008a80                USBD_CtlReceiveStatus
 *fill*         0x08008aa6        0x2 
 .text.USBD_CDC_Init
                0x08008aa8      0x1f0 cmake/stm32cubemx/CMakeFiles/USB_Device_Library.dir/__/__/Middlewares/ST/STM32_USB_Device_Library/Class/CDC/Src/usbd_cdc.c.obj
 .text.USBD_CDC_DeInit
                0x08008c98      0x104 cmake/stm32cubemx/CMakeFiles/USB_Device_Library.dir/__/__/Middlewares/ST/STM32_USB_Device_Library/Class/CDC/Src/usbd_cdc.c.obj
 .text.USBD_CDC_Setup
                0x08008d9c      0x1b8 cmake/stm32cubemx/CMakeFiles/USB_Device_Library.dir/__/__/Middlewares/ST/STM32_USB_Device_Library/Class/CDC/Src/usbd_cdc.c.obj
 .text.USBD_CDC_DataIn
                0x08008f54       0xfe cmake/stm32cubemx/CMakeFiles/USB_Device_Library.dir/__/__/Middlewares/ST/STM32_USB_Device_Library/Class/CDC/Src/usbd_cdc.c.obj
 .text.USBD_CDC_DataOut
                0x08009052       0x70 cmake/stm32cubemx/CMakeFiles/USB_Device_Library.dir/__/__/Middlewares/ST/STM32_USB_Device_Library/Class/CDC/Src/usbd_cdc.c.obj
 .text.USBD_CDC_EP0_RxReady
                0x080090c2       0x74 cmake/stm32cubemx/CMakeFiles/USB_Device_Library.dir/__/__/Middlewares/ST/STM32_USB_Device_Library/Class/CDC/Src/usbd_cdc.c.obj
 *fill*         0x08009136        0x2 
 .text.USBD_CDC_GetFSCfgDesc
                0x08009138       0x70 cmake/stm32cubemx/CMakeFiles/USB_Device_Library.dir/__/__/Middlewares/ST/STM32_USB_Device_Library/Class/CDC/Src/usbd_cdc.c.obj
 .text.USBD_CDC_GetHSCfgDesc
                0x080091a8       0x70 cmake/stm32cubemx/CMakeFiles/USB_Device_Library.dir/__/__/Middlewares/ST/STM32_USB_Device_Library/Class/CDC/Src/usbd_cdc.c.obj
 .text.USBD_CDC_GetOtherSpeedCfgDesc
                0x08009218       0x70 cmake/stm32cubemx/CMakeFiles/USB_Device_Library.dir/__/__/Middlewares/ST/STM32_USB_Device_Library/Class/CDC/Src/usbd_cdc.c.obj
 .text.USBD_CDC_GetDeviceQualifierDescriptor
                0x08009288       0x20 cmake/stm32cubemx/CMakeFiles/USB_Device_Library.dir/__/__/Middlewares/ST/STM32_USB_Device_Library/Class/CDC/Src/usbd_cdc.c.obj
                0x08009288                USBD_CDC_GetDeviceQualifierDescriptor
 .text.USBD_CDC_RegisterInterface
                0x080092a8       0x34 cmake/stm32cubemx/CMakeFiles/USB_Device_Library.dir/__/__/Middlewares/ST/STM32_USB_Device_Library/Class/CDC/Src/usbd_cdc.c.obj
                0x080092a8                USBD_CDC_RegisterInterface
 .text.USBD_CDC_SetTxBuffer
                0x080092dc       0x44 cmake/stm32cubemx/CMakeFiles/USB_Device_Library.dir/__/__/Middlewares/ST/STM32_USB_Device_Library/Class/CDC/Src/usbd_cdc.c.obj
                0x080092dc                USBD_CDC_SetTxBuffer
 .text.USBD_CDC_SetRxBuffer
                0x08009320       0x3a cmake/stm32cubemx/CMakeFiles/USB_Device_Library.dir/__/__/Middlewares/ST/STM32_USB_Device_Library/Class/CDC/Src/usbd_cdc.c.obj
                0x08009320                USBD_CDC_SetRxBuffer
 *fill*         0x0800935a        0x2 
 .text.USBD_CDC_TransmitPacket
                0x0800935c       0x80 cmake/stm32cubemx/CMakeFiles/USB_Device_Library.dir/__/__/Middlewares/ST/STM32_USB_Device_Library/Class/CDC/Src/usbd_cdc.c.obj
                0x0800935c                USBD_CDC_TransmitPacket
 .text.USBD_CDC_ReceivePacket
                0x080093dc       0x6c cmake/stm32cubemx/CMakeFiles/USB_Device_Library.dir/__/__/Middlewares/ST/STM32_USB_Device_Library/Class/CDC/Src/usbd_cdc.c.obj
                0x080093dc                USBD_CDC_ReceivePacket
 .text.vec3_zero
                0x08009448       0x2c ../Core/libhelius_core.a(vec3.c.obj)
                0x08009448                vec3_zero
 .text.vec3_sub
                0x08009474       0x5a ../Core/libhelius_core.a(vec3.c.obj)
                0x08009474                vec3_sub
 .text.vec3_scale
                0x080094ce       0x56 ../Core/libhelius_core.a(vec3.c.obj)
                0x080094ce                vec3_scale
 .text.vec3_dot
                0x08009524       0x50 ../Core/libhelius_core.a(vec3.c.obj)
                0x08009524                vec3_dot
 .text.vec3_length
                0x08009574       0x56 ../Core/libhelius_core.a(vec3.c.obj)
                0x08009574                vec3_length
 *fill*         0x080095ca        0x2 
 .text.vec3_normalize
                0x080095cc       0x64 ../Core/libhelius_core.a(vec3.c.obj)
                0x080095cc                vec3_normalize
 .text.vec3_all_finite
                0x08009630       0x9c ../Core/libhelius_core.a(ahrs.c.obj)
 .text.quat_all_finite
                0x080096cc       0xc4 ../Core/libhelius_core.a(ahrs.c.obj)
 .text.mat6_symmetrize_and_clamp
                0x08009790      0x164 ../Core/libhelius_core.a(ahrs.c.obj)
 .text.ahrs_init
                0x080098f4      0x102 ../Core/libhelius_core.a(ahrs.c.obj)
                0x080098f4                ahrs_init
 *fill*         0x080099f6        0x2 
 .text.ahrs_predict
                0x080099f8      0x24c ../Core/libhelius_core.a(ahrs.c.obj)
                0x080099f8                ahrs_predict
 .text.ahrs_accel_update
                0x08009c44      0x6f4 ../Core/libhelius_core.a(ahrs.c.obj)
                0x08009c44                ahrs_accel_update
 .text.ahrs_get_attitude_euler
                0x0800a338       0x42 ../Core/libhelius_core.a(ahrs.c.obj)
                0x0800a338                ahrs_get_attitude_euler
 .text.quat_identity
                0x0800a37a       0x34 ../Core/libhelius_core.a(quat.c.obj)
                0x0800a37a                quat_identity
 *fill*         0x0800a3ae        0x2 
 .text.quat_normalize
                0x0800a3b0       0xd8 ../Core/libhelius_core.a(quat.c.obj)
                0x0800a3b0                quat_normalize
 .text.quat_conjugate
                0x0800a488       0x4e ../Core/libhelius_core.a(quat.c.obj)
                0x0800a488                quat_conjugate
 .text.quat_multiply
                0x0800a4d6      0x164 ../Core/libhelius_core.a(quat.c.obj)
                0x0800a4d6                quat_multiply
 .text.quat_rotate_vector_inverse
                0x0800a63a       0x6c ../Core/libhelius_core.a(quat.c.obj)
                0x0800a63a                quat_rotate_vector_inverse
 .text.quat_from_axis_angle
                0x0800a6a6       0x88 ../Core/libhelius_core.a(quat.c.obj)
                0x0800a6a6                quat_from_axis_angle
 *fill*         0x0800a72e        0x2 
 .text.quat_from_angular_velocity
                0x0800a730       0x64 ../Core/libhelius_core.a(quat.c.obj)
                0x0800a730                quat_from_angular_velocity
 .text.quat_from_small_angle
                0x0800a794       0x6a ../Core/libhelius_core.a(quat.c.obj)
                0x0800a794                quat_from_small_angle
 *fill*         0x0800a7fe        0x2 
 .text.quat_to_euler
                0x0800a800      0x170 ../Core/libhelius_core.a(quat.c.obj)
                0x0800a800                quat_to_euler
 .text.mat3_zero
                0x0800a970       0x52 ../Core/libhelius_core.a(mat3.c.obj)
                0x0800a970                mat3_zero
 .text.mat3_add
                0x0800a9c2       0x84 ../Core/libhelius_core.a(mat3.c.obj)
                0x0800a9c2                mat3_add
 *fill*         0x0800aa46        0x2 
 .text.mat3_inverse
                0x0800aa48      0x2a8 ../Core/libhelius_core.a(mat3.c.obj)
                0x0800aa48                mat3_inverse
 .text.mat6_zero
                0x0800acf0       0x54 ../Core/libhelius_core.a(mat6.c.obj)
                0x0800acf0                mat6_zero
 .text.mat6_identity
                0x0800ad44       0x3e ../Core/libhelius_core.a(mat6.c.obj)
                0x0800ad44                mat6_identity
 .text.mat6_add
                0x0800ad82       0x8a ../Core/libhelius_core.a(mat6.c.obj)
                0x0800ad82                mat6_add
 .text.mat6_sub
                0x0800ae0c       0x8a ../Core/libhelius_core.a(mat6.c.obj)
                0x0800ae0c                mat6_sub
 *fill*         0x0800ae96        0x2 
 .text.mat6_multiply
                0x0800ae98       0xd0 ../Core/libhelius_core.a(mat6.c.obj)
                0x0800ae98                mat6_multiply
 .text.mat6_transpose
                0x0800af68       0x7c ../Core/libhelius_core.a(mat6.c.obj)
                0x0800af68                mat6_transpose
 .text.mat3x6_zero
                0x0800afe4       0x54 ../Core/libhelius_core.a(mat_ret.c.obj)
                0x0800afe4                mat3x6_zero
 .text.mat3x6_transpose
                0x0800b038       0x66 ../Core/libhelius_core.a(mat_ret.c.obj)
                0x0800b038                mat3x6_transpose
 .text.mat3x6_multiply_mat6
                0x0800b09e      0x15a ../Core/libhelius_core.a(mat_ret.c.obj)
                0x0800b09e                mat3x6_multiply_mat6
 .text.mat3x6_multiply_mat6x3
                0x0800b1f8      0x14c ../Core/libhelius_core.a(mat_ret.c.obj)
                0x0800b1f8                mat3x6_multiply_mat6x3
 .text.mat6x3_multiply_vector
                0x0800b344      0x18c ../Core/libhelius_core.a(mat_ret.c.obj)
                0x0800b344                mat6x3_multiply_vector
 .text.mat6x3_multiply_mat3
                0x0800b4d0       0xd6 ../Core/libhelius_core.a(mat_ret.c.obj)
                0x0800b4d0                mat6x3_multiply_mat3
 .text.mat6x3_multiply_mat3x6
                0x0800b5a6       0xcc ../Core/libhelius_core.a(mat_ret.c.obj)
                0x0800b5a6                mat6x3_multiply_mat3x6
 .text.mat6_multiply_mat6x3
                0x0800b672      0x158 ../Core/libhelius_core.a(mat_ret.c.obj)
                0x0800b672                mat6_multiply_mat6x3
 *fill*         0x0800b7ca        0x2 
 .text.asinf    0x0800b7cc       0x58 /home/breno/.local/share/stm32cube/bundles/gnu-tools-for-stm32/14.3.1+st.2/bin/../lib/gcc/arm-none-eabi/14.3.1/../../../../arm-none-eabi/lib/thumb/v7e-m+fp/hard/libm.a(libm_a-wf_asin.o)
                0x0800b7cc                asinf
 .text.atan2f   0x0800b824        0x4 /home/breno/.local/share/stm32cube/bundles/gnu-tools-for-stm32/14.3.1+st.2/bin/../lib/gcc/arm-none-eabi/14.3.1/../../../../arm-none-eabi/lib/thumb/v7e-m+fp/hard/libm.a(libm_a-wf_atan2.o)
                0x0800b824                atan2f
 .text.sqrtf    0x0800b828       0x44 /home/breno/.local/share/stm32cube/bundles/gnu-tools-for-stm32/14.3.1+st.2/bin/../lib/gcc/arm-none-eabi/14.3.1/../../../../arm-none-eabi/lib/thumb/v7e-m+fp/hard/libm.a(libm_a-wf_sqrt.o)
                0x0800b828                sqrtf
 .text.cosf     0x0800b86c       0x70 /home/breno/.local/share/stm32cube/bundles/gnu-tools-for-stm32/14.3.1+st.2/bin/../lib/gcc/arm-none-eabi/14.3.1/../../../../arm-none-eabi/lib/thumb/v7e-m+fp/hard/libm.a(libm_a-sf_cos.o)
                0x0800b86c                cosf
 .text.fabsf    0x0800b8dc       0x10 /home/breno/.local/share/stm32cube/bundles/gnu-tools-for-stm32/14.3.1+st.2/bin/../lib/gcc/arm-none-eabi/14.3.1/../../../../arm-none-eabi/lib/thumb/v7e-m+fp/hard/libm.a(libm_a-sf_fabs.o)
                0x0800b8dc                fabsf
 .text.sinf     0x0800b8ec       0x74 /home/breno/.local/share/stm32cube/bundles/gnu-tools-for-stm32/14.3.1+st.2/bin/../lib/gcc/arm-none-eabi/14.3.1/../../../../arm-none-eabi/lib/thumb/v7e-m+fp/hard/libm.a(libm_a-sf_sin.o)
                0x0800b8ec                sinf
 .text.copysignf
                0x0800b960       0x18 /home/breno/.local/share/stm32cube/bundles/gnu-tools-for-stm32/14.3.1+st.2/bin/../lib/gcc/arm-none-eabi/14.3.1/../../../../arm-none-eabi/lib/thumb/v7e-m+fp/hard/libm.a(libm_a-sf_copysign.o)
                0x0800b960                copysignf
 .text.nanf     0x0800b978        0xc /home/breno/.local/share/stm32cube/bundles/gnu-tools-for-stm32/14.3.1+st.2/bin/../lib/gcc/arm-none-eabi/14.3.1/../../../../arm-none-eabi/lib/thumb/v7e-m+fp/hard/libm.a(libm_a-sf_nan.o)
                0x0800b978                nanf
 .text.__ieee754_sqrtf
                0x0800b984        0x8 /home/breno/.local/share/stm32cube/bundles/gnu-tools-for-stm32/14.3.1+st.2/bin/../lib/gcc/arm-none-eabi/14.3.1/../../../../arm-none-eabi/lib/thumb/v7e-m+fp/hard/libm.a(libm_a-ef_sqrt.o)
                0x0800b984                __ieee754_sqrtf
 .text.__kernel_cosf
                0x0800b98c      0x104 /home/breno/.local/share/stm32cube/bundles/gnu-tools-for-stm32/14.3.1+st.2/bin/../lib/gcc/arm-none-eabi/14.3.1/../../../../arm-none-eabi/lib/thumb/v7e-m+fp/hard/libm.a(libm_a-kf_cos.o)
                0x0800b98c                __kernel_cosf
 .text.__kernel_sinf
                0x0800ba90       0x90 /home/breno/.local/share/stm32cube/bundles/gnu-tools-for-stm32/14.3.1+st.2/bin/../lib/gcc/arm-none-eabi/14.3.1/../../../../arm-none-eabi/lib/thumb/v7e-m+fp/hard/libm.a(libm_a-kf_sin.o)
                0x0800ba90                __kernel_sinf
 .text.__ieee754_asinf
                0x0800bb20      0x1f4 /home/breno/.local/share/stm32cube/bundles/gnu-tools-for-stm32/14.3.1+st.2/bin/../lib/gcc/arm-none-eabi/14.3.1/../../../../arm-none-eabi/lib/thumb/v7e-m+fp/hard/libm.a(libm_a-ef_asin.o)
                0x0800bb20                __ieee754_asinf
 .text.__ieee754_atan2f
                0x0800bd14      0x14c /home/breno/.local/share/stm32cube/bundles/gnu-tools-for-stm32/14.3.1+st.2/bin/../lib/gcc/arm-none-eabi/14.3.1/../../../../arm-none-eabi/lib/thumb/v7e-m+fp/hard/libm.a(libm_a-ef_atan2.o)
                0x0800bd14                __ieee754_atan2f
 .text.__ieee754_rem_pio2f
                0x0800be60      0x26c /home/breno/.local/share/stm32cube/bundles/gnu-tools-for-stm32/14.3.1+st.2/bin/../lib/gcc/arm-none-eabi/14.3.1/../../../../arm-none-eabi/lib/thumb/v7e-m+fp/hard/libm.a(libm_a-ef_rem_pio2.o)
                0x0800be60                __ieee754_rem_pio2f
 .text.atanf    0x0800c0cc      0x1a4 /home/breno/.local/share/stm32cube/bundles/gnu-tools-for-stm32/14.3.1+st.2/bin/../lib/gcc/arm-none-eabi/14.3.1/../../../../arm-none-eabi/lib/thumb/v7e-m+fp/hard/libm.a(libm_a-sf_atan.o)
                0x0800c0cc                atanf
 .text.__kernel_rem_pio2f
                0x0800c270      0x68c /home/breno/.local/share/stm32cube/bundles/gnu-tools-for-stm32/14.3.1+st.2/bin/../lib/gcc/arm-none-eabi/14.3.1/../../../../arm-none-eabi/lib/thumb/v7e-m+fp/hard/libm.a(libm_a-kf_rem_pio2.o)
                0x0800c270                __kernel_rem_pio2f
 .text.scalbnf  0x0800c8fc       0xdc /home/breno/.local/share/stm32cube/bundles/gnu-tools-for-stm32/14.3.1+st.2/bin/../lib/gcc/arm-none-eabi/14.3.1/../../../../arm-none-eabi/lib/thumb/v7e-m+fp/hard/libm.a(libm_a-sf_scalbn.o)
                0x0800c8fc                scalbnf
 .text.floorf   0x0800c9d8       0x94 /home/breno/.local/share/stm32cube/bundles/gnu-tools-for-stm32/14.3.1+st.2/bin/../lib/gcc/arm-none-eabi/14.3.1/../../../../arm-none-eabi/lib/thumb/v7e-m+fp/hard/libm.a(libm_a-sf_floor.o)
                0x0800c9d8                floorf
 .text.__cvt    0x0800ca6c       0xca /home/breno/.local/share/stm32cube/bundles/gnu-tools-for-stm32/14.3.1+st.2/bin/../lib/gcc/arm-none-eabi/14.3.1/../../../../arm-none-eabi/lib/thumb/v7e-m+fp/hard/libg_nano.a(libc_a-nano-vfprintf_float.o)
                0x0800ca6c                __cvt
 .text.__exponent
                0x0800cb36       0x74 /home/breno/.local/share/stm32cube/bundles/gnu-tools-for-stm32/14.3.1+st.2/bin/../lib/gcc/arm-none-eabi/14.3.1/../../../../arm-none-eabi/lib/thumb/v7e-m+fp/hard/libg_nano.a(libc_a-nano-vfprintf_float.o)
                0x0800cb36                __exponent
 *fill*         0x0800cbaa        0x2 
 .text._printf_float
                0x0800cbac      0x450 /home/breno/.local/share/stm32cube/bundles/gnu-tools-for-stm32/14.3.1+st.2/bin/../lib/gcc/arm-none-eabi/14.3.1/../../../../arm-none-eabi/lib/thumb/v7e-m+fp/hard/libg_nano.a(libc_a-nano-vfprintf_float.o)
                0x0800cbac                _printf_float
 .text._printf_common
                0x0800cffc       0xda /home/breno/.local/share/stm32cube/bundles/gnu-tools-for-stm32/14.3.1+st.2/bin/../lib/gcc/arm-none-eabi/14.3.1/../../../../arm-none-eabi/lib/thumb/v7e-m+fp/hard/libg_nano.a(libc_a-nano-vfprintf_i.o)
                0x0800cffc                _printf_common
 *fill*         0x0800d0d6        0x2 
 .text._printf_i
                0x0800d0d8      0x24c /home/breno/.local/share/stm32cube/bundles/gnu-tools-for-stm32/14.3.1+st.2/bin/../lib/gcc/arm-none-eabi/14.3.1/../../../../arm-none-eabi/lib/thumb/v7e-m+fp/hard/libg_nano.a(libc_a-nano-vfprintf_i.o)
                0x0800d0d8                _printf_i
 .text.std      0x0800d324       0x6c /home/breno/.local/share/stm32cube/bundles/gnu-tools-for-stm32/14.3.1+st.2/bin/../lib/gcc/arm-none-eabi/14.3.1/../../../../arm-none-eabi/lib/thumb/v7e-m+fp/hard/libg_nano.a(libc_a-findfp.o)
 .text.stdio_exit_handler
                0x0800d390       0x18 /home/breno/.local/share/stm32cube/bundles/gnu-tools-for-stm32/14.3.1+st.2/bin/../lib/gcc/arm-none-eabi/14.3.1/../../../../arm-none-eabi/lib/thumb/v7e-m+fp/hard/libg_nano.a(libc_a-findfp.o)
 .text.cleanup_stdio
                0x0800d3a8       0x40 /home/breno/.local/share/stm32cube/bundles/gnu-tools-for-stm32/14.3.1+st.2/bin/../lib/gcc/arm-none-eabi/14.3.1/../../../../arm-none-eabi/lib/thumb/v7e-m+fp/hard/libg_nano.a(libc_a-findfp.o)
 .text.global_stdio_init.part.0
                0x0800d3e8       0x40 /home/breno/.local/share/stm32cube/bundles/gnu-tools-for-stm32/14.3.1+st.2/bin/../lib/gcc/arm-none-eabi/14.3.1/../../../../arm-none-eabi/lib/thumb/v7e-m+fp/hard/libg_nano.a(libc_a-findfp.o)
 .text.__sfp_lock_acquire
                0x0800d428        0xc /home/breno/.local/share/stm32cube/bundles/gnu-tools-for-stm32/14.3.1+st.2/bin/../lib/gcc/arm-none-eabi/14.3.1/../../../../arm-none-eabi/lib/thumb/v7e-m+fp/hard/libg_nano.a(libc_a-findfp.o)
                0x0800d428                __sfp_lock_acquire
 .text.__sfp_lock_release
                0x0800d434        0xc /home/breno/.local/share/stm32cube/bundles/gnu-tools-for-stm32/14.3.1+st.2/bin/../lib/gcc/arm-none-eabi/14.3.1/../../../../arm-none-eabi/lib/thumb/v7e-m+fp/hard/libg_nano.a(libc_a-findfp.o)
                0x0800d434                __sfp_lock_release
 .text.__sinit  0x0800d440       0x30 /home/breno/.local/share/stm32cube/bundles/gnu-tools-for-stm32/14.3.1+st.2/bin/../lib/gcc/arm-none-eabi/14.3.1/../../../../arm-none-eabi/lib/thumb/v7e-m+fp/hard/libg_nano.a(libc_a-findfp.o)
                0x0800d440                __sinit
 .text._fwalk_sglue
                0x0800d470       0x3c /home/breno/.local/share/stm32cube/bundles/gnu-tools-for-stm32/14.3.1+st.2/bin/../lib/gcc/arm-none-eabi/14.3.1/../../../../arm-none-eabi/lib/thumb/v7e-m+fp/hard/libg_nano.a(libc_a-fwalk.o)
                0x0800d470                _fwalk_sglue
 .text.printf   0x0800d4ac       0x24 /home/breno/.local/share/stm32cube/bundles/gnu-tools-for-stm32/14.3.1+st.2/bin/../lib/gcc/arm-none-eabi/14.3.1/../../../../arm-none-eabi/lib/thumb/v7e-m+fp/hard/libg_nano.a(libc_a-printf.o)
                0x0800d4ac                printf
                0x0800d4ac                iprintf
 .text._puts_r  0x0800d4d0       0xaa /home/breno/.local/share/stm32cube/bundles/gnu-tools-for-stm32/14.3.1+st.2/bin/../lib/gcc/arm-none-eabi/14.3.1/../../../../arm-none-eabi/lib/thumb/v7e-m+fp/hard/libg_nano.a(libc_a-puts.o)
                0x0800d4d0                _puts_r
 *fill*         0x0800d57a        0x2 
 .text.puts     0x0800d57c       0x10 /home/breno/.local/share/stm32cube/bundles/gnu-tools-for-stm32/14.3.1+st.2/bin/../lib/gcc/arm-none-eabi/14.3.1/../../../../arm-none-eabi/lib/thumb/v7e-m+fp/hard/libg_nano.a(libc_a-puts.o)
                0x0800d57c                puts
 .text.setvbuf  0x0800d58c      0x168 /home/breno/.local/share/stm32cube/bundles/gnu-tools-for-stm32/14.3.1+st.2/bin/../lib/gcc/arm-none-eabi/14.3.1/../../../../arm-none-eabi/lib/thumb/v7e-m+fp/hard/libg_nano.a(libc_a-setvbuf.o)
                0x0800d58c                setvbuf
 .text.__sread  0x0800d6f4       0x22 /home/breno/.local/share/stm32cube/bundles/gnu-tools-for-stm32/14.3.1+st.2/bin/../lib/gcc/arm-none-eabi/14.3.1/../../../../arm-none-eabi/lib/thumb/v7e-m+fp/hard/libg_nano.a(libc_a-stdio.o)
                0x0800d6f4                __sread
 .text.__swrite
                0x0800d716       0x38 /home/breno/.local/share/stm32cube/bundles/gnu-tools-for-stm32/14.3.1+st.2/bin/../lib/gcc/arm-none-eabi/14.3.1/../../../../arm-none-eabi/lib/thumb/v7e-m+fp/hard/libg_nano.a(libc_a-stdio.o)
                0x0800d716                __swrite
 .text.__sseek  0x0800d74e       0x26 /home/breno/.local/share/stm32cube/bundles/gnu-tools-for-stm32/14.3.1+st.2/bin/../lib/gcc/arm-none-eabi/14.3.1/../../../../arm-none-eabi/lib/thumb/v7e-m+fp/hard/libg_nano.a(libc_a-stdio.o)
                0x0800d74e                __sseek
 .text.__sclose
                0x0800d774        0x8 /home/breno/.local/share/stm32cube/bundles/gnu-tools-for-stm32/14.3.1+st.2/bin/../lib/gcc/arm-none-eabi/14.3.1/../../../../arm-none-eabi/lib/thumb/v7e-m+fp/hard/libg_nano.a(libc_a-stdio.o)
                0x0800d774                __sclose
 .text.__swbuf_r
                0x0800d77c       0x7c /home/breno/.local/share/stm32cube/bundles/gnu-tools-for-stm32/14.3.1+st.2/bin/../lib/gcc/arm-none-eabi/14.3.1/../../../../arm-none-eabi/lib/thumb/v7e-m+fp/hard/libg_nano.a(libc_a-wbuf.o)
                0x0800d77c                __swbuf_r
 .text.__swsetup_r
                0x0800d7f8       0xa8 /home/breno/.local/share/stm32cube/bundles/gnu-tools-for-stm32/14.3.1+st.2/bin/../lib/gcc/arm-none-eabi/14.3.1/../../../../arm-none-eabi/lib/thumb/v7e-m+fp/hard/libg_nano.a(libc_a-wsetup.o)
                0x0800d7f8                __swsetup_r
 .text.memset   0x0800d8a0       0x10 /home/breno/.local/share/stm32cube/bundles/gnu-tools-for-stm32/14.3.1+st.2/bin/../lib/gcc/arm-none-eabi/14.3.1/../../../../arm-none-eabi/lib/thumb/v7e-m+fp/hard/libg_nano.a(libc_a-memset.o)
                0x0800d8a0                memset
 .text._localeconv_r
                0x0800d8b0        0x8 /home/breno/.local/share/stm32cube/bundles/gnu-tools-for-stm32/14.3.1+st.2/bin/../lib/gcc/arm-none-eabi/14.3.1/../../../../arm-none-eabi/lib/thumb/v7e-m+fp/hard/libg_nano.a(libc_a-localeconv.o)
                0x0800d8b0                _localeconv_r
 .text._close_r
                0x0800d8b8       0x20 /home/breno/.local/share/stm32cube/bundles/gnu-tools-for-stm32/14.3.1+st.2/bin/../lib/gcc/arm-none-eabi/14.3.1/../../../../arm-none-eabi/lib/thumb/v7e-m+fp/hard/libg_nano.a(libc_a-closer.o)
                0x0800d8b8                _close_r
 .text._lseek_r
                0x0800d8d8       0x24 /home/breno/.local/share/stm32cube/bundles/gnu-tools-for-stm32/14.3.1+st.2/bin/../lib/gcc/arm-none-eabi/14.3.1/../../../../arm-none-eabi/lib/thumb/v7e-m+fp/hard/libg_nano.a(libc_a-lseekr.o)
                0x0800d8d8                _lseek_r
 .text._read_r  0x0800d8fc       0x24 /home/breno/.local/share/stm32cube/bundles/gnu-tools-for-stm32/14.3.1+st.2/bin/../lib/gcc/arm-none-eabi/14.3.1/../../../../arm-none-eabi/lib/thumb/v7e-m+fp/hard/libg_nano.a(libc_a-readr.o)
                0x0800d8fc                _read_r
 .text._write_r
                0x0800d920       0x24 /home/breno/.local/share/stm32cube/bundles/gnu-tools-for-stm32/14.3.1+st.2/bin/../lib/gcc/arm-none-eabi/14.3.1/../../../../arm-none-eabi/lib/thumb/v7e-m+fp/hard/libg_nano.a(libc_a-writer.o)
                0x0800d920                _write_r
 .text.__errno  0x0800d944        0xc /home/breno/.local/share/stm32cube/bundles/gnu-tools-for-stm32/14.3.1+st.2/bin/../lib/gcc/arm-none-eabi/14.3.1/../../../../arm-none-eabi/lib/thumb/v7e-m+fp/hard/libg_nano.a(libc_a-errno.o)
                0x0800d944                __errno
 .text.__libc_init_array
                0x0800d950       0x48 /home/breno/.local/share/stm32cube/bundles/gnu-tools-for-stm32/14.3.1+st.2/bin/../lib/gcc/arm-none-eabi/14.3.1/../../../../arm-none-eabi/lib/thumb/v7e-m+fp/hard/libg_nano.a(libc_a-init.o)
                0x0800d950                __libc_init_array
 .text.__retarget_lock_init_recursive
                0x0800d998        0x2 /home/breno/.local/share/stm32cube/bundles/gnu-tools-for-stm32/14.3.1+st.2/bin/../lib/gcc/arm-none-eabi/14.3.1/../../../../arm-none-eabi/lib/thumb/v7e-m+fp/hard/libg_nano.a(libc_a-lock.o)
                0x0800d998                __retarget_lock_init_recursive
 .text.__retarget_lock_acquire_recursive
                0x0800d99a        0x2 /home/breno/.local/share/stm32cube/bundles/gnu-tools-for-stm32/14.3.1+st.2/bin/../lib/gcc/arm-none-eabi/14.3.1/../../../../arm-none-eabi/lib/thumb/v7e-m+fp/hard/libg_nano.a(libc_a-lock.o)
                0x0800d99a                __retarget_lock_acquire_recursive
 .text.__retarget_lock_release_recursive
                0x0800d99c        0x2 /home/breno/.local/share/stm32cube/bundles/gnu-tools-for-stm32/14.3.1+st.2/bin/../lib/gcc/arm-none-eabi/14.3.1/../../../../arm-none-eabi/lib/thumb/v7e-m+fp/hard/libg_nano.a(libc_a-lock.o)
                0x0800d99c                __retarget_lock_release_recursive
 .text.memcpy   0x0800d99e       0x1c /home/breno/.local/share/stm32cube/bundles/gnu-tools-for-stm32/14.3.1+st.2/bin/../lib/gcc/arm-none-eabi/14.3.1/../../../../arm-none-eabi/lib/thumb/v7e-m+fp/hard/libg_nano.a(libc_a-memcpy-stub.o)
                0x0800d99e                memcpy
 .text.quorem   0x0800d9ba      0x110 /home/breno/.local/share/stm32cube/bundles/gnu-tools-for-stm32/14.3.1+st.2/bin/../lib/gcc/arm-none-eabi/14.3.1/../../../../arm-none-eabi/lib/thumb/v7e-m+fp/hard/libg_nano.a(libc_a-dtoa.o)
 *fill*         0x0800daca        0x6 
 .text._dtoa_r  0x0800dad0      0xbb8 /home/breno/.local/share/stm32cube/bundles/gnu-tools-for-stm32/14.3.1+st.2/bin/../lib/gcc/arm-none-eabi/14.3.1/../../../../arm-none-eabi/lib/thumb/v7e-m+fp/hard/libg_nano.a(libc_a-dtoa.o)
                0x0800dad0                _dtoa_r
 .text._free_r  0x0800e688       0x94 /home/breno/.local/share/stm32cube/bundles/gnu-tools-for-stm32/14.3.1+st.2/bin/../lib/gcc/arm-none-eabi/14.3.1/../../../../arm-none-eabi/lib/thumb/v7e-m+fp/hard/libg_nano.a(libc_a-freer.o)
                0x0800e688                _free_r
 .text.malloc   0x0800e71c       0x10 /home/breno/.local/share/stm32cube/bundles/gnu-tools-for-stm32/14.3.1+st.2/bin/../lib/gcc/arm-none-eabi/14.3.1/../../../../arm-none-eabi/lib/thumb/v7e-m+fp/hard/libg_nano.a(libc_a-malloc.o)
                0x0800e71c                malloc
 .text.sbrk_aligned
                0x0800e72c       0x44 /home/breno/.local/share/stm32cube/bundles/gnu-tools-for-stm32/14.3.1+st.2/bin/../lib/gcc/arm-none-eabi/14.3.1/../../../../arm-none-eabi/lib/thumb/v7e-m+fp/hard/libg_nano.a(libc_a-mallocr.o)
 .text._malloc_r
                0x0800e770      0x100 /home/breno/.local/share/stm32cube/bundles/gnu-tools-for-stm32/14.3.1+st.2/bin/../lib/gcc/arm-none-eabi/14.3.1/../../../../arm-none-eabi/lib/thumb/v7e-m+fp/hard/libg_nano.a(libc_a-mallocr.o)
                0x0800e770                _malloc_r
 .text.__malloc_lock
                0x0800e870        0xc /home/breno/.local/share/stm32cube/bundles/gnu-tools-for-stm32/14.3.1+st.2/bin/../lib/gcc/arm-none-eabi/14.3.1/../../../../arm-none-eabi/lib/thumb/v7e-m+fp/hard/libg_nano.a(libc_a-mlock.o)
                0x0800e870                __malloc_lock
 .text.__malloc_unlock
                0x0800e87c        0xc /home/breno/.local/share/stm32cube/bundles/gnu-tools-for-stm32/14.3.1+st.2/bin/../lib/gcc/arm-none-eabi/14.3.1/../../../../arm-none-eabi/lib/thumb/v7e-m+fp/hard/libg_nano.a(libc_a-mlock.o)
                0x0800e87c                __malloc_unlock
 .text._Balloc  0x0800e888       0x7c /home/breno/.local/share/stm32cube/bundles/gnu-tools-for-stm32/14.3.1+st.2/bin/../lib/gcc/arm-none-eabi/14.3.1/../../../../arm-none-eabi/lib/thumb/v7e-m+fp/hard/libg_nano.a(libc_a-mprec.o)
                0x0800e888                _Balloc
 .text._Bfree   0x0800e904       0x44 /home/breno/.local/share/stm32cube/bundles/gnu-tools-for-stm32/14.3.1+st.2/bin/../lib/gcc/arm-none-eabi/14.3.1/../../../../arm-none-eabi/lib/thumb/v7e-m+fp/hard/libg_nano.a(libc_a-mprec.o)
                0x0800e904                _Bfree
 .text.__multadd
                0x0800e948       0x8c /home/breno/.local/share/stm32cube/bundles/gnu-tools-for-stm32/14.3.1+st.2/bin/../lib/gcc/arm-none-eabi/14.3.1/../../../../arm-none-eabi/lib/thumb/v7e-m+fp/hard/libg_nano.a(libc_a-mprec.o)
                0x0800e948                __multadd
 .text.__hi0bits
                0x0800e9d4       0x3e /home/breno/.local/share/stm32cube/bundles/gnu-tools-for-stm32/14.3.1+st.2/bin/../lib/gcc/arm-none-eabi/14.3.1/../../../../arm-none-eabi/lib/thumb/v7e-m+fp/hard/libg_nano.a(libc_a-mprec.o)
                0x0800e9d4                __hi0bits
 .text.__lo0bits
                0x0800ea12       0x5a /home/breno/.local/share/stm32cube/bundles/gnu-tools-for-stm32/14.3.1+st.2/bin/../lib/gcc/arm-none-eabi/14.3.1/../../../../arm-none-eabi/lib/thumb/v7e-m+fp/hard/libg_nano.a(libc_a-mprec.o)
                0x0800ea12                __lo0bits
 .text.__i2b    0x0800ea6c       0x2c /home/breno/.local/share/stm32cube/bundles/gnu-tools-for-stm32/14.3.1+st.2/bin/../lib/gcc/arm-none-eabi/14.3.1/../../../../arm-none-eabi/lib/thumb/v7e-m+fp/hard/libg_nano.a(libc_a-mprec.o)
                0x0800ea6c                __i2b
 .text.__multiply
                0x0800ea98      0x154 /home/breno/.local/share/stm32cube/bundles/gnu-tools-for-stm32/14.3.1+st.2/bin/../lib/gcc/arm-none-eabi/14.3.1/../../../../arm-none-eabi/lib/thumb/v7e-m+fp/hard/libg_nano.a(libc_a-mprec.o)
                0x0800ea98                __multiply
 .text.__pow5mult
                0x0800ebec       0xb8 /home/breno/.local/share/stm32cube/bundles/gnu-tools-for-stm32/14.3.1+st.2/bin/../lib/gcc/arm-none-eabi/14.3.1/../../../../arm-none-eabi/lib/thumb/v7e-m+fp/hard/libg_nano.a(libc_a-mprec.o)
                0x0800ebec                __pow5mult
 .text.__lshift
                0x0800eca4       0xdc /home/breno/.local/share/stm32cube/bundles/gnu-tools-for-stm32/14.3.1+st.2/bin/../lib/gcc/arm-none-eabi/14.3.1/../../../../arm-none-eabi/lib/thumb/v7e-m+fp/hard/libg_nano.a(libc_a-mprec.o)
                0x0800eca4                __lshift
 .text.__mcmp   0x0800ed80       0x36 /home/breno/.local/share/stm32cube/bundles/gnu-tools-for-stm32/14.3.1+st.2/bin/../lib/gcc/arm-none-eabi/14.3.1/../../../../arm-none-eabi/lib/thumb/v7e-m+fp/hard/libg_nano.a(libc_a-mprec.o)
                0x0800ed80                __mcmp
 *fill*         0x0800edb6        0x2 
 .text.__mdiff  0x0800edb8      0x130 /home/breno/.local/share/stm32cube/bundles/gnu-tools-for-stm32/14.3.1+st.2/bin/../lib/gcc/arm-none-eabi/14.3.1/../../../../arm-none-eabi/lib/thumb/v7e-m+fp/hard/libg_nano.a(libc_a-mprec.o)
                0x0800edb8                __mdiff
 .text.__d2b    0x0800eee8       0xb0 /home/breno/.local/share/stm32cube/bundles/gnu-tools-for-stm32/14.3.1+st.2/bin/../lib/gcc/arm-none-eabi/14.3.1/../../../../arm-none-eabi/lib/thumb/v7e-m+fp/hard/libg_nano.a(libc_a-mprec.o)
                0x0800eee8                __d2b
 .text.__sfputc_r
                0x0800ef98       0x2e /home/breno/.local/share/stm32cube/bundles/gnu-tools-for-stm32/14.3.1+st.2/bin/../lib/gcc/arm-none-eabi/14.3.1/../../../../arm-none-eabi/lib/thumb/v7e-m+fp/hard/libg_nano.a(libc_a-nano-vfprintf.o)
 .text.__sfputs_r
                0x0800efc6       0x24 /home/breno/.local/share/stm32cube/bundles/gnu-tools-for-stm32/14.3.1+st.2/bin/../lib/gcc/arm-none-eabi/14.3.1/../../../../arm-none-eabi/lib/thumb/v7e-m+fp/hard/libg_nano.a(libc_a-nano-vfprintf.o)
                0x0800efc6                __sfputs_r
 *fill*         0x0800efea        0x2 
 .text._vfprintf_r
                0x0800efec      0x228 /home/breno/.local/share/stm32cube/bundles/gnu-tools-for-stm32/14.3.1+st.2/bin/../lib/gcc/arm-none-eabi/14.3.1/../../../../arm-none-eabi/lib/thumb/v7e-m+fp/hard/libg_nano.a(libc_a-nano-vfprintf.o)
                0x0800efec                _vfiprintf_r
                0x0800efec                _vfprintf_r
 .text.__sflush_r
                0x0800f214      0x104 /home/breno/.local/share/stm32cube/bundles/gnu-tools-for-stm32/14.3.1+st.2/bin/../lib/gcc/arm-none-eabi/14.3.1/../../../../arm-none-eabi/lib/thumb/v7e-m+fp/hard/libg_nano.a(libc_a-fflush.o)
                0x0800f214                __sflush_r
 .text._fflush_r
                0x0800f318       0x50 /home/breno/.local/share/stm32cube/bundles/gnu-tools-for-stm32/14.3.1+st.2/bin/../lib/gcc/arm-none-eabi/14.3.1/../../../../arm-none-eabi/lib/thumb/v7e-m+fp/hard/libg_nano.a(libc_a-fflush.o)
                0x0800f318                _fflush_r
 .text.__swhatbuf_r
                0x0800f368       0x48 /home/breno/.local/share/stm32cube/bundles/gnu-tools-for-stm32/14.3.1+st.2/bin/../lib/gcc/arm-none-eabi/14.3.1/../../../../arm-none-eabi/lib/thumb/v7e-m+fp/hard/libg_nano.a(libc_a-makebuf.o)
                0x0800f368                __swhatbuf_r
 .text.__smakebuf_r
                0x0800f3b0       0x72 /home/breno/.local/share/stm32cube/bundles/gnu-tools-for-stm32/14.3.1+st.2/bin/../lib/gcc/arm-none-eabi/14.3.1/../../../../arm-none-eabi/lib/thumb/v7e-m+fp/hard/libg_nano.a(libc_a-makebuf.o)
                0x0800f3b0                __smakebuf_r
 *fill*         0x0800f422        0x2 
 .text._fstat_r
                0x0800f424       0x24 /home/breno/.local/share/stm32cube/bundles/gnu-tools-for-stm32/14.3.1+st.2/bin/../lib/gcc/arm-none-eabi/14.3.1/../../../../arm-none-eabi/lib/thumb/v7e-m+fp/hard/libg_nano.a(libc_a-fstatr.o)
                0x0800f424                _fstat_r
 .text._isatty_r
                0x0800f448       0x20 /home/breno/.local/share/stm32cube/bundles/gnu-tools-for-stm32/14.3.1+st.2/bin/../lib/gcc/arm-none-eabi/14.3.1/../../../../arm-none-eabi/lib/thumb/v7e-m+fp/hard/libg_nano.a(libc_a-isattyr.o)
                0x0800f448                _isatty_r
 .text._sbrk_r  0x0800f468       0x20 /home/breno/.local/share/stm32cube/bundles/gnu-tools-for-stm32/14.3.1+st.2/bin/../lib/gcc/arm-none-eabi/14.3.1/../../../../arm-none-eabi/lib/thumb/v7e-m+fp/hard/libg_nano.a(libc_a-sbrkr.o)
                0x0800f468                _sbrk_r
 .text.__assert_func
                0x0800f488       0x3c /home/breno/.local/share/stm32cube/bundles/gnu-tools-for-stm32/14.3.1+st.2/bin/../lib/gcc/arm-none-eabi/14.3.1/../../../../arm-none-eabi/lib/thumb/v7e-m+fp/hard/libg_nano.a(libc_a-assert.o)
                0x0800f488                __assert_func
 .text._calloc_r
                0x0800f4c4       0x28 /home/breno/.local/share/stm32cube/bundles/gnu-tools-for-stm32/14.3.1+st.2/bin/../lib/gcc/arm-none-eabi/14.3.1/../../../../arm-none-eabi/lib/thumb/v7e-m+fp/hard/libg_nano.a(libc_a-callocr.o)
                0x0800f4c4                _calloc_r
 .text.__ascii_mbtowc
                0x0800f4ec       0x24 /home/breno/.local/share/stm32cube/bundles/gnu-tools-for-stm32/14.3.1+st.2/bin/../lib/gcc/arm-none-eabi/14.3.1/../../../../arm-none-eabi/lib/thumb/v7e-m+fp/hard/libg_nano.a(libc_a-mbtowc_r.o)
                0x0800f4ec                __ascii_mbtowc
 .text.__ascii_wctomb
                0x0800f510       0x1a /home/breno/.local/share/stm32cube/bundles/gnu-tools-for-stm32/14.3.1+st.2/bin/../lib/gcc/arm-none-eabi/14.3.1/../../../../arm-none-eabi/lib/thumb/v7e-m+fp/hard/libg_nano.a(libc_a-wctomb_r.o)
                0x0800f510                __ascii_wctomb
 *fill*         0x0800f52a        0x2 
 .text.fprintf  0x0800f52c       0x24 /home/breno/.local/share/stm32cube/bundles/gnu-tools-for-stm32/14.3.1+st.2/bin/../lib/gcc/arm-none-eabi/14.3.1/../../../../arm-none-eabi/lib/thumb/v7e-m+fp/hard/libg_nano.a(libc_a-fprintf.o)
                0x0800f52c                fprintf
                0x0800f52c                fiprintf
 .text.abort    0x0800f550        0xe /home/breno/.local/share/stm32cube/bundles/gnu-tools-for-stm32/14.3.1+st.2/bin/../lib/gcc/arm-none-eabi/14.3.1/../../../../arm-none-eabi/lib/thumb/v7e-m+fp/hard/libg_nano.a(libc_a-abort.o)
                0x0800f550                abort
 .text._raise_r
                0x0800f55e       0x50 /home/breno/.local/share/stm32cube/bundles/gnu-tools-for-stm32/14.3.1+st.2/bin/../lib/gcc/arm-none-eabi/14.3.1/../../../../arm-none-eabi/lib/thumb/v7e-m+fp/hard/libg_nano.a(libc_a-signal.o)
                0x0800f55e                _raise_r
 *fill*         0x0800f5ae        0x2 
 .text.raise    0x0800f5b0       0x10 /home/breno/.local/share/stm32cube/bundles/gnu-tools-for-stm32/14.3.1+st.2/bin/../lib/gcc/arm-none-eabi/14.3.1/../../../../arm-none-eabi/lib/thumb/v7e-m+fp/hard/libg_nano.a(libc_a-signal.o)
                0x0800f5b0                raise
 .text._kill_r  0x0800f5c0       0x24 /home/breno/.local/share/stm32cube/bundles/gnu-tools-for-stm32/14.3.1+st.2/bin/../lib/gcc/arm-none-eabi/14.3.1/../../../../arm-none-eabi/lib/thumb/v7e-m+fp/hard/libg_nano.a(libc_a-signalr.o)
                0x0800f5c0                _kill_r
 .text._getpid_r
                0x0800f5e4        0x4 /home/breno/.local/share/stm32cube/bundles/gnu-tools-for-stm32/14.3.1+st.2/bin/../lib/gcc/arm-none-eabi/14.3.1/../../../../arm-none-eabi/lib/thumb/v7e-m+fp/hard/libg_nano.a(libc_a-signalr.o)
                0x0800f5e4                _getpid_r
 *(.glue_7)
 .glue_7        0x0800f5e8        0x0 linker stubs
 *(.glue_7t)
 .glue_7t       0x0800f5e8        0x0 linker stubs
 *(.eh_frame)